Archive member included because of file (symbol)

..\..\..\libs\libarm_cortexm4lf_math.a(arm_fill_q15.o)
                              ..\obj\audio_driver.o (arm_fill_q15)
..\..\..\libs\libarm_cortexm4lf_math.a(arm_fill_f32.o)
                              ..\obj\audio_driver.o (arm_fill_f32)
..\..\..\libs\libarm_cortexm4lf_math.a(arm_copy_q15.o)
                              ..\obj\ui_driver.o (arm_copy_q15)
..\..\..\libs\libarm_cortexm4lf_math.a(arm_copy_f32.o)
                              ..\obj\audio_driver.o (arm_copy_f32)
..\..\..\libs\libarm_cortexm4lf_math.a(arm_min_q15.o)
                              ..\obj\ui_driver.o (arm_min_q15)
..\..\..\libs\libarm_cortexm4lf_math.a(arm_min_f32.o)
                              ..\obj\audio_driver.o (arm_min_f32)
..\..\..\libs\libarm_cortexm4lf_math.a(arm_mean_q15.o)
                              ..\obj\ui_driver.o (arm_mean_q15)
..\..\..\libs\libarm_cortexm4lf_math.a(arm_mean_f32.o)
                              ..\obj\audio_driver.o (arm_mean_f32)
..\..\..\libs\libarm_cortexm4lf_math.a(arm_max_q15.o)
                              ..\obj\ui_driver.o (arm_max_q15)
..\..\..\libs\libarm_cortexm4lf_math.a(arm_max_f32.o)
                              ..\obj\audio_driver.o (arm_max_f32)
..\..\..\libs\libarm_cortexm4lf_math.a(arm_rfft_init_f32.o)
                              ..\obj\ui_driver.o (arm_rfft_init_f32)
..\..\..\libs\libarm_cortexm4lf_math.a(arm_rfft_f32.o)
                              ..\obj\ui_driver.o (arm_rfft_f32)
..\..\..\libs\libarm_cortexm4lf_math.a(arm_cfft_radix4_init_f32.o)
                              ..\..\..\libs\libarm_cortexm4lf_math.a(arm_rfft_init_f32.o) (arm_cfft_radix4_init_f32)
..\..\..\libs\libarm_cortexm4lf_math.a(arm_cfft_radix4_f32.o)
                              ..\..\..\libs\libarm_cortexm4lf_math.a(arm_rfft_f32.o) (arm_radix4_butterfly_f32)
..\..\..\libs\libarm_cortexm4lf_math.a(arm_lms_norm_init_f32.o)
                              ..\obj\audio_driver.o (arm_lms_norm_init_f32)
..\..\..\libs\libarm_cortexm4lf_math.a(arm_lms_norm_f32.o)
                              ..\obj\audio_driver.o (arm_lms_norm_f32)
..\..\..\libs\libarm_cortexm4lf_math.a(arm_iir_lattice_f32.o)
                              ..\obj\audio_driver.o (arm_iir_lattice_f32)
..\..\..\libs\libarm_cortexm4lf_math.a(arm_fir_interpolate_f32.o)
                              ..\obj\audio_driver.o (arm_fir_interpolate_f32)
..\..\..\libs\libarm_cortexm4lf_math.a(arm_fir_init_f32.o)
                              ..\obj\ui_driver.o (arm_fir_init_f32)
..\..\..\libs\libarm_cortexm4lf_math.a(arm_fir_f32.o)
                              ..\obj\audio_driver.o (arm_fir_f32)
..\..\..\libs\libarm_cortexm4lf_math.a(arm_fir_decimate_f32.o)
                              ..\obj\audio_driver.o (arm_fir_decimate_f32)
..\..\..\libs\libarm_cortexm4lf_math.a(arm_cmplx_mag_f32.o)
                              ..\obj\ui_driver.o (arm_cmplx_mag_f32)
..\..\..\libs\libarm_cortexm4lf_math.a(arm_sin_f32.o)
                              ..\obj\audio_driver.o (arm_sin_f32)
..\..\..\libs\libarm_cortexm4lf_math.a(arm_cos_f32.o)
                              ..\obj\audio_driver.o (arm_cos_f32)
..\..\..\libs\libarm_cortexm4lf_math.a(arm_sub_f32.o)
                              ..\obj\audio_driver.o (arm_sub_f32)
..\..\..\libs\libarm_cortexm4lf_math.a(arm_scale_f32.o)
                              ..\obj\audio_driver.o (arm_scale_f32)
..\..\..\libs\libarm_cortexm4lf_math.a(arm_offset_f32.o)
                              ..\obj\audio_driver.o (arm_offset_f32)
..\..\..\libs\libarm_cortexm4lf_math.a(arm_negate_f32.o)
                              ..\obj\audio_driver.o (arm_negate_f32)
..\..\..\libs\libarm_cortexm4lf_math.a(arm_mult_f32.o)
                              ..\obj\audio_driver.o (arm_mult_f32)
..\..\..\libs\libarm_cortexm4lf_math.a(arm_add_f32.o)
                              ..\obj\audio_driver.o (arm_add_f32)
..\..\..\libs\libarm_cortexm4lf_math.a(arm_common_tables.o)
                              ..\..\..\libs\libarm_cortexm4lf_math.a(arm_cfft_radix4_init_f32.o) (armBitRevTable)
..\..\..\libs\libm.a(lib_a-s_pow10.o)
                              ..\obj\ui_driver.o (pow10)
..\..\..\libs\libm.a(lib_a-sf_ceil.o)
                              ..\obj\ui_si570.o (ceilf)
..\..\..\libs\libm.a(lib_a-sf_floor.o)
                              ..\obj\ui_si570.o (floorf)
..\..\..\libs\libm.a(lib_a-sf_round.o)
                              ..\obj\ui_lcd_hy28.o (roundf)
..\..\..\libs\libm.a(lib_a-sf_trunc.o)
                              ..\obj\ui_driver.o (truncf)
..\..\..\libs\libm.a(lib_a-w_log10.o)
                              ..\obj\ui_driver.o (log10)
..\..\..\libs\libm.a(lib_a-w_pow.o)
                              ..\obj\ui_driver.o (pow)
..\..\..\libs\libm.a(lib_a-w_sqrt.o)
                              ..\obj\ui_driver.o (sqrt)
..\..\..\libs\libm.a(lib_a-wf_log10.o)
[...]
Memory Configuration

Name             Origin             Length             Attributes
rom              0x08010000         0x00070000         xr
ram              0x20000000         0x00020000         xrw
ram1             0x10000000         0x00010000         xrw
*default*        0x00000000         0xffffffff

Linker script and memory map

                0x20020000                _eram = 0x20020000

.text           0x08010000    0x46aac
 *(.isr_vector)
 .isr_vector    0x08010000      0x188 ..\obj\startup_stm32f4xx.o
                0x08010000                g_pfnVectors
 *(.text*)
 .text.SYSCFG_EXTILineConfig
                0x08010188       0x38 ..\obj\stm32f4xx_syscfg.o
                0x08010188                SYSCFG_EXTILineConfig
 .text.USB_OTG_WritePacket
                0x080101c0       0x54 ..\obj\usb_core.o
                0x080101c0                USB_OTG_WritePacket
 .text.USB_OTG_ReadPacket
                0x08010214       0x50 ..\obj\usb_core.o
                0x08010214                USB_OTG_ReadPacket
 .text.USB_OTG_SelectCore
                0x08010264      0x1f0 ..\obj\usb_core.o
                0x08010264                USB_OTG_SelectCore
 .text.USB_OTG_CoreInit
                0x08010454      0x190 ..\obj\usb_core.o
                0x08010454                USB_OTG_CoreInit
 .text.USB_OTG_EnableGlobalInt
                0x080105e4       0x10 ..\obj\usb_core.o
                0x080105e4                USB_OTG_EnableGlobalInt
 .text.USB_OTG_DisableGlobalInt
                0x080105f4       0x10 ..\obj\usb_core.o
                0x080105f4                USB_OTG_DisableGlobalInt
 .text.USB_OTG_FlushTxFifo
                0x08010604       0x58 ..\obj\usb_core.o
                0x08010604                USB_OTG_FlushTxFifo
 .text.USB_OTG_SetCurrentMode
                0x0801065c       0x2c ..\obj\usb_core.o
                0x0801065c                USB_OTG_SetCurrentMode
 .text.USB_OTG_IsDeviceMode
                0x08010688       0x10 ..\obj\usb_core.o
                0x08010688                USB_OTG_IsDeviceMode
 .text.USB_OTG_ReadCoreItr
                0x08010698        0xc ..\obj\usb_core.o
                0x08010698                USB_OTG_ReadCoreItr
 .text.USB_OTG_CoreInitDev
                0x080106a4      0x180 ..\obj\usb_core.o
                0x080106a4                USB_OTG_CoreInitDev
 .text.USB_OTG_GetDeviceSpeed
                0x08010824       0x1c ..\obj\usb_core.o
                0x08010824                USB_OTG_GetDeviceSpeed
 .text.USB_OTG_EP0Activate
                0x08010840       0x2c ..\obj\usb_core.o
                0x08010840                USB_OTG_EP0Activate
 .text.USB_OTG_EPActivate
                0x0801086c       0x68 ..\obj\usb_core.o
                0x0801086c                USB_OTG_EPActivate
 .text.USB_OTG_EPDeactivate
                0x080108d4       0x48 ..\obj\usb_core.o
                0x080108d4                USB_OTG_EPDeactivate
 .text.USB_OTG_EPStartXfer
                0x0801091c      0x174 ..\obj\usb_core.o
                0x0801091c                USB_OTG_EPStartXfer
 .text.USB_OTG_EP0StartXfer
                0x08010a90      0x100 ..\obj\usb_core.o
                0x08010a90                USB_OTG_EP0StartXfer
 .text.USB_OTG_EPSetStall
                0x08010b90       0x38 ..\obj\usb_core.o
                0x08010b90                USB_OTG_EPSetStall
 .text.USB_OTG_EPClearStall
                0x08010bc8       0x28 ..\obj\usb_core.o
                0x08010bc8                USB_OTG_EPClearStall
 .text.USB_OTG_ReadDevAllOutEp_itr
                0x08010bf0        0xc ..\obj\usb_core.o
                0x08010bf0                USB_OTG_ReadDevAllOutEp_itr
 .text.USB_OTG_ReadDevOutEP_itr
                0x08010bfc       0x10 ..\obj\usb_core.o
                0x08010bfc                USB_OTG_ReadDevOutEP_itr
 .text.USB_OTG_ReadDevAllInEPItr
                0x08010c0c        0xc ..\obj\usb_core.o
                0x08010c0c                USB_OTG_ReadDevAllInEPItr
 .text.USB_OTG_EP0_OutStart
                0x08010c18       0x3c ..\obj\usb_core.o
                0x08010c18                USB_OTG_EP0_OutStart
 .text.UiRotaryFreqEncoderInit
                0x08010c54       0x98 ..\obj\ui_rotary.o
                0x08010c54                UiRotaryFreqEncoderInit
 .text.UiRotaryEncoderOneInit
                0x08010cec       0x98 ..\obj\ui_rotary.o
                0x08010cec                UiRotaryEncoderOneInit
 .text.UiRotaryEncoderTwoInit
                0x08010d84       0x9c ..\obj\ui_rotary.o
                0x08010d84                UiRotaryEncoderTwoInit
 .text.UiRotaryEncoderThreeInit
                0x08010e20       0x90 ..\obj\ui_rotary.o
                0x08010e20                UiRotaryEncoderThreeInit
 .text.USBD_USR_Init
                0x08010eb0        0x4 ..\obj\usbd_usr.o
                0x08010eb0                USBD_USR_Init
 .text.USBD_USR_DeviceReset
                0x08010eb4        0x4 ..\obj\usbd_usr.o
                0x08010eb4                USBD_USR_DeviceReset
 .text.USBD_USR_DeviceConfigured
                0x08010eb8        0x4 ..\obj\usbd_usr.o
                0x08010eb8                USBD_USR_DeviceConfigured
 .text.USBD_USR_DeviceSuspended
                0x08010ebc        0x4 ..\obj\usbd_usr.o
                0x08010ebc                USBD_USR_DeviceSuspended
 .text.USBD_USR_DeviceResumed
                0x08010ec0        0x4 ..\obj\usbd_usr.o
                0x08010ec0                USBD_USR_DeviceResumed
 .text.USBD_USR_DeviceConnected
                0x08010ec4        0x4 ..\obj\usbd_usr.o
                0x08010ec4                USBD_USR_DeviceConnected
 .text.USBD_USR_DeviceDisconnected
                0x08010ec8        0x4 ..\obj\usbd_usr.o
                0x08010ec8                USBD_USR_DeviceDisconnected
 .text.mchf_hw_i2c_init
                0x08010ecc       0xa4 ..\obj\mchf_hw_i2c.o
                0x08010ecc                mchf_hw_i2c_init
 .text.mchf_hw_i2c_reset
                0x08010f70      0x108 ..\obj\mchf_hw_i2c.o
                0x08010f70                mchf_hw_i2c_reset
 .text.mchf_hw_i2c_WriteRegister
                0x08011078      0x178 ..\obj\mchf_hw_i2c.o
                0x08011078                mchf_hw_i2c_WriteRegister
 .text.mchf_hw_i2c_WriteBlock
                0x080111f0      0x170 ..\obj\mchf_hw_i2c.o
                0x080111f0                mchf_hw_i2c_WriteBlock
 .text.mchf_hw_i2c_ReadRegister
                0x08011360      0x22c ..\obj\mchf_hw_i2c.o
                0x08011360                mchf_hw_i2c_ReadRegister
 .text.mchf_hw_i2c_ReadData
                0x0801158c      0x37c ..\obj\mchf_hw_i2c.o
                0x0801158c                mchf_hw_i2c_ReadData
 .text.TIM2_IRQHandler
                0x08011908        0x4 ..\obj\keyb_driver.o
                0x08011908                TIM2_IRQHandler
 .text.OTG_HS_IRQHandler
                0x0801190c        0x4 ..\obj\keyb_driver.o
                0x0801190c                OTG_HS_IRQHandler
 .text.DAC_Init
                0x08011910       0x38 ..\obj\stm32f4xx_dac.o
                0x08011910                DAC_Init
 .text.DAC_Cmd  0x08011948       0x28 ..\obj\stm32f4xx_dac.o
                0x08011948                DAC_Cmd
 .text.DAC_SetChannel1Data
                0x08011970       0x20 ..\obj\stm32f4xx_dac.o
                0x08011970                DAC_SetChannel1Data
 .text.DAC_SetChannel2Data
                0x08011990       0x20 ..\obj\stm32f4xx_dac.o
                0x08011990                DAC_SetChannel2Data
 .text.Default_Handler
                0x080119b0        0x4 ..\obj\startup_stm32f4xx.o
                0x080119b0                RTC_Alarm_IRQHandler
                0x080119b0                HASH_RNG_IRQHandler
                0x080119b0                EXTI2_IRQHandler
                0x080119b0                TIM8_CC_IRQHandler
                0x080119b0                TIM1_CC_IRQHandler
                0x080119b0                DMA2_Stream5_IRQHandler
                0x080119b0                DMA1_Stream5_IRQHandler
                0x080119b0                PVD_IRQHandler
                0x080119b0                SDIO_IRQHandler
                0x080119b0                TAMP_STAMP_IRQHandler
                0x080119b0                PendSV_Handler
                0x080119b0                CAN2_RX1_IRQHandler
                0x080119b0                EXTI3_IRQHandler
                0x080119b0                TIM8_TRG_COM_TIM14_IRQHandler
                0x080119b0                TIM1_UP_TIM10_IRQHandler
                0x080119b0                TIM8_UP_TIM13_IRQHandler
                0x080119b0                I2C3_ER_IRQHandler
                0x080119b0                I2C2_EV_IRQHandler
                0x080119b0                CAN1_RX0_IRQHandler
                0x080119b0                FPU_IRQHandler
                0x080119b0                OTG_HS_WKUP_IRQHandler
                0x080119b0                CAN2_SCE_IRQHandler
                0x080119b0                DMA2_Stream2_IRQHandler
                0x080119b0                SPI1_IRQHandler
                0x080119b0                TIM6_DAC_IRQHandler
                0x080119b0                TIM1_BRK_TIM9_IRQHandler
                0x080119b0                DCMI_IRQHandler
                0x080119b0                CAN2_RX0_IRQHandler
                0x080119b0                DMA2_Stream3_IRQHandler
                0x080119b0                USART6_IRQHandler
                0x080119b0                USART3_IRQHandler
                0x080119b0                CRYP_IRQHandler
                0x080119b0                CAN1_RX1_IRQHandler
                0x080119b0                UART5_IRQHandler
                0x080119b0                DMA2_Stream0_IRQHandler
                0x080119b0                TIM4_IRQHandler
                0x080119b0                I2C1_EV_IRQHandler
                0x080119b0                DMA1_Stream6_IRQHandler
                0x080119b0                DMA1_Stream1_IRQHandler
                0x080119b0                UART4_IRQHandler
                0x080119b0                TIM3_IRQHandler
                0x080119b0                RCC_IRQHandler
                0x080119b0                TIM8_BRK_TIM12_IRQHandler
                0x080119b0                ADC_IRQHandler
                0x080119b0                DMA1_Stream7_IRQHandler
                0x080119b0                TIM7_IRQHandler
                0x080119b0                CAN2_TX_IRQHandler
                0x080119b0                TIM5_IRQHandler
                0x080119b0                DMA2_Stream7_IRQHandler
                0x080119b0                I2C3_EV_IRQHandler
                0x080119b0                EXTI9_5_IRQHandler
                0x080119b0                RTC_WKUP_IRQHandler
                0x080119b0                ETH_WKUP_IRQHandler
                0x080119b0                SPI2_IRQHandler
                0x080119b0                OTG_HS_EP1_IN_IRQHandler
                0x080119b0                DMA1_Stream0_IRQHandler
                0x080119b0                CAN1_TX_IRQHandler
                0x080119b0                EXTI4_IRQHandler
                0x080119b0                FSMC_IRQHandler
                0x080119b0                ETH_IRQHandler
                0x080119b0                OTG_HS_EP1_OUT_IRQHandler
                0x080119b0                WWDG_IRQHandler
                0x080119b0                OTG_FS_WKUP_IRQHandler
                0x080119b0                TIM1_TRG_COM_TIM11_IRQHandler
                0x080119b0                USART2_IRQHandler
                0x080119b0                I2C2_ER_IRQHandler
                0x080119b0                DMA2_Stream1_IRQHandler
                0x080119b0                CAN1_SCE_IRQHandler
                0x080119b0                FLASH_IRQHandler
                0x080119b0                DMA2_Stream4_IRQHandler
                0x080119b0                USART1_IRQHandler
                0x080119b0                SPI3_IRQHandler
                0x080119b0                DMA1_Stream4_IRQHandler
                0x080119b0                I2C1_ER_IRQHandler
                0x080119b0                DMA2_Stream6_IRQHandler
                0x080119b0                DMA1_Stream3_IRQHandler
 .text.Default_Reset_Handler
                0x080119b4       0x88 ..\obj\startup_stm32f4xx.o
                0x080119b4                Default_Reset_Handler
                0x080119b4                Reset_Handler
 .text.USBD_Resume
                0x08011a3c       0x18 ..\obj\usbd_core.o
 .text.USBD_Suspend
                0x08011a54       0x1c ..\obj\usbd_core.o
 .text.USBD_SOF
                0x08011a70       0x10 ..\obj\usbd_core.o
 .text.USBD_IsoINIncomplete
                0x08011a80       0x10 ..\obj\usbd_core.o
 .text.USBD_IsoOUTIncomplete
                0x08011a90       0x10 ..\obj\usbd_core.o
 .text.USBD_Reset
                0x08011aa0       0x30 ..\obj\usbd_core.o
 .text.USBD_SetupStage
                0x08011ad0       0x4c ..\obj\usbd_core.o
 .text.USBD_DataInStage
                0x08011b1c       0xbc ..\obj\usbd_core.o
 .text.USBD_DataOutStage
                0x08011bd8       0x7c ..\obj\usbd_core.o
 .text.USBD_Init
                0x08011c54       0x30 ..\obj\usbd_core.o
                0x08011c54                USBD_Init
 .text.USBD_DeInit
                0x08011c84       0x14 ..\obj\usbd_core.o
                0x08011c84                USBD_DeInit
 .text.USBD_SetCfg
                0x08011c98       0x18 ..\obj\usbd_core.o
                0x08011c98                USBD_SetCfg
 .text.USBD_ClrCfg
                0x08011cb0       0x10 ..\obj\usbd_core.o
                0x08011cb0                USBD_ClrCfg
 .text.NVIC_SystemReset
                0x08011cc0       0x24 ..\obj\main.o
 .text.CriticalError
                0x08011ce4        0x8 ..\obj\main.o
                0x08011ce4                CriticalError
 .text.NMI_Handler
                0x08011cec       0x14 ..\obj\main.o
                0x08011cec                NMI_Handler
 .text.HardFault_Handler
                0x08011d00       0x14 ..\obj\main.o
                0x08011d00                HardFault_Handler
 .text.MemManage_Handler
                0x08011d14       0x14 ..\obj\main.o
                0x08011d14                MemManage_Handler
 .text.BusFault_Handler
                0x08011d28       0x14 ..\obj\main.o
                0x08011d28                BusFault_Handler
 .text.UsageFault_Handler
                0x08011d3c       0x14 ..\obj\main.o
                0x08011d3c                UsageFault_Handler
 .text.SVC_Handler
                0x08011d50       0x14 ..\obj\main.o
                0x08011d50                SVC_Handler
 .text.DebugMon_Handler
                0x08011d64       0x14 ..\obj\main.o
                0x08011d64                DebugMon_Handler
 .text.SysTick_Handler
                0x08011d78        0x4 ..\obj\main.o
                0x08011d78                SysTick_Handler
 .text.EXTI0_IRQHandler
                0x08011d7c       0x6c ..\obj\main.o
                0x08011d7c                EXTI0_IRQHandler
 .text.EXTI1_IRQHandler
                0x08011de8       0x38 ..\obj\main.o
                0x08011de8                EXTI1_IRQHandler
 .text.EXTI15_10_IRQHandler
                0x08011e20       0x18 ..\obj\main.o
                0x08011e20                EXTI15_10_IRQHandler
 .text.TransceiverStateInit
                0x08011e38      0x284 ..\obj\main.o
                0x08011e38                TransceiverStateInit
 .text.MiscInit
                0x080120bc       0x18 ..\obj\main.o
                0x080120bc                MiscInit
 .text.startup.main
                0x080120d4       0x54 ..\obj\main.o
                0x080120d4                main
 .text.RCC_MCO2Config
                0x08012128       0x18 ..\obj\stm32f4xx_rcc.o
                0x08012128                RCC_MCO2Config
 .text.RCC_GetClocksFreq
                0x08012140       0x98 ..\obj\stm32f4xx_rcc.o
                0x08012140                RCC_GetClocksFreq
 .text.RCC_AHB1PeriphClockCmd
                0x080121d8       0x1c ..\obj\stm32f4xx_rcc.o
                0x080121d8                RCC_AHB1PeriphClockCmd
 .text.RCC_AHB2PeriphClockCmd
                0x080121f4       0x1c ..\obj\stm32f4xx_rcc.o
                0x080121f4                RCC_AHB2PeriphClockCmd
 .text.RCC_AHB3PeriphClockCmd
                0x08012210       0x1c ..\obj\stm32f4xx_rcc.o
                0x08012210                RCC_AHB3PeriphClockCmd
 .text.RCC_APB1PeriphClockCmd
                0x0801222c       0x1c ..\obj\stm32f4xx_rcc.o
                0x0801222c                RCC_APB1PeriphClockCmd
 .text.RCC_APB2PeriphClockCmd
                0x08012248       0x1c ..\obj\stm32f4xx_rcc.o
                0x08012248                RCC_APB2PeriphClockCmd
 .text.RCC_APB1PeriphResetCmd
                0x08012264       0x1c ..\obj\stm32f4xx_rcc.o
                0x08012264                RCC_APB1PeriphResetCmd
 .text.RCC_APB2PeriphResetCmd
                0x08012280       0x1c ..\obj\stm32f4xx_rcc.o
                0x08012280                RCC_APB2PeriphResetCmd
 .text.Codec_SidetoneSetgain.part.0
                0x0801229c       0xc4 ..\obj\codec.o
 .text.Codec_Reset
                0x08012360       0xec ..\obj\codec.o
                0x08012360                Codec_Reset
 .text.Codec_RX_TX
                0x0801244c      0x404 ..\obj\codec.o
                0x0801244c                Codec_RX_TX
 .text.Codec_SidetoneSetgain
                0x08012850       0x14 ..\obj\codec.o
                0x08012850                Codec_SidetoneSetgain
 .text.Codec_Volume
                0x08012864       0x5c ..\obj\codec.o
                0x08012864                Codec_Volume
 .text.Codec_Mute
                0x080128c0       0x14 ..\obj\codec.o
                0x080128c0                Codec_Mute
 .text.Codec_WriteRegister
                0x080128d4       0x18 ..\obj\codec.o
                0x080128d4                Codec_WriteRegister
 .text.Codec_GPIO_Init
                0x080128ec       0xac ..\obj\codec.o
                0x080128ec                Codec_GPIO_Init
 .text.Codec_Init
                0x08012998       0x60 ..\obj\codec.o
                0x08012998                Codec_Init
 .text.Codec_Line_Gain_Adj
                0x080129f8        0xc ..\obj\codec.o
                0x080129f8                Codec_Line_Gain_Adj
 .text.ADC_Init
                0x08012a04       0x50 ..\obj\stm32f4xx_adc.o
                0x08012a04                ADC_Init
 .text.ADC_StructInit
                0x08012a54       0x14 ..\obj\stm32f4xx_adc.o
                0x08012a54                ADC_StructInit
 .text.ADC_CommonInit
                0x08012a68       0x30 ..\obj\stm32f4xx_adc.o
                0x08012a68                ADC_CommonInit
 .text.ADC_Cmd  0x08012a98       0x14 ..\obj\stm32f4xx_adc.o
                0x08012a98                ADC_Cmd
 .text.ADC_RegularChannelConfig
                0x08012aac       0x9c ..\obj\stm32f4xx_adc.o
                0x08012aac                ADC_RegularChannelConfig
 .text.ADC_SoftwareStartConv
                0x08012b48        0xc ..\obj\stm32f4xx_adc.o
                0x08012b48                ADC_SoftwareStartConv
 .text.ADC_GetConversionValue
                0x08012b54        0x8 ..\obj\stm32f4xx_adc.o
                0x08012b54                ADC_GetConversionValue
 .text.UiLcdHy28_ReadByteSpi
                0x08012b5c       0xa0 ..\obj\ui_lcd_hy28.o
 .text.UiLcdHy28_SendByteSpi.constprop.12
                0x08012bfc       0x44 ..\obj\ui_lcd_hy28.o
 .text.UiLcdHy28_WriteRAM_Prepare.part.2
                0x08012c40      0x130 ..\obj\ui_lcd_hy28.o
 .text.UiLcdHy28_SpiInit
                0x08012d70      0x110 ..\obj\ui_lcd_hy28.o
                0x08012d70                UiLcdHy28_SpiInit
 .text.UiLcdHy28_ParallelInit
                0x08012e80      0x144 ..\obj\ui_lcd_hy28.o
                0x08012e80                UiLcdHy28_ParallelInit
 .text.UiLcdHy28_SendByteSpi
                0x08012fc4       0x48 ..\obj\ui_lcd_hy28.o
                0x08012fc4                UiLcdHy28_SendByteSpi
 .text.UiLcdHy28_WriteIndexSpi
                0x0801300c       0xe4 ..\obj\ui_lcd_hy28.o
                0x0801300c                UiLcdHy28_WriteIndexSpi
 .text.UiLcdHy28_WriteDataSpi
                0x080130f0       0xe4 ..\obj\ui_lcd_hy28.o
                0x080130f0                UiLcdHy28_WriteDataSpi
 .text.UiLcdHy28_DrawChar.constprop.7
                0x080131d4     0x112c ..\obj\ui_lcd_hy28.o
 .text.UiLcdHy28_DrawChar.constprop.6
                0x08014300     0x108c ..\obj\ui_lcd_hy28.o
 .text.UiLcdHy28_LcdClear
                0x0801538c      0x534 ..\obj\ui_lcd_hy28.o
                0x0801538c                UiLcdHy28_LcdClear
 .text.UiLcdHy28_DrawStraightLine.constprop.8
                0x080158c0      0x90c ..\obj\ui_lcd_hy28.o
 .text.UiLcdHy28_DrawStraightLine
                0x080161cc      0xa00 ..\obj\ui_lcd_hy28.o
                0x080161cc                UiLcdHy28_DrawStraightLine
 .text.UiLcdHy28_DrawHorizLineWithGrad
                0x08016bcc      0x60c ..\obj\ui_lcd_hy28.o
                0x08016bcc                UiLcdHy28_DrawHorizLineWithGrad
 .text.UiLcdHy28_DrawEmptyRect
                0x080171d8      0x720 ..\obj\ui_lcd_hy28.o
                0x080171d8                UiLcdHy28_DrawEmptyRect
 .text.UiLcdHy28_DrawBottomButton
                0x080178f8      0x6fc ..\obj\ui_lcd_hy28.o
                0x080178f8                UiLcdHy28_DrawBottomButton
 .text.UiLcdHy28_DrawFullRect
                0x08017ff4      0x760 ..\obj\ui_lcd_hy28.o
                0x08017ff4                UiLcdHy28_DrawFullRect
 .text.UiLcdHy28_OpenBulkWrite
                0x08018754      0xa90 ..\obj\ui_lcd_hy28.o
                0x08018754                UiLcdHy28_OpenBulkWrite
 .text.UiLcdHy28_BulkWrite
                0x080191e4       0xb0 ..\obj\ui_lcd_hy28.o
                0x080191e4                UiLcdHy28_BulkWrite
 .text.UiLcdHy28_CloseBulkWrite
                0x08019294      0x710 ..\obj\ui_lcd_hy28.o
                0x08019294                UiLcdHy28_CloseBulkWrite
 .text.UiLcdHy28_DrawChar
                0x080199a4     0x114c ..\obj\ui_lcd_hy28.o
                0x080199a4                UiLcdHy28_DrawChar
 .text.UiLcdHy28_PrintText
                0x0801aaf0      0x100 ..\obj\ui_lcd_hy28.o
                0x0801aaf0                UiLcdHy28_PrintText
 .text.UiLcdHy28_DrawSpectrum_Interleaved
                0x0801abf0     0x1810 ..\obj\ui_lcd_hy28.o
                0x0801abf0                UiLcdHy28_DrawSpectrum_Interleaved
 .text.UiLcdHy28_InitA
                0x0801c400     0x196c ..\obj\ui_lcd_hy28.o
                0x0801c400                UiLcdHy28_InitA
 .text.UiLcdHy28_Init
                0x0801dd6c      0x148 ..\obj\ui_lcd_hy28.o
                0x0801dd6c                UiLcdHy28_Init
 .text.UiLcdHy28_ShowStartUpScreen
                0x0801deb4      0x678 ..\obj\ui_lcd_hy28.o
                0x0801deb4                UiLcdHy28_ShowStartUpScreen
 .text.PutUnsignedInt
                0x0801e52c      0x298 ..\obj\printf.o
                0x0801e52c                PutUnsignedInt
 .text.PutSignedInt
                0x0801e7c4      0x5ac ..\obj\printf.o
                0x0801e7c4                PutSignedInt
 .text.PutHexa  0x0801ed70      0x288 ..\obj\printf.o
                0x0801ed70                PutHexa
 .text.vsnprintf
                0x0801eff8      0x630 ..\obj\printf.o
                0x0801eff8                vsnprintf
 .text.vfprintf
                0x0801f628       0x80 ..\obj\printf.o
                0x0801f628                vfprintf
 .text.printf   0x0801f6a8       0x28 ..\obj\printf.o
                0x0801f6a8                printf
 .text.sprintf  0x0801f6d0       0x24 ..\obj\printf.o
                0x0801f6d0                sprintf
 .text.USBH_OTG_BSP_TimerIRQ
                0x0801f6f4       0x38 ..\obj\usbh_bsp.o
                0x0801f6f4                USBH_OTG_BSP_TimerIRQ
 .text.USBD_USR_DeviceDescriptor
                0x0801f72c       0x10 ..\obj\usbd_desc.o
                0x0801f72c                USBD_USR_DeviceDescriptor
 .text.USBD_USR_LangIDStrDescriptor
                0x0801f73c        0xc ..\obj\usbd_desc.o
                0x0801f73c                USBD_USR_LangIDStrDescriptor
 .text.USBD_USR_ManufacturerStrDescriptor
                0x0801f748       0x20 ..\obj\usbd_desc.o
                0x0801f748                USBD_USR_ManufacturerStrDescriptor
 .text.USBD_USR_InterfaceStrDescriptor
                0x0801f768       0x20 ..\obj\usbd_desc.o
                0x0801f768                USBD_USR_InterfaceStrDescriptor
 .text.USBD_USR_ConfigStrDescriptor
                0x0801f788       0x20 ..\obj\usbd_desc.o
                0x0801f788                USBD_USR_ConfigStrDescriptor
 .text.USBD_USR_SerialStrDescriptor
                0x0801f7a8       0x2c ..\obj\usbd_desc.o
                0x0801f7a8                USBD_USR_SerialStrDescriptor
 .text.USBD_USR_ProductStrDescriptor
                0x0801f7d4       0x2c ..\obj\usbd_desc.o
                0x0801f7d4                USBD_USR_ProductStrDescriptor
 .text.FSMC_NORSRAMInit
                0x0801f800       0xd8 ..\obj\stm32f4xx_fsmc.o
                0x0801f800                FSMC_NORSRAMInit
 .text.FSMC_NORSRAMCmd
                0x0801f8d8       0x2c ..\obj\stm32f4xx_fsmc.o
                0x0801f8d8                FSMC_NORSRAMCmd
 .text.GPIO_Init
                0x0801f904      0x150 ..\obj\stm32f4xx_gpio.o
                0x0801f904                GPIO_Init
 .text.GPIO_ReadInputDataBit
                0x0801fa54        0xc ..\obj\stm32f4xx_gpio.o
                0x0801fa54                GPIO_ReadInputDataBit
 .text.GPIO_SetBits
                0x0801fa60        0x4 ..\obj\stm32f4xx_gpio.o
                0x0801fa60                GPIO_SetBits
 .text.GPIO_ResetBits
                0x0801fa64        0x4 ..\obj\stm32f4xx_gpio.o
                0x0801fa64                GPIO_ResetBits
 .text.GPIO_PinAFConfig
                0x0801fa68       0x30 ..\obj\stm32f4xx_gpio.o
                0x0801fa68                GPIO_PinAFConfig
 .text.FLASH_Unlock
                0x0801fa98       0x24 ..\obj\stm32f4xx_flash.o
                0x0801fa98                FLASH_Unlock
 .text.FLASH_Lock
                0x0801fabc       0x14 ..\obj\stm32f4xx_flash.o
                0x0801fabc                FLASH_Lock
 .text.FLASH_EraseSector
                0x0801fad0      0x198 ..\obj\stm32f4xx_flash.o
                0x0801fad0                FLASH_EraseSector
 .text.FLASH_ProgramHalfWord
                0x0801fc68      0x168 ..\obj\stm32f4xx_flash.o
                0x0801fc68                FLASH_ProgramHalfWord
 .text.VCP_DeInit
                0x0801fdd0        0x4 ..\obj\usbd_cdc_vcp.o
 .text.VCP_DataTx
                0x0801fdd4       0x18 ..\obj\usbd_cdc_vcp.o
 .text.VCP_DataRx
                0x0801fdec        0x4 ..\obj\usbd_cdc_vcp.o
 .text.VCP_Ctrl
                0x0801fdf0       0xac ..\obj\usbd_cdc_vcp.o
 .text.VCP_Init
                0x0801fe9c       0x14 ..\obj\usbd_cdc_vcp.o
 .text.SystemInit
                0x0801feb0      0x168 ..\obj\system_stm32f4xx.o
                0x0801feb0                SystemInit
 .text.DMA_DeInit
                0x08020018      0x1ec ..\obj\stm32f4xx_dma.o
                0x08020018                DMA_DeInit
 .text.DMA_Init
                0x08020204       0x88 ..\obj\stm32f4xx_dma.o
                0x08020204                DMA_Init
 .text.DMA_Cmd  0x0802028c       0x14 ..\obj\stm32f4xx_dma.o
                0x0802028c                DMA_Cmd
 .text.DMA_GetFlagStatus
                0x080202a0       0x40 ..\obj\stm32f4xx_dma.o
                0x080202a0                DMA_GetFlagStatus
 .text.DMA_ClearFlag
                0x080202e0       0x38 ..\obj\stm32f4xx_dma.o
                0x080202e0                DMA_ClearFlag
 .text.DMA_ITConfig
                0x08020318       0x40 ..\obj\stm32f4xx_dma.o
                0x08020318                DMA_ITConfig
 .text.I2S_Block_Init
                0x08020358      0x110 ..\obj\i2s.o
                0x08020358                I2S_Block_Init
 .text.I2S_Block_Process
                0x08020468       0x8c ..\obj\i2s.o
                0x08020468                I2S_Block_Process
 .text.DMA1_Stream2_IRQHandler
                0x080204f4       0xa8 ..\obj\i2s.o
                0x080204f4                DMA1_Stream2_IRQHandler
 *fill*         0x0802059c        0x4 00
 .text.audio_tx_compressor
                0x080205a0      0x350 ..\obj\audio_driver.o
 .text.audio_rx_freq_conv
                0x080208f0      0x240 ..\obj\audio_driver.o
 .text.audio_rx_freq_conv.constprop.0
                0x08020b30      0x1c8 ..\obj\audio_driver.o
 .text.audio_driver_set_rx_audio_filter
                0x08020cf8      0x528 ..\obj\audio_driver.o
                0x08020cf8                audio_driver_set_rx_audio_filter
 .text.audio_driver_init
                0x08021220      0x110 ..\obj\audio_driver.o
                0x08021220                audio_driver_init
 .text.I2S_RX_CallBack
                0x08021330     0x2760 ..\obj\audio_driver.o
                0x08021330                I2S_RX_CallBack
 .text.USBD_StdDevReq
                0x08023a90      0x2f0 ..\obj\usbd_req.o
                0x08023a90                USBD_StdDevReq
 .text.USBD_StdItfReq
                0x08023d80       0x44 ..\obj\usbd_req.o
                0x08023d80                USBD_StdItfReq
 .text.USBD_StdEPReq
                0x08023dc4       0xe8 ..\obj\usbd_req.o
                0x08023dc4                USBD_StdEPReq
 .text.USBD_ParseSetupRequest
                0x08023eac       0x44 ..\obj\usbd_req.o
                0x08023eac                USBD_ParseSetupRequest
 .text.USBD_CtlError
                0x08023ef0       0x1c ..\obj\usbd_req.o
                0x08023ef0                USBD_CtlError
 .text.USBD_GetString
                0x08023f0c       0x4c ..\obj\usbd_req.o
                0x08023f0c                USBD_GetString
 .text.USBD_OTG_ISR_Handler
                0x08023f58      0x4e4 ..\obj\usb_dcd_int.o
                0x08023f58                USBD_OTG_ISR_Handler
 .text.UiDriverUpdateMenuLines
                0x0802443c     0x2bfc ..\obj\ui_menu.o
 .text.UiDriverUpdateConfigMenuLines
                0x08027038     0x2970 ..\obj\ui_menu.o
 .text.UiDriverUpdateMenu
                0x080299a8     0x10f8 ..\obj\ui_menu.o
                0x080299a8                UiDriverUpdateMenu
 .text.usbd_cdc_EP0_RxReady
                0x0802aaa0       0x30 ..\obj\usbd_cdc_core.o
 .text.USBD_cdc_GetCfgDesc
                0x0802aad0        0xc ..\obj\usbd_cdc_core.o
 .text.usbd_cdc_SOF
                0x0802aadc       0x78 ..\obj\usbd_cdc_core.o
 .text.usbd_cdc_DataOut
                0x0802ab54       0x38 ..\obj\usbd_cdc_core.o
 .text.usbd_cdc_Setup
                0x0802ab8c       0xd0 ..\obj\usbd_cdc_core.o
 .text.usbd_cdc_DeInit
                0x0802ac5c       0x2c ..\obj\usbd_cdc_core.o
 .text.usbd_cdc_Init
                0x0802ac88       0x58 ..\obj\usbd_cdc_core.o
 .text.usbd_cdc_DataIn
                0x0802ace0       0x4c ..\obj\usbd_cdc_core.o
 .text.ui_si570_large_frequency_change
                0x0802ad2c      0x114 ..\obj\ui_si570.o
 .text.ui_si570_get_configuration
                0x0802ae40      0x1ec ..\obj\ui_si570.o
                0x0802ae40                ui_si570_get_configuration
 *fill*         0x0802b02c        0x4 00
 .text.ui_si570_set_frequency
                0x0802b030      0x600 ..\obj\ui_si570.o
                0x0802b030                ui_si570_set_frequency
 .text.ui_si570_init_temp_sensor
                0x0802b630       0x3c ..\obj\ui_si570.o
                0x0802b630                ui_si570_init_temp_sensor
 .text.ui_si570_read_temp
                0x0802b66c       0x7c ..\obj\ui_si570.o
                0x0802b66c                ui_si570_read_temp
 .text.ui_si570_calc_startupfrequency
                0x0802b6e8      0x1d8 ..\obj\ui_si570.o
                0x0802b6e8                ui_si570_calc_startupfrequency
 .text.OTG_FS_IRQHandler
                0x0802b8c0        0xc ..\obj\cat_driver.o
                0x0802b8c0                OTG_FS_IRQHandler
 .text.cat_driver_init
                0x0802b8cc       0x40 ..\obj\cat_driver.o
                0x0802b8cc                cat_driver_init
 .text.cat_driver_stop
                0x0802b90c       0x20 ..\obj\cat_driver.o
                0x0802b90c                cat_driver_stop
 .text.SPI_I2S_DeInit
                0x0802b92c       0x70 ..\obj\stm32f4xx_spi.o
                0x0802b92c                SPI_I2S_DeInit
 .text.SPI_Init
                0x0802b99c       0x54 ..\obj\stm32f4xx_spi.o
                0x0802b99c                SPI_Init
 .text.I2S_Init
                0x0802b9f0       0xf4 ..\obj\stm32f4xx_spi.o
                0x0802b9f0                I2S_Init
 .text.SPI_Cmd  0x0802bae4       0x1c ..\obj\stm32f4xx_spi.o
                0x0802bae4                SPI_Cmd
 .text.I2S_Cmd  0x0802bb00       0x1c ..\obj\stm32f4xx_spi.o
                0x0802bb00                I2S_Cmd
 .text.I2S_FullDuplexConfig
                0x0802bb1c       0x48 ..\obj\stm32f4xx_spi.o
                0x0802bb1c                I2S_FullDuplexConfig
 .text.SPI_I2S_ReceiveData
                0x0802bb64        0x8 ..\obj\stm32f4xx_spi.o
                0x0802bb64                SPI_I2S_ReceiveData
 .text.SPI_I2S_SendData
                0x0802bb6c        0x4 ..\obj\stm32f4xx_spi.o
                0x0802bb6c                SPI_I2S_SendData
 .text.SPI_I2S_DMACmd
                0x0802bb70       0x14 ..\obj\stm32f4xx_spi.o
                0x0802bb70                SPI_I2S_DMACmd
 .text.SPI_I2S_GetFlagStatus
                0x0802bb84        0xc ..\obj\stm32f4xx_spi.o
                0x0802bb84                SPI_I2S_GetFlagStatus
 .text.softdds_setfreq
                0x0802bb90       0x34 ..\obj\softdds.o
                0x0802bb90                softdds_setfreq
 .text.softdds_runf
                0x0802bbc4      0x124 ..\obj\softdds.o
                0x0802bbc4                softdds_runf
 .text.I2C_DeInit
                0x0802bce8       0x70 ..\obj\stm32f4xx_i2c.o
                0x0802bce8                I2C_DeInit
 .text.I2C_Init
                0x0802bd58       0xe8 ..\obj\stm32f4xx_i2c.o
                0x0802bd58                I2C_Init
 .text.I2C_Cmd  0x0802be40       0x1c ..\obj\stm32f4xx_i2c.o
                0x0802be40                I2C_Cmd
 .text.I2C_GenerateSTART
                0x0802be5c       0x1c ..\obj\stm32f4xx_i2c.o
                0x0802be5c                I2C_GenerateSTART
 .text.I2C_GenerateSTOP
                0x0802be78       0x1c ..\obj\stm32f4xx_i2c.o
                0x0802be78                I2C_GenerateSTOP
 .text.I2C_Send7bitAddress
                0x0802be94       0x14 ..\obj\stm32f4xx_i2c.o
                0x0802be94                I2C_Send7bitAddress
 .text.I2C_AcknowledgeConfig
                0x0802bea8       0x1c ..\obj\stm32f4xx_i2c.o
                0x0802bea8                I2C_AcknowledgeConfig
 .text.I2C_SoftwareResetCmd
                0x0802bec4       0x1c ..\obj\stm32f4xx_i2c.o
                0x0802bec4                I2C_SoftwareResetCmd
 .text.I2C_SendData
                0x0802bee0        0x4 ..\obj\stm32f4xx_i2c.o
                0x0802bee0                I2C_SendData
 .text.I2C_ReceiveData
                0x0802bee4        0x8 ..\obj\stm32f4xx_i2c.o
                0x0802bee4                I2C_ReceiveData
 .text.I2C_CheckEvent
                0x0802beec       0x18 ..\obj\stm32f4xx_i2c.o
                0x0802beec                I2C_CheckEvent
 .text.I2C_GetFlagStatus
                0x0802bf04       0x38 ..\obj\stm32f4xx_i2c.o
                0x0802bf04                I2C_GetFlagStatus
 .text.I2C_ClearFlag
                0x0802bf3c        0x8 ..\obj\stm32f4xx_i2c.o
                0x0802bf3c                I2C_ClearFlag
 .text.EXTI_Init
                0x0802bf44       0x7c ..\obj\stm32f4xx_exti.o
                0x0802bf44                EXTI_Init
 .text.EXTI_GetITStatus
                0x0802bfc0       0x20 ..\obj\stm32f4xx_exti.o
                0x0802bfc0                EXTI_GetITStatus
 .text.EXTI_ClearITPendingBit
                0x0802bfe0        0xc ..\obj\stm32f4xx_exti.o
                0x0802bfe0                EXTI_ClearITPendingBit
 .text.NVIC_PriorityGroupConfig
                0x0802bfec       0x14 ..\obj\misc.o
                0x0802bfec                NVIC_PriorityGroupConfig
 .text.NVIC_Init
                0x0802c000       0x80 ..\obj\misc.o
                0x0802c000                NVIC_Init
 .text.SysTick_CLKSourceConfig
                0x0802c080       0x1c ..\obj\misc.o
                0x0802c080                SysTick_CLKSourceConfig
 .text.DCD_Init
                0x0802c09c       0xa0 ..\obj\usb_dcd.o
                0x0802c09c                DCD_Init
 .text.DCD_DeInit
                0x0802c13c        0x4 ..\obj\usb_dcd.o
                0x0802c13c                DCD_DeInit
 .text.DCD_EP_Open
                0x0802c140       0x4c ..\obj\usb_dcd.o
                0x0802c140                DCD_EP_Open
 .text.DCD_EP_Close
                0x0802c18c       0x2c ..\obj\usb_dcd.o
                0x0802c18c                DCD_EP_Close
 .text.DCD_EP_PrepareRx
                0x0802c1b8       0x40 ..\obj\usb_dcd.o
                0x0802c1b8                DCD_EP_PrepareRx
 .text.DCD_EP_Tx
                0x0802c1f8       0x3c ..\obj\usb_dcd.o
                0x0802c1f8                DCD_EP_Tx
 .text.DCD_EP_Stall
                0x0802c234       0x40 ..\obj\usb_dcd.o
                0x0802c234                DCD_EP_Stall
 .text.DCD_EP_ClrStall
                0x0802c274       0x40 ..\obj\usb_dcd.o
                0x0802c274                DCD_EP_ClrStall
 .text.DCD_EP_SetAddress
                0x0802c2b4       0x10 ..\obj\usb_dcd.o
                0x0802c2b4                DCD_EP_SetAddress
 .text.mchf_hw_i2c2_init
                0x0802c2c4       0xa4 ..\obj\mchf_hw_i2c2.o
                0x0802c2c4                mchf_hw_i2c2_init
 .text.mchf_hw_i2c2_WriteRegister
                0x0802c368      0x178 ..\obj\mchf_hw_i2c2.o
                0x0802c368                mchf_hw_i2c2_WriteRegister
 .text.cw_gen_init
                0x0802c4e0       0x38 ..\obj\cw_gen.o
                0x0802c4e0                cw_gen_init
 .text.cw_gen_process_strk
                0x0802c518      0x324 ..\obj\cw_gen.o
                0x0802c518                cw_gen_process_strk
 .text.cw_gen_process_iamb
                0x0802c83c      0x6b4 ..\obj\cw_gen.o
                0x0802c83c                cw_gen_process_iamb
 .text.cw_gen_process
                0x0802cef0       0x18 ..\obj\cw_gen.o
                0x0802cef0                cw_gen_process
 .text.cw_gen_dah_IRQ
                0x0802cf08       0x50 ..\obj\cw_gen.o
                0x0802cf08                cw_gen_dah_IRQ
 .text.cw_gen_dit_IRQ
                0x0802cf58       0x1c ..\obj\cw_gen.o
                0x0802cf58                cw_gen_dit_IRQ
 .text.mchf_board_green_led
                0x0802cf74       0x28 ..\obj\mchf_board.o
                0x0802cf74                mchf_board_green_led
 .text.mchf_board_power_off
                0x0802cf9c      0x1b8 ..\obj\mchf_board.o
                0x0802cf9c                mchf_board_power_off
 .text.mchf_board_init
                0x0802d154      0x3e8 ..\obj\mchf_board.o
                0x0802d154                mchf_board_init
 .text.mchf_board_post_init
                0x0802d53c      0x17c ..\obj\mchf_board.o
                0x0802d53c                mchf_board_post_init
 .text.Read_VirtEEPROM
                0x0802d6b8       0x10 ..\obj\mchf_board.o
                0x0802d6b8                Read_VirtEEPROM
 .text.Write_VirtEEPROM
                0x0802d6c8       0x10 ..\obj\mchf_board.o
                0x0802d6c8                Write_VirtEEPROM
 .text.USBD_CtlSendData
                0x0802d6d8       0x20 ..\obj\usbd_ioreq.o
                0x0802d6d8                USBD_CtlSendData
 .text.USBD_CtlContinueSendData
                0x0802d6f8       0x14 ..\obj\usbd_ioreq.o
                0x0802d6f8                USBD_CtlContinueSendData
 .text.USBD_CtlPrepareRx
                0x0802d70c       0x20 ..\obj\usbd_ioreq.o
                0x0802d70c                USBD_CtlPrepareRx
 .text.USBD_CtlContinueRx
                0x0802d72c       0x14 ..\obj\usbd_ioreq.o
                0x0802d72c                USBD_CtlContinueRx
 .text.USBD_CtlSendStatus
                0x0802d740       0x20 ..\obj\usbd_ioreq.o
                0x0802d740                USBD_CtlSendStatus
 .text.USBD_CtlReceiveStatus
                0x0802d760       0x20 ..\obj\usbd_ioreq.o
                0x0802d760                USBD_CtlReceiveStatus
 .text.USBD_OTG_BSP_Init
                0x0802d780       0x50 ..\obj\usbd_bsp.o
                0x0802d780                USBD_OTG_BSP_Init
 .text.USBD_OTG_BSP_DeInit
                0x0802d7d0       0x44 ..\obj\usbd_bsp.o
                0x0802d7d0                USBD_OTG_BSP_DeInit
 .text.USBD_OTG_BSP_EnableInterrupt
                0x0802d814       0x2c ..\obj\usbd_bsp.o
                0x0802d814                USBD_OTG_BSP_EnableInterrupt
 .text.USBD_OTG_BSP_uDelay
                0x0802d840       0x38 ..\obj\usbd_bsp.o
                0x0802d840                USBD_OTG_BSP_uDelay
 .text.USBD_OTG_BSP_mDelay
                0x0802d878       0x3c ..\obj\usbd_bsp.o
                0x0802d878                USBD_OTG_BSP_mDelay
 .text.TIM_TimeBaseInit
                0x0802d8b4       0xb0 ..\obj\stm32f4xx_tim.o
                0x0802d8b4                TIM_TimeBaseInit
 .text.TIM_GetCounter
                0x0802d964        0x4 ..\obj\stm32f4xx_tim.o
                0x0802d964                TIM_GetCounter
 .text.TIM_Cmd  0x0802d968       0x1c ..\obj\stm32f4xx_tim.o
                0x0802d968                TIM_Cmd
 .text.TIM_GetITStatus
                0x0802d984       0x18 ..\obj\stm32f4xx_tim.o
                0x0802d984                TIM_GetITStatus
 .text.TIM_ClearITPendingBit
                0x0802d99c        0x8 ..\obj\stm32f4xx_tim.o
                0x0802d99c                TIM_ClearITPendingBit
 .text.TIM_EncoderInterfaceConfig
                0x0802d9a4       0x40 ..\obj\stm32f4xx_tim.o
                0x0802d9a4                TIM_EncoderInterfaceConfig
 .text.UiDriverUpdateLcdFreq
                0x0802d9e4      0x4cc ..\obj\ui_driver.o
 .text.UiDriverUpdateSecondLcdFreq
                0x0802deb0      0x410 ..\obj\ui_driver.o
 .text.UiDriverChangeDSPMode
                0x0802e2c0      0x124 ..\obj\ui_driver.o
 .text.UiDriverChangeSigProc
                0x0802e3e4      0x138 ..\obj\ui_driver.o
 .text.UiDriverShowBand
                0x0802e51c      0x144 ..\obj\ui_driver.o
 .text.UiDriverLoadEepromValues
                0x0802e660     0x2264 ..\obj\ui_driver.o
 .text.UiDriverInitSpectrumDisplay
                0x080308c4      0x290 ..\obj\ui_driver.o
 *fill*         0x08030b54        0x4 00
 .text.unlikely.UiDriverFFTWindowFunction
                0x08030b58      0x468 ..\obj\ui_driver.o
 .text.UiDriverInitMainFreqDisplay.part.1
                0x08030fc0       0x98 ..\obj\ui_driver.o
 .text.UiDriverHandlePowerSupply.part.6
                0x08031058      0x1b8 ..\obj\ui_driver.o
 .text.UiDriverSaveEepromValuesPowerDown.part.19
                0x08031210     0x1db0 ..\obj\ui_driver.o
 .text.UiDriverChangeBandFilter.constprop.28
                0x08032fc0       0x6c ..\obj\ui_driver.o
 .text.UiDriverChangeBandFilter.constprop.29
                0x0803302c       0x6c ..\obj\ui_driver.o
 .text.UiDriverChangeBandFilter.constprop.30
                0x08033098       0x6c ..\obj\ui_driver.o
 .text.UiDriverChangeBandFilter.constprop.31
                0x08033104       0x6c ..\obj\ui_driver.o
 .text.UiDriverChangeBandFilter.constprop.32
                0x08033170      0x1dc ..\obj\ui_driver.o
 .text.UiDriverCheckFrequencyEncoder
                0x0803334c       0xc8 ..\obj\ui_driver.o
 .text.UiDriverCreateSMeter
                0x08033414      0x7a8 ..\obj\ui_driver.o
 .text.UiDriverHandleSmeter.part.5
                0x08033bbc      0x5d0 ..\obj\ui_driver.o
 .text.UiDriverChangeEncoderOneMode.part.9.constprop.37
                0x0803418c      0x2a0 ..\obj\ui_driver.o
 .text.UiDriverChangeEncoderTwoMode.constprop.25
                0x0803442c      0x218 ..\obj\ui_driver.o
 *fill*         0x08034644        0x4 00
 .text.UiDriverCheckEncoderTwo.part.16
                0x08034648      0x270 ..\obj\ui_driver.o
 .text.UiDriverHandleLowerMeter
                0x080348b8      0xd80 ..\obj\ui_driver.o
 .text.UiDriverShowMode
                0x08035638       0xcc ..\obj\ui_driver.o
                0x08035638                UiDriverShowMode
 .text.UiDriverShowStep
                0x08035704      0x1b0 ..\obj\ui_driver.o
                0x08035704                UiDriverShowStep
 .text.UiDrawSpectrumScopeFrequencyBarText
                0x080358b4      0x3dc ..\obj\ui_driver.o
                0x080358b4                UiDrawSpectrumScopeFrequencyBarText
 .text.UiDriverCreateSpectrumScope
                0x08035c90      0x54c ..\obj\ui_driver.o
                0x08035c90                UiDriverCreateSpectrumScope
 .text.UiDriverClearSpectrumDisplay
                0x080361dc       0xac ..\obj\ui_driver.o
                0x080361dc                UiDriverClearSpectrumDisplay
 .text.UiDriverUpdateFrequency.constprop.27
                0x08036288       0xd4 ..\obj\ui_driver.o
 .text.UiDriverUpdateFrequency
                0x0803635c      0x434 ..\obj\ui_driver.o
                0x0803635c                UiDriverUpdateFrequency
 .text.UiDriverUpdateFrequencyFast
                0x08036790       0xd8 ..\obj\ui_driver.o
                0x08036790                UiDriverUpdateFrequencyFast
 .text.UiDriverHandleLoTemperature
                0x08036868      0x490 ..\obj\ui_driver.o
 .text.UiDriverChangeTuningStep
                0x08036cf8       0x88 ..\obj\ui_driver.o
                0x08036cf8                UiDriverChangeTuningStep
 .text.UiDriverChangeStGain
                0x08036d80       0x84 ..\obj\ui_driver.o
                0x08036d80                UiDriverChangeStGain
 .text.UiDriverChangeCmpLevel
                0x08036e04       0xa8 ..\obj\ui_driver.o
                0x08036e04                UiDriverChangeCmpLevel
 .text.UiDriverChangeKeyerSpeed
                0x08036eac       0xb8 ..\obj\ui_driver.o
                0x08036eac                UiDriverChangeKeyerSpeed
 .text.UIDriverChangeAudioGain
                0x08036f64       0xc4 ..\obj\ui_driver.o
                0x08036f64                UIDriverChangeAudioGain
 .text.UiDriverCheckEncoderThree.part.15
                0x08037028      0x304 ..\obj\ui_driver.o
 *fill*         0x0803732c        0x4 00
 .text.UiDriverTimeScheduler
                0x08037330      0xb78 ..\obj\ui_driver.o
 .text.UiDriverChangeEncoderThreeMode.part.10.constprop.36
                0x08037ea8      0x258 ..\obj\ui_driver.o
 .text.UiDriverChangeRfGain
                0x08038100       0xa8 ..\obj\ui_driver.o
                0x08038100                UiDriverChangeRfGain
 .text.UiDriverChangeFilter
                0x080381a8      0x148 ..\obj\ui_driver.o
                0x080381a8                UiDriverChangeFilter
 .text.UiDriverCreateTemperatureDisplay
                0x080382f0      0x24c ..\obj\ui_driver.o
                0x080382f0                UiDriverCreateTemperatureDisplay
 .text.uiCodecMute
                0x0803853c        0x4 ..\obj\ui_driver.o
                0x0803853c                uiCodecMute
 .text.UiDriverSetBandPowerFactor
                0x08038540      0x1f8 ..\obj\ui_driver.o
                0x08038540                UiDriverSetBandPowerFactor
 .text.UiDriverChangePowerLevel
                0x08038738       0xc0 ..\obj\ui_driver.o
 .text.ui_driver_toggle_tx
                0x080387f8      0x2d4 ..\obj\ui_driver.o
                0x080387f8                ui_driver_toggle_tx
 .text.UiDriverSwitchOffPtt
                0x08038acc       0x90 ..\obj\ui_driver.o
 .text.UiDriverChangeBand.part.14
                0x08038b5c      0x138 ..\obj\ui_driver.o
 .text.UiLCDBlankTiming
                0x08038c94       0x34 ..\obj\ui_driver.o
                0x08038c94                UiLCDBlankTiming
 .text.UiCalcAGCDecay
                0x08038cc8       0x78 ..\obj\ui_driver.o
                0x08038cc8                UiCalcAGCDecay
 .text.UiCalcALCDecay
                0x08038d40       0x44 ..\obj\ui_driver.o
                0x08038d40                UiCalcALCDecay
 *fill*         0x08038d84        0x4 00
 .text.UiCalcRFGain
                0x08038d88       0x58 ..\obj\ui_driver.o
                0x08038d88                UiCalcRFGain
 .text.UiCalcAGCVals
                0x08038de0       0xa8 ..\obj\ui_driver.o
                0x08038de0                UiCalcAGCVals
 .text.UiCWSidebandMode
                0x08038e88       0x50 ..\obj\ui_driver.o
                0x08038e88                UiCWSidebandMode
 .text.UiCalcNB_AGC
                0x08038ed8       0x90 ..\obj\ui_driver.o
                0x08038ed8                UiCalcNB_AGC
 .text.UiCalcRxIqGainAdj
                0x08038f68       0x74 ..\obj\ui_driver.o
                0x08038f68                UiCalcRxIqGainAdj
 .text.UiCalcTxIqGainAdj
                0x08038fdc       0x5c ..\obj\ui_driver.o
                0x08038fdc                UiCalcTxIqGainAdj
 .text.UiCalcRxPhaseAdj
                0x08039038      0x8fc ..\obj\ui_driver.o
                0x08039038                UiCalcRxPhaseAdj
 .text.UiCalcTxCompLevel
                0x08039934      0x154 ..\obj\ui_driver.o
                0x08039934                UiCalcTxCompLevel
 .text.UiDriverCheckEncoderOne.part.18
                0x08039a88      0x1d0 ..\obj\ui_driver.o
 .text.UiCalcTxPhaseAdj
                0x08039c58      0x1f4 ..\obj\ui_driver.o
                0x08039c58                UiCalcTxPhaseAdj
 .text.UiDriverChangeDemodMode
                0x08039e4c      0x1c4 ..\obj\ui_driver.o
 .text.ui_driver_init
                0x0803a010      0xbe8 ..\obj\ui_driver.o
                0x0803a010                ui_driver_init
 .text.UiDriverProcessKeyboard.part.20
                0x0803abf8     0x1f2c ..\obj\ui_driver.o
 *fill*         0x0803cb24        0x4 00
 .text.ui_driver_thread
                0x0803cb28     0x13c0 ..\obj\ui_driver.o
                0x0803cb28                ui_driver_thread
 .text.UiDriverLoadFilterValue
                0x0803dee8       0x38 ..\obj\ui_driver.o
                0x0803dee8                UiDriverLoadFilterValue
 .text.UiDriverSaveEepromValuesPowerDown
                0x0803df20       0x18 ..\obj\ui_driver.o
                0x0803df20                UiDriverSaveEepromValuesPowerDown
 .text.EE_InitA
                0x0803df38      0x418 ..\obj\eeprom.o
                0x0803df38                EE_InitA
 .text.EE_Init  0x0803e350       0x14 ..\obj\eeprom.o
                0x0803e350                EE_Init
 .text.EE_ReadVariable
                0x0803e364       0xa4 ..\obj\eeprom.o
                0x0803e364                EE_ReadVariable
 .text.EE_WriteVariable
                0x0803e408      0x308 ..\obj\eeprom.o
                0x0803e408                EE_WriteVariable
 .text.arm_fill_q15
                0x0803e710       0xe4 ..\..\..\libs\libarm_cortexm4lf_math.a(arm_fill_q15.o)
                0x0803e710                arm_fill_q15
 .text.arm_fill_f32
                0x0803e7f4      0x108 ..\..\..\libs\libarm_cortexm4lf_math.a(arm_fill_f32.o)
                0x0803e7f4                arm_fill_f32
 .text.arm_copy_q15
                0x0803e8fc      0x21c ..\..\..\libs\libarm_cortexm4lf_math.a(arm_copy_q15.o)
                0x0803e8fc                arm_copy_q15
 .text.arm_copy_f32
                0x0803eb18      0x158 ..\..\..\libs\libarm_cortexm4lf_math.a(arm_copy_f32.o)
                0x0803eb18                arm_copy_f32
 .text.arm_min_q15
                0x0803ec70       0xe4 ..\..\..\libs\libarm_cortexm4lf_math.a(arm_min_q15.o)
                0x0803ec70                arm_min_q15
 .text.arm_min_f32
                0x0803ed54      0x15c ..\..\..\libs\libarm_cortexm4lf_math.a(arm_min_f32.o)
                0x0803ed54                arm_min_f32
 .text.arm_mean_q15
                0x0803eeb0      0x194 ..\..\..\libs\libarm_cortexm4lf_math.a(arm_mean_q15.o)
                0x0803eeb0                arm_mean_q15
 .text.arm_mean_f32
                0x0803f044      0x1c8 ..\..\..\libs\libarm_cortexm4lf_math.a(arm_mean_f32.o)
                0x0803f044                arm_mean_f32
 .text.arm_max_q15
                0x0803f20c       0xe4 ..\..\..\libs\libarm_cortexm4lf_math.a(arm_max_q15.o)
                0x0803f20c                arm_max_q15
 .text.arm_max_f32
                0x0803f2f0      0x15c ..\..\..\libs\libarm_cortexm4lf_math.a(arm_max_f32.o)
                0x0803f2f0                arm_max_f32
 .text.arm_rfft_init_f32
                0x0803f44c       0x78 ..\..\..\libs\libarm_cortexm4lf_math.a(arm_rfft_init_f32.o)
                0x0803f44c                arm_rfft_init_f32
 .text.arm_split_rfft_f32
                0x0803f4c4      0x218 ..\..\..\libs\libarm_cortexm4lf_math.a(arm_rfft_f32.o)
                0x0803f4c4                arm_split_rfft_f32
 .text.arm_split_rifft_f32
                0x0803f6dc      0x160 ..\..\..\libs\libarm_cortexm4lf_math.a(arm_rfft_f32.o)
                0x0803f6dc                arm_split_rifft_f32
 .text.arm_rfft_f32
                0x0803f83c       0x88 ..\..\..\libs\libarm_cortexm4lf_math.a(arm_rfft_f32.o)
                0x0803f83c                arm_rfft_f32
 .text.arm_cfft_radix4_init_f32
                0x0803f8c4       0x94 ..\..\..\libs\libarm_cortexm4lf_math.a(arm_cfft_radix4_init_f32.o)
                0x0803f8c4                arm_cfft_radix4_init_f32
 .text.arm_radix4_butterfly_f32
                0x0803f958      0x3b0 ..\..\..\libs\libarm_cortexm4lf_math.a(arm_cfft_radix4_f32.o)
                0x0803f958                arm_radix4_butterfly_f32
 .text.arm_radix4_butterfly_inverse_f32
                0x0803fd08      0x3d0 ..\..\..\libs\libarm_cortexm4lf_math.a(arm_cfft_radix4_f32.o)
                0x0803fd08                arm_radix4_butterfly_inverse_f32
 .text.arm_bitreversal_f32
                0x080400d8       0xfc ..\..\..\libs\libarm_cortexm4lf_math.a(arm_cfft_radix4_f32.o)
                0x080400d8                arm_bitreversal_f32
 .text.arm_lms_norm_init_f32
                0x080401d4       0x38 ..\..\..\libs\libarm_cortexm4lf_math.a(arm_lms_norm_init_f32.o)
                0x080401d4                arm_lms_norm_init_f32
 .text.arm_lms_norm_f32
                0x0804020c      0x620 ..\..\..\libs\libarm_cortexm4lf_math.a(arm_lms_norm_f32.o)
                0x0804020c                arm_lms_norm_f32
 .text.arm_iir_lattice_f32
                0x0804082c      0x3e0 ..\..\..\libs\libarm_cortexm4lf_math.a(arm_iir_lattice_f32.o)
                0x0804082c                arm_iir_lattice_f32
 .text.arm_fir_interpolate_f32
                0x08040c0c      0x44c ..\..\..\libs\libarm_cortexm4lf_math.a(arm_fir_interpolate_f32.o)
                0x08040c0c                arm_fir_interpolate_f32
 .text.arm_fir_init_f32
                0x08041058       0x24 ..\..\..\libs\libarm_cortexm4lf_math.a(arm_fir_init_f32.o)
                0x08041058                arm_fir_init_f32
 .text.arm_fir_f32
                0x0804107c      0x498 ..\..\..\libs\libarm_cortexm4lf_math.a(arm_fir_f32.o)
                0x0804107c                arm_fir_f32
 .text.arm_fir_decimate_f32
                0x08041514      0x3e0 ..\..\..\libs\libarm_cortexm4lf_math.a(arm_fir_decimate_f32.o)
                0x08041514                arm_fir_decimate_f32
 .text.arm_cmplx_mag_f32
                0x080418f4      0x3b8 ..\..\..\libs\libarm_cortexm4lf_math.a(arm_cmplx_mag_f32.o)
                0x080418f4                arm_cmplx_mag_f32
 .text.arm_sin_f32
                0x08041cac       0xd0 ..\..\..\libs\libarm_cortexm4lf_math.a(arm_sin_f32.o)
                0x08041cac                arm_sin_f32
 .text.arm_cos_f32
                0x08041d7c       0xd0 ..\..\..\libs\libarm_cortexm4lf_math.a(arm_cos_f32.o)
                0x08041d7c                arm_cos_f32
 .text.arm_sub_f32
                0x08041e4c      0x214 ..\..\..\libs\libarm_cortexm4lf_math.a(arm_sub_f32.o)
                0x08041e4c                arm_sub_f32
 .text.arm_scale_f32
                0x08042060      0x274 ..\..\..\libs\libarm_cortexm4lf_math.a(arm_scale_f32.o)
                0x08042060                arm_scale_f32
 .text.arm_offset_f32
                0x080422d4      0x274 ..\..\..\libs\libarm_cortexm4lf_math.a(arm_offset_f32.o)
                0x080422d4                arm_offset_f32
 .text.arm_negate_f32
                0x08042548      0x268 ..\..\..\libs\libarm_cortexm4lf_math.a(arm_negate_f32.o)
                0x08042548                arm_negate_f32
 .text.arm_mult_f32
                0x080427b0      0x214 ..\..\..\libs\libarm_cortexm4lf_math.a(arm_mult_f32.o)
                0x080427b0                arm_mult_f32
 .text.arm_add_f32
                0x080429c4      0x214 ..\..\..\libs\libarm_cortexm4lf_math.a(arm_add_f32.o)
                0x080429c4                arm_add_f32
 .text.pow10    0x08042bd8       0x18 ..\..\..\libs\libm.a(lib_a-s_pow10.o)
                0x08042bd8                pow10
 .text.ceilf    0x08042bf0       0x94 ..\..\..\libs\libm.a(lib_a-sf_ceil.o)
                0x08042bf0                ceilf
 .text.floorf   0x08042c84       0x9c ..\..\..\libs\libm.a(lib_a-sf_floor.o)
                0x08042c84                floorf
 .text.roundf   0x08042d20       0x5c ..\..\..\libs\libm.a(lib_a-sf_round.o)
                0x08042d20                roundf
 .text.truncf   0x08042d7c       0x34 ..\..\..\libs\libm.a(lib_a-sf_trunc.o)
                0x08042d7c                truncf
 .text.log10    0x08042db0      0x10c ..\..\..\libs\libm.a(lib_a-w_log10.o)
                0x08042db0                log10
 .text.pow      0x08042ebc      0x370 ..\..\..\libs\libm.a(lib_a-w_pow.o)
                0x08042ebc                pow
 .text.sqrt     0x0804322c       0xbc ..\..\..\libs\libm.a(lib_a-w_sqrt.o)
                0x0804322c                sqrt
 .text.log10f   0x080432e8       0xf8 ..\..\..\libs\libm.a(lib_a-wf_log10.o)
                0x080432e8                log10f
 .text.powf     0x080433e0      0x39c ..\..\..\libs\libm.a(lib_a-wf_pow.o)
                0x080433e0                powf
 .text.sqrtf    0x0804377c       0xb4 ..\..\..\libs\libm.a(lib_a-wf_sqrt.o)
                0x0804377c                sqrtf
 .text.__ieee754_log10
                0x08043830      0x138 ..\..\..\libs\libm.a(lib_a-e_log10.o)
                0x08043830                __ieee754_log10
 .text.__ieee754_pow
                0x08043968      0xb90 ..\..\..\libs\libm.a(lib_a-e_pow.o)
                0x08043968                __ieee754_pow
 .text.__ieee754_sqrt
                0x080444f8      0x1c4 ..\..\..\libs\libm.a(lib_a-e_sqrt.o)
                0x080444f8                __ieee754_sqrt
 .text.__ieee754_log10f
                0x080446bc       0xbc ..\..\..\libs\libm.a(lib_a-ef_log10.o)
                0x080446bc                __ieee754_log10f
 .text.__ieee754_powf
                0x08044778      0x600 ..\..\..\libs\libm.a(lib_a-ef_pow.o)
                0x08044778                __ieee754_powf
 .text.__ieee754_sqrtf
                0x08044d78       0x9c ..\..\..\libs\libm.a(lib_a-ef_sqrt.o)
                0x08044d78                __ieee754_sqrtf
 .text.fabs     0x08044e14       0x14 ..\..\..\libs\libm.a(lib_a-s_fabs.o)
                0x08044e14                fabs
 .text.finite   0x08044e28       0x14 ..\..\..\libs\libm.a(lib_a-s_finite.o)
                0x08044e28                finite
 .text.__fpclassifyd
                0x08044e3c       0x70 ..\..\..\libs\libm.a(lib_a-s_fpclassify.o)
                0x08044e3c                __fpclassifyd
 .text.matherr  0x08044eac        0x4 ..\..\..\libs\libm.a(lib_a-s_matherr.o)
                0x08044eac                matherr
 .text.nan      0x08044eb0       0x10 ..\..\..\libs\libm.a(lib_a-s_nan.o)
                0x08044eb0                nan
 .text.rint     0x08044ec0      0x124 ..\..\..\libs\libm.a(lib_a-s_rint.o)
                0x08044ec0                rint
 *fill*         0x08044fe4        0x4 00
 .text.scalbn   0x08044fe8      0x120 ..\..\..\libs\libm.a(lib_a-s_scalbn.o)
                0x08044fe8                scalbn
 .text.fabsf    0x08045108       0x10 ..\..\..\libs\libm.a(lib_a-sf_fabs.o)
                0x08045108                fabsf
 .text.finitef  0x08045118       0x14 ..\..\..\libs\libm.a(lib_a-sf_finite.o)
                0x08045118                finitef
 .text.__fpclassifyf
                0x0804512c       0x5c ..\..\..\libs\libm.a(lib_a-sf_fpclassify.o)
                0x0804512c                __fpclassifyf
 .text.nanf     0x08045188        0xc ..\..\..\libs\libm.a(lib_a-sf_nan.o)
                0x08045188                nanf
 .text.scalbnf  0x08045194       0xcc ..\..\..\libs\libm.a(lib_a-sf_scalbn.o)
                0x08045194                scalbnf
 .text.__ieee754_log
                0x08045260      0x428 ..\..\..\libs\libm.a(lib_a-e_log.o)
                0x08045260                __ieee754_log
 .text.__ieee754_logf
                0x08045688      0x204 ..\..\..\libs\libm.a(lib_a-ef_log.o)
                0x08045688                __ieee754_logf
 .text.copysign
                0x0804588c       0x24 ..\..\..\libs\libm.a(lib_a-s_copysign.o)
                0x0804588c                copysign
 .text.copysignf
                0x080458b0       0x18 ..\..\..\libs\libm.a(lib_a-sf_copysign.o)
                0x080458b0                copysignf
 .text          0x080458c8      0x370 c:/programme/gnu tools arm embedded/4.7 2014q2/bin/../lib/gcc/arm-none-eabi/4.7.4/armv7e-m/fpu\libgcc.a(_arm_addsubdf3.o)
                0x080458c8                __aeabi_drsub
                0x080458d0                __aeabi_dsub
                0x080458d0                __subdf3
                0x080458d4                __aeabi_dadd
                0x080458d4                __adddf3
                0x08045b4c                __floatunsidf
                0x08045b4c                __aeabi_ui2d
                0x08045b6c                __floatsidf
                0x08045b6c                __aeabi_i2d
                0x08045b90                __aeabi_f2d
                0x08045b90                __extendsfdf2
                0x08045bcc                __floatundidf
                0x08045bcc                __aeabi_ul2d
                0x08045bdc                __floatdidf
                0x08045bdc                __aeabi_l2d
 .text          0x08045c38      0x424 c:/programme/gnu tools arm embedded/4.7 2014q2/bin/../lib/gcc/arm-none-eabi/4.7.4/armv7e-m/fpu\libgcc.a(_arm_muldivdf3.o)
                0x08045c38                __aeabi_dmul
                0x08045c38                __muldf3
                0x08045e8c                __divdf3
                0x08045e8c                __aeabi_ddiv
 .text          0x0804605c      0x110 c:/programme/gnu tools arm embedded/4.7 2014q2/bin/../lib/gcc/arm-none-eabi/4.7.4/armv7e-m/fpu\libgcc.a(_arm_cmpdf2.o)
                0x0804605c                __gtdf2
                0x0804605c                __gedf2
                0x08046064                __ltdf2
                0x08046064                __ledf2
                0x0804606c                __nedf2
                0x0804606c                __eqdf2
                0x0804606c                __cmpdf2
                0x080460e8                __aeabi_cdrcmple
                0x080460f8                __aeabi_cdcmpeq
                0x080460f8                __aeabi_cdcmple
                0x08046108                __aeabi_dcmpeq
                0x0804611c                __aeabi_dcmplt
                0x08046130                __aeabi_dcmple
                0x08046144                __aeabi_dcmpge
                0x08046158                __aeabi_dcmpgt
 .text          0x0804616c       0xa0 c:/programme/gnu tools arm embedded/4.7 2014q2/bin/../lib/gcc/arm-none-eabi/4.7.4/armv7e-m/fpu\libgcc.a(_arm_truncdfsf2.o)
                0x0804616c                __truncdfsf2
                0x0804616c                __aeabi_d2f
 .text.__errno  0x0804620c        0xc c:/programme/gnu tools arm embedded/4.7 2014q2/bin/../lib/gcc/arm-none-eabi/4.7.4/../../../../arm-none-eabi/lib/armv7e-m/fpu\libg.a(lib_a-errno.o)
                0x0804620c                __errno
 .text.memcmp   0x08046218       0xb8 c:/programme/gnu tools arm embedded/4.7 2014q2/bin/../lib/gcc/arm-none-eabi/4.7.4/../../../../arm-none-eabi/lib/armv7e-m/fpu\libg.a(lib_a-memcmp.o)
                0x08046218                memcmp
 .text.memset   0x080462d0      0x12c c:/programme/gnu tools arm embedded/4.7 2014q2/bin/../lib/gcc/arm-none-eabi/4.7.4/../../../../arm-none-eabi/lib/armv7e-m/fpu\libg.a(lib_a-memset.o)
                0x080462d0                memset
 .text.strlen   0x080463fc       0x60 c:/programme/gnu tools arm embedded/4.7 2014q2/bin/../lib/gcc/arm-none-eabi/4.7.4/../../../../arm-none-eabi/lib/armv7e-m/fpu\libg.a(lib_a-strlen.o)
                0x080463fc                strlen
 *(.init)
 *(.fini)
 *crtbegin.o(.ctors)
 *crtbegin?.o(.ctors)
 *(EXCLUDE_FILE(*crtend.o *crtend?.o) .ctors)
 *(SORT(.ctors.*))
 *(.ctors)
 *crtbegin.o(.dtors)
 *crtbegin?.o(.dtors)
 *(EXCLUDE_FILE(*crtend.o *crtend?.o) .dtors)
 *(SORT(.dtors.*))
 *(.dtors)
 *(.rodata*)
 .rodata        0x0804645c        0x4 ..\obj\usb_core.o
 .rodata        0x08046460      0x200 ..\obj\main.o
                0x08046460                VirtAddVarTab
 .rodata.str1.4
                0x08046660       0xba ..\obj\main.o
                                 0xbc (size before relaxing)
 *fill*         0x0804671a        0x2 00
 .rodata        0x0804671c       0x10 ..\obj\stm32f4xx_rcc.o
                0x0804671c                APBAHBPrescTable
 .rodata.str1.4
                0x0804672c      0x1d6 ..\obj\ui_lcd_hy28.o
                                0x1dc (size before relaxing)
 *fill*         0x08046902        0x2 00
 .rodata.str1.4
                0x08046904       0x24 ..\obj\printf.o
 .rodata.str1.4
                0x08046928       0x95 ..\obj\usbd_desc.o
                                 0x98 (size before relaxing)
 *fill*         0x080469bd        0x3 00
 .rodata        0x080469c0     0x3ef8 ..\obj\ui_lcd_hy28_fonts.o
                0x080469c0                GL_Font8x8
                0x080469c8                GL_Font8x12_bold
                0x080469d0                GL_Font8x12
                0x080469d8                GL_Font12x12
                0x080469e0                GL_Font16x24
                0x080469e8                GL_ASCII8x8_Table
                0x08046fe8                GL_ASCII8x12_bold_Table
                0x080484e8                GL_ASCII8x12_Table
                0x08048de8                GL_ASCII12x12_Table
                0x080496e8                GL_ASCII16x24_Table
 .rodata.str1.4
                0x0804a8b8        0xb ..\obj\usbd_cdc_vcp.o
                                  0xc (size before relaxing)
 *fill*         0x0804a8c3        0x1 00
 .rodata        0x0804a8c4      0xc7c ..\obj\audio_driver.o
                0x0804a8c4                FirRxInterpolate
                0x0804a904                FirRxDecimate
                0x0804a914                FirRxInterpolate10KHZ
                0x0804a954                FirRxDecimateMinLPF
                0x0804a964                IIR_300hz_500_pkCoeffs
                0x0804a98c                IIR_300hz_500_pvCoeffs
                0x0804a9b8                IIR_300hz_550_pkCoeffs
                0x0804a9e0                IIR_300hz_550_pvCoeffs
                0x0804aa0c                IIR_300hz_600_pkCoeffs
                0x0804aa34                IIR_300hz_600_pvCoeffs
                0x0804aa60                IIR_300hz_650_pkCoeffs
                0x0804aa88                IIR_300hz_650_pvCoeffs
                0x0804aab4                IIR_300hz_700_pkCoeffs
                0x0804aadc                IIR_300hz_700_pvCoeffs
                0x0804ab08                IIR_300hz_800_pkCoeffs
                0x0804ab30                IIR_300hz_800_pvCoeffs
                0x0804ab5c                IIR_300hz_850_pkCoeffs
                0x0804ab84                IIR_300hz_850_pvCoeffs
                0x0804abb0                IIR_300hz_900_pkCoeffs
                0x0804abd8                IIR_300hz_900_pvCoeffs
                0x0804ac04                IIR_300hz_950_pkCoeffs
                0x0804ac2c                IIR_300hz_950_pvCoeffs
                0x0804ac58                IIR_300hz_750_pkCoeffs
                0x0804ac80                IIR_300hz_750_pvCoeffs
                0x0804acac                IIR_500hz_550_pkCoeffs
                0x0804acd4                IIR_500hz_550_pvCoeffs
                0x0804ad00                IIR_500hz_650_pkCoeffs
                0x0804ad28                IIR_500hz_650_pvCoeffs
                0x0804ad54                IIR_500hz_850_pkCoeffs
                0x0804ad7c                IIR_500hz_850_pvCoeffs
                0x0804ada8                IIR_500hz_950_pkCoeffs
                0x0804add0                IIR_500hz_950_pvCoeffs
                0x0804adfc                IIR_500hz_750_pkCoeffs
                0x0804ae24                IIR_500hz_750_pvCoeffs
                0x0804ae50                IIR_1k8_1k125_pkCoeffs
                0x0804ae78                IIR_1k8_1k125_pvCoeffs
                0x0804aea4                IIR_1k8_1k275_pkCoeffs
                0x0804aecc                IIR_1k8_1k275_pvCoeffs
                0x0804aef8                IIR_1k8_1k575_pkCoeffs
                0x0804af20                IIR_1k8_1k575_pvCoeffs
                0x0804af4c                IIR_1k8_1k725_pkCoeffs
                0x0804af74                IIR_1k8_1k725_pvCoeffs
                0x0804afa0                IIR_1k8_1k425_pkCoeffs
                0x0804afc8                IIR_1k8_1k425_pvCoeffs
                0x0804aff4                IIR_2k3_1k275_pkCoeffs
                0x0804b01c                IIR_2k3_1k275_pvCoeffs
                0x0804b048                IIR_2k3_1k562_pkCoeffs
                0x0804b070                IIR_2k3_1k562_pvCoeffs
                0x0804b09c                IIR_2k3_1k712_pkCoeffs
                0x0804b0c4                IIR_2k3_1k712_pvCoeffs
                0x0804b0f0                IIR_2k3_1k412_pkCoeffs
                0x0804b118                IIR_2k3_1k412_pvCoeffs
                0x0804b144                IIR_3k6_pkCoeffs
                0x0804b16c                IIR_3k6_pvCoeffs
                0x0804b198                IIR_10k_pkCoeffs
                0x0804b1b8                IIR_10k_pvCoeffs
                0x0804b1dc                IIR_TX_2k7_pkCoeffs
                0x0804b204                IIR_TX_2k7_pvCoeffs
                0x0804b230                IIR_TX_2k7_numStages
                0x0804b232                IIR_10k_numStages
                0x0804b234                IIR_3k6_numStages
                0x0804b236                IIR_2k3_numStages
                0x0804b238                IIR_1k8_numStages
                0x0804b23a                IIR_500hz_numStages
                0x0804b23c                IIR_300hz_numStages
                0x0804b240                Fir1p8k
                0x0804b300                Fir2p3k
                0x0804b3c0                Fir3p6k
                0x0804b480                Fir10k
 .rodata.str1.4
                0x0804b540      0xe16 ..\obj\ui_menu.o
                                0xe1c (size before relaxing)
 *fill*         0x0804c356        0x2 00
 .rodata        0x0804c358       0x4c ..\obj\ui_si570.o
                0x0804c394                fdco_min
                0x0804c398                fdco_max
                0x0804c39c                hs_div
 .rodata.str1.4
                0x0804c3a4       0x2d ..\obj\cat_driver.o
                                 0x30 (size before relaxing)
 *fill*         0x0804c3d1        0x3 00
 .rodata        0x0804c3d4      0x800 ..\obj\softdds.o
                0x0804c3d4                DDS_TABLE
 .rodata        0x0804cbd4       0x80 ..\obj\cw_gen.o
                0x0804cbd4                sm_table
 .rodata.str1.4
                0x0804cc54       0xa8 ..\obj\mchf_board.o
 .rodata        0x0804ccfc     0x2df4 ..\obj\ui_driver.o
                0x0804ccfc                tune_bands
                0x0804cd20                size_bands
                0x0804cd44                tune_steps
                0x0804cd64                waterfall_cold_hot
                0x0804cde8                waterfall_rainbow
                0x0804ce6c                waterfall_grey
                0x0804cef0                S_Meter_Cal
                0x0804cf74                bm
                0x0804d000                iq_rx_am_5k_coeffs
                0x0804d164                iq_rx_am_6k_coeffs
                0x0804d2c8                iq_rx_am_7k5_coeffs
                0x0804d42c                iq_rx_am_10k_coeffs
                0x0804d590                iq_rx_am_3k6_coeffs
                0x0804d6f4                iq_rx_am_2k3_coeffs
                0x0804d858                q_rx_5k_coeffs
                0x0804d9bc                i_rx_5k_coeffs
                0x0804db20                q_rx_6k_coeffs
                0x0804dc84                i_rx_6k_coeffs
                0x0804dde8                q_rx_7k5_coeffs
                0x0804df4c                i_rx_7k5_coeffs
                0x0804e0b0                q_rx_10k_coeffs
                0x0804e214                i_rx_10k_coeffs
                0x0804e378                q_rx_3k6_coeffs
                0x0804e4dc                i_rx_3k6_coeffs
                0x0804e640                q_rx_5k_coeffs_minus
                0x0804e7a4                q_rx_6k_coeffs_minus
                0x0804e908                q_rx_7k5_coeffs_minus
                0x0804ea6c                q_rx_10k_coeffs_minus
                0x0804ebd0                q_rx_3k6_coeffs_minus
                0x0804ed34                q_rx_5k_coeffs_plus
                0x0804ee98                q_rx_6k_coeffs_plus
                0x0804effc                q_rx_7k5_coeffs_plus
                0x0804f160                q_rx_10k_coeffs_plus
                0x0804f2c4                q_rx_3k6_coeffs_plus
                0x0804f428                q_tx_coeffs
                0x0804f58c                i_tx_coeffs
                0x0804f6f0                q_tx_coeffs_minus
                0x0804f854                q_tx_coeffs_plus
                0x0804f9e8                old_waterfall_rainbow
                0x0804fa6c                old_waterfall_cold_hot
 .rodata.str1.4
                0x0804faf0      0x397 ..\obj\ui_driver.o
                                0x414 (size before relaxing)
 *fill*         0x0804fe87        0x1 00
 .rodata        0x0804fe88     0x4000 ..\..\..\libs\libarm_cortexm4lf_math.a(arm_rfft_init_f32.o)
 .rodata        0x08053e88     0x2000 ..\..\..\libs\libarm_cortexm4lf_math.a(arm_cfft_radix4_init_f32.o)
 .rodata        0x08055e88      0x40c ..\..\..\libs\libarm_cortexm4lf_math.a(arm_sin_f32.o)
 .rodata        0x08056294      0x40c ..\..\..\libs\libarm_cortexm4lf_math.a(arm_cos_f32.o)
 .rodata        0x080566a0      0x380 ..\..\..\libs\libarm_cortexm4lf_math.a(arm_common_tables.o)
                0x080566a0                armRecipTableQ31
                0x080567a0                armRecipTableQ15
                0x08056820                armBitRevTable
 .rodata.str1.4
                0x08056a20        0x6 ..\..\..\libs\libm.a(lib_a-w_log10.o)
                                  0xc (size before relaxing)
 *fill*         0x08056a26        0x2 00
 .rodata.str1.4
                0x08056a28        0x4 ..\..\..\libs\libm.a(lib_a-w_pow.o)
 .rodata.str1.4
                0x08056a2c        0x5 ..\..\..\libs\libm.a(lib_a-w_sqrt.o)
                                  0x8 (size before relaxing)
 *fill*         0x08056a31        0x3 00
 .rodata.str1.4
                0x08056a34        0x7 ..\..\..\libs\libm.a(lib_a-wf_log10.o)
                                  0xc (size before relaxing)
 *fill*         0x08056a3b        0x1 00
 .rodata.str1.4
                0x08056a3c        0x5 ..\..\..\libs\libm.a(lib_a-wf_pow.o)
                                  0x8 (size before relaxing)
 *fill*         0x08056a41        0x3 00
 .rodata.str1.4
                0x08056a44        0x6 ..\..\..\libs\libm.a(lib_a-wf_sqrt.o)
                                  0x8 (size before relaxing)
 *fill*         0x08056a4a        0x6 00
 .rodata.dp_h   0x08056a50       0x10 ..\..\..\libs\libm.a(lib_a-e_pow.o)
 .rodata.dp_l   0x08056a60       0x10 ..\..\..\libs\libm.a(lib_a-e_pow.o)
 .rodata.bp     0x08056a70       0x10 ..\..\..\libs\libm.a(lib_a-e_pow.o)
 .rodata.str1.4
                0x00000000        0x4 ..\..\..\libs\libm.a(lib_a-e_pow.o)
 .rodata.dp_h   0x08056a80        0x8 ..\..\..\libs\libm.a(lib_a-ef_pow.o)
 .rodata.dp_l   0x08056a88        0x8 ..\..\..\libs\libm.a(lib_a-ef_pow.o)
 .rodata.bp     0x08056a90        0x8 ..\..\..\libs\libm.a(lib_a-ef_pow.o)
 .rodata.str1.4
                0x00000000        0x4 ..\..\..\libs\libm.a(lib_a-ef_pow.o)
 .rodata.TWO52  0x08056a98       0x10 ..\..\..\libs\libm.a(lib_a-s_rint.o)
 .rodata.str1.4
                0x08056aa8        0x4 c:/programme/gnu tools arm embedded/4.7 2014q2/bin/../lib/gcc/arm-none-eabi/4.7.4/../../../../arm-none-eabi/lib/armv7e-m/fpu\libg.a(lib_a-impure.o)
 *(.eh_fram e*)

.glue_7         0x08056aac        0x0
 .glue_7        0x00000000        0x0 linker stubs

.glue_7t        0x08056aac        0x0
 .glue_7t       0x00000000        0x0 linker stubs

.vfp11_veneer   0x08056aac        0x0
 .vfp11_veneer  0x00000000        0x0 linker stubs

.v4_bx          0x08056aac        0x0
 .v4_bx         0x00000000        0x0 linker stubs

.iplt           0x08056aac        0x0
 .iplt          0x00000000        0x0 ..\obj\stm32f4xx_syscfg.o

.rel.dyn        0x08056aac        0x0
 .rel.iplt      0x00000000        0x0 ..\obj\stm32f4xx_syscfg.o

.ARM.extab
 *(.ARM.extab* .gnu.linkonce.armextab.*)
                0x08056aac                __exidx_start = .

.ARM.exidx
 *(.ARM.exidx* .gnu.linkonce.armexidx.*)
                0x08056aac                __exidx_end = .
                0x08056aac                __etext = .
                0x08056aac                _sidata = __etext

.data           0x20000000      0x654 load address 0x08056aac
                0x20000000                __data_start__ = .
                0x20000000                _sdata = __data_start__
 *(vtable)
 *(.data*)
 .data          0x20000000       0x1c ..\obj\usbd_usr.o
                0x20000000                USR_cb
 .data          0x2000001c        0x4 ..\obj\mchf_hw_i2c.o
                0x2000001c                I2C1_Timeout
 .data          0x20000020       0x30 ..\obj\usbd_core.o
                0x20000020                USBD_DCD_INT_fops
                0x20000024                USBD_DCD_INT_cb
 .data          0x20000050       0x40 ..\obj\usbd_desc.o
                0x20000050                USBD_DeviceDesc
                0x20000064                USBD_LangIDDesc
                0x20000068                USBD_DeviceQualifierDesc
                0x20000074                USR_desc
 .data          0x20000090       0x1c ..\obj\usbd_cdc_vcp.o
                0x20000090                linecoding
                0x20000098                VCP_fops
 .data          0x200000ac        0x1 ..\obj\audio_driver.o
 *fill*         0x200000ad        0x3 00
 .data          0x200000b0       0x14 ..\obj\ui_menu.o
 .data          0x200000c4       0x74 ..\obj\usbd_cdc_core.o
                0x200000c8                usbd_cdc_CfgDesc
                0x2000010c                USBD_CDC_cb
 .data          0x20000138        0x4 ..\obj\mchf_hw_i2c2.o
                0x20000138                I2C2_Timeout
 .data          0x2000013c       0xe4 ..\obj\ui_driver.o
                0x2000014c                tcxo_table_20m
 .data.__fdlib_version
                0x20000220        0x1 ..\..\..\libs\libm.a(lib_a-s_lib_ver.o)
                0x20000220                __fdlib_version
 *fill*         0x20000221        0x7 00
 .data.impure_data
                0x20000228      0x428 c:/programme/gnu tools arm embedded/4.7 2014q2/bin/../lib/gcc/arm-none-eabi/4.7.4/../../../../arm-none-eabi/lib/armv7e-m/fpu\libg.a(lib_a-impure.o)
 .data._impure_ptr
                0x20000650        0x4 c:/programme/gnu tools arm embedded/4.7 2014q2/bin/../lib/gcc/arm-none-eabi/4.7.4/../../../../arm-none-eabi/lib/armv7e-m/fpu\libg.a(lib_a-impure.o)
                0x20000650                _impure_ptr
                0x20000654                . = ALIGN (0x4)
                0x20000654                PROVIDE (__preinit_array_start, .)
 *(.preinit_array)
                0x20000654                PROVIDE (__preinit_array_end, .)
                0x20000654                . = ALIGN (0x4)
                0x20000654                PROVIDE (__init_array_start, .)
 *(SORT(.init_array.*))
 *(.init_array)
                0x20000654                PROVIDE (__init_array_end, .)
                0x20000654                . = ALIGN (0x4)
                0x20000654                PROVIDE (__fini_array_start, .)
 *(SORT(.fini_array.*))
 *(.fini_array)
                0x20000654                PROVIDE (__fini_array_end, .)
 *(.jcr*)
                0x20000654                . = ALIGN (0x4)
                0x20000654                __data_end__ = .
                0x20000654                _edata = __data_end__

.igot.plt       0x20000654        0x0 load address 0x08057100
 .igot.plt      0x00000000        0x0 ..\obj\stm32f4xx_syscfg.o

.bss            0x20000658    0x152cc load address 0x08057108
                0x20000658                . = ALIGN (0x4)
                0x20000658                __bss_start__ = .
                0x20000658                _sbss = __bss_start__
 *(.bss*)
 .bss           0x20000658        0x4 ..\obj\usbh_bsp.o
                0x20000658                BSP_delay
 .bss           0x2000065c       0x90 ..\obj\i2s.o
 .bss           0x200006ec      0x1a4 ..\obj\audio_driver.o
 .bss           0x20000890       0x10 ..\obj\usbd_req.o
                0x20000894                USBD_default_cfg
                0x20000898                USBD_cfg_status
                0x2000089c                USBD_ep_status
 .bss           0x200008a0       0x1c ..\obj\usbd_cdc_core.o
                0x200008a8                USB_Tx_State
                0x200008ac                APP_Rx_ptr_out
                0x200008b0                APP_Rx_ptr_in
                0x200008b4                APP_Rx_length
 .bss           0x200008bc      0x850 ..\obj\ui_driver.o
                0x200008ed                drv_init
                0x200008f8                ptt_break
                0x20001100                drv_state
                0x20001108                unmute_delay
 .bss           0x2000110c        0x2 ..\obj\eeprom.o
                0x2000110c                DataVar
 *(COMMON)
 *fill*         0x2000110e        0x2 00
 COMMON         0x20001110        0x4 ..\obj\usbd_core.o
                0x20001110                SET_TEST_MODE
 COMMON         0x20001114      0x18c ..\obj\main.o
                0x20001114                ts
 COMMON         0x200012a0    0x127c0 ..\obj\audio_driver.o
                0x200012a0                lms1StateF32
                0x200016a0                lms2StateF32
                0x20001aa0                lms1_instance
                0x20001ab0                errsig2
                0x20001bd8                lms2_nr_delay
                0x20002418                rx_buffer
                0x2000251c                interpState
                0x200025e0                tx_buffer
                0x200026e4                errsig1
                0x2000280c                FIR_Q
                0x20002818                iir_tx_state
                0x200028dc                lms1NormCoeff_f32
                0x20002cdc                lms2NormCoeff_f32
                0x200030dc                FIR_Q_TX
                0x200030e8                sd
                0x20011dd8                result
                0x20011f00                agc_delay
                0x20012440                lms1Norm_instance
                0x20012458                FIR_I_TX
                0x20012464                FIR_I
                0x20012470                decimState
                0x20012534                sm
                0x20012548                IIR_TXFilter
                0x20012558                lms1_nr_delay
                0x20012d98                lms2Norm_instance
                0x20012db0                ads
                0x20013a50                lms2_instance
 COMMON         0x20013a60       0xff ..\obj\usbd_req.o
                0x20013a60                USBD_StrDesc
 *fill*         0x20013b5f        0x1 00
 COMMON         0x20013b60       0xd4 ..\obj\ui_menu.o
                0x20013b60                ks
                0x20013b84                pwmt
                0x20013b94                df
                0x20013bcc                lo
                0x20013bdc                ets
                0x20013be8                swrm
                0x20013c1c                ews
                0x20013c28                eos
 COMMON         0x20013c34      0x88c ..\obj\usbd_cdc_core.o
                0x20013c34                usbd_cdc_OtherCfgDesc
                0x20013c78                USB_Rx_Buffer
                0x20013cb8                CmdBuff
                0x20013cc0                APP_Rx_Buffer
 COMMON         0x200144c0       0x22 ..\obj\ui_si570.o
                0x200144c0                os
                0x200144e0                si570_address
 *fill*         0x200144e2        0x2 00
 COMMON         0x200144e4      0xa94 ..\obj\cat_driver.o
                0x200144e4                USB_OTG_dev
 COMMON         0x20014f78        0x4 ..\obj\softdds.o
                0x20014f78                step
 COMMON         0x20014f7c       0x18 ..\obj\cw_gen.o
                0x20014f7c                ps
 COMMON         0x20014f94      0x820 ..\obj\mchf_board.o
                0x20014f94                fc
 COMMON         0x200157b4      0x170 ..\obj\ui_driver.o
                0x200157b4                band_decod_mode
                0x200157dc                kd
                0x200157e0                band_filter_mode
                0x20015808                band_dial_value
                0x20015830                es
                0x20015834                band_decod_mode_a
                0x2001585c                band_decod_mode_b
                0x20015884                band_dial_value_b
                0x200158ac                band_filter_mode_a
                0x200158d4                band_dial_value_a
                0x200158fc                band_filter_mode_b
                0x20015924                . = ALIGN (0x4)
                0x20015924                __bss_end__ = .
                0x20015924                _ebss = __bss_end__

.heap           0x20015924        0x0
                0x20015924                __end__ = .
                0x20015924                _end = __end__
                0x20015924                end = __end__
 *(.heap*)
                0x20015924                __HeapLimit = .

.co_stack       0x20015924     0x1004 load address 0x0806c3d4
                0x20015928                . = ALIGN (0x8)
 *fill*         0x20015924        0x4 00
 *(.co_stack .co_stack.*)
 .co_stack      0x20015928     0x1000 ..\obj\startup_stm32f4xx.o
                0x20015928                pulStack
                0x20020000                __StackTop = (ORIGIN (ram) + 0x20000)
                0x2001effc                __StackLimit = (__StackTop - SIZEOF (.co_stack))
                0x20020000                PROVIDE (__stack, __StackTop)
                0x00000001                ASSERT ((__StackLimit >= __HeapLimit), region ram  overflowed with stack)
LOAD ..\obj\stm32f4xx_syscfg.o
LOAD ..\obj\usb_core.o
LOAD ..\obj\usbd_audio_out_if.o
LOAD ..\obj\ui_rotary.o
LOAD ..\obj\usbd_usr.o
LOAD ..\obj\usbh_hcs.o
LOAD ..\obj\stm32f4xx_usart.o
LOAD ..\obj\usbh_stdreq.o
LOAD ..\obj\stm32f4xx_pwr.o
LOAD ..\obj\stm32f4xx_wwdg.o
LOAD ..\obj\mchf_hw_i2c.o
LOAD ..\obj\keyb_driver.o
LOAD ..\obj\stm32f4xx_dac.o
LOAD ..\obj\startup_stm32f4xx.o
LOAD ..\obj\usbd_core.o
LOAD ..\obj\usbh_hid_mouse.o
LOAD ..\obj\main.o
LOAD ..\obj\stm32f4xx_rcc.o
LOAD ..\obj\codec.o
LOAD ..\obj\stm32f4xx_adc.o
LOAD ..\obj\ui_lcd_hy28.o
LOAD ..\obj\printf.o
LOAD ..\obj\usbh_hid_core.o
LOAD ..\obj\usbh_bsp.o
LOAD ..\obj\usbd_desc.o
LOAD ..\obj\stm32f4xx_fsmc.o
LOAD ..\obj\usbh_core.o
LOAD ..\obj\stm32f4xx_gpio.o
LOAD ..\obj\ui_lcd_hy28_fonts.o
LOAD ..\obj\stm32f4xx_flash.o
LOAD ..\obj\usbd_cdc_vcp.o
LOAD ..\obj\system_stm32f4xx.o
LOAD ..\obj\syscalls.o
LOAD ..\obj\stm32f4xx_dma.o
LOAD ..\obj\usbh_usr.o
LOAD ..\obj\i2s.o
LOAD ..\obj\audio_driver.o
LOAD ..\obj\usbd_req.o
LOAD ..\obj\usb_dcd_int.o
LOAD ..\obj\ui_menu.o
LOAD ..\obj\usbd_cdc_core.o
LOAD ..\obj\usb_hcd.o
LOAD ..\obj\ui_si570.o
LOAD ..\obj\cat_driver.o
LOAD ..\obj\usb_otg.o
LOAD ..\obj\stm32f4xx_spi.o
LOAD ..\obj\softdds.o
LOAD ..\obj\stm32f4xx_i2c.o
LOAD ..\obj\stm32f4xx_exti.o
LOAD ..\obj\usbh_ioreq.o
LOAD ..\obj\misc.o
LOAD ..\obj\usb_dcd.o
LOAD ..\obj\mchf_hw_i2c2.o
LOAD ..\obj\cw_gen.o
LOAD ..\obj\usbh_hid_keybd.o
LOAD ..\obj\mchf_board.o
LOAD ..\obj\stm32f4xx_rtc.o
LOAD ..\obj\usbd_ioreq.o
LOAD ..\obj\usbd_bsp.o
LOAD ..\obj\usbd_audio_core.o
LOAD ..\obj\stm32f4xx_tim.o
LOAD ..\obj\ui_driver.o
LOAD ..\obj\usb_hcd_int.o
LOAD ..\obj\eeprom.o
LOAD ..\..\..\libs\libarm_cortexm4lf_math.a
LOAD ..\..\..\libs\libm.a
START GROUP
LOAD c:/programme/gnu tools arm embedded/4.7 2014q2/bin/../lib/gcc/arm-none-eabi/4.7.4/armv7e-m/fpu\libgcc.a
LOAD c:/programme/gnu tools arm embedded/4.7 2014q2/bin/../lib/gcc/arm-none-eabi/4.7.4/../../../../arm-none-eabi/lib/armv7e-m/fpu\libg.a
LOAD c:/programme/gnu tools arm embedded/4.7 2014q2/bin/../lib/gcc/arm-none-eabi/4.7.4/../../../../arm-none-eabi/lib/armv7e-m/fpu\libc.a
END GROUP
OUTPUT(firmware_Target_Flash.elf elf32-littlearm)

.debug_info     0x00000000    0x689d3
 .debug_info    0x00000000      0x2c2 ..\obj\stm32f4xx_syscfg.o
 .debug_info    0x000002c2     0x4144 ..\obj\usb_core.o
 .debug_info    0x00004406      0xa41 ..\obj\ui_rotary.o
 .debug_info    0x00004e47      0x1f9 ..\obj\usbd_usr.o
 .debug_info    0x00005040      0xf0b ..\obj\mchf_hw_i2c.o
 .debug_info    0x00005f4b     0x19c5 ..\obj\keyb_driver.o
 .debug_info    0x00007910      0x6e9 ..\obj\stm32f4xx_dac.o
 .debug_info    0x00007ff9      0x12e ..\obj\startup_stm32f4xx.o
 .debug_info    0x00008127     0x1851 ..\obj\usbd_core.o
 .debug_info    0x00009978     0x1e99 ..\obj\main.o
 .debug_info    0x0000b811      0xdd2 ..\obj\stm32f4xx_rcc.o
 .debug_info    0x0000c5e3     0x2a7a ..\obj\codec.o
 .debug_info    0x0000f05d      0xd65 ..\obj\stm32f4xx_adc.o
 .debug_info    0x0000fdc2    0x16d6c ..\obj\ui_lcd_hy28.o
 .debug_info    0x00026b2e     0x1a0e ..\obj\printf.o
 .debug_info    0x0002853c     0x1d2f ..\obj\usbh_bsp.o
 .debug_info    0x0002a26b      0x567 ..\obj\usbd_desc.o
 .debug_info    0x0002a7d2      0x9be ..\obj\stm32f4xx_fsmc.o
 .debug_info    0x0002b190      0x81b ..\obj\stm32f4xx_gpio.o
 .debug_info    0x0002b9ab      0x1f8 ..\obj\ui_lcd_hy28_fonts.o
 .debug_info    0x0002bba3     0x12ba ..\obj\stm32f4xx_flash.o
 .debug_info    0x0002ce5d      0xeac ..\obj\usbd_cdc_vcp.o
 .debug_info    0x0002dd09      0x5e7 ..\obj\system_stm32f4xx.o
 .debug_info    0x0002e2f0      0x7b1 ..\obj\stm32f4xx_dma.o
 .debug_info    0x0002eaa1      0xc6a ..\obj\i2s.o
 .debug_info    0x0002f70b     0x459f ..\obj\audio_driver.o
 .debug_info    0x00033caa     0x199f ..\obj\usbd_req.o
 .debug_info    0x00035649     0x27d9 ..\obj\usb_dcd_int.o
 .debug_info    0x00037e22     0x4d58 ..\obj\ui_menu.o
 .debug_info    0x0003cb7a     0x167d ..\obj\usbd_cdc_core.o
 .debug_info    0x0003e1f7     0x1124 ..\obj\ui_si570.o
 .debug_info    0x0003f31b     0x10b2 ..\obj\cat_driver.o
 .debug_info    0x000403cd      0xca2 ..\obj\stm32f4xx_spi.o
 .debug_info    0x0004106f      0x20a ..\obj\softdds.o
 .debug_info    0x00041279      0xc8b ..\obj\stm32f4xx_i2c.o
 .debug_info    0x00041f04      0x371 ..\obj\stm32f4xx_exti.o
 .debug_info    0x00042275      0x594 ..\obj\misc.o
 .debug_info    0x00042809     0x180c ..\obj\usb_dcd.o