Archive member included to satisfy reference by file (symbol)

/usr/lib/gcc/arm-none-eabi/5.4.1/../../../arm-none-eabi/lib/armv7e-m/fpu/fpv5-d16/libc_nano.a(lib_a-assert.o)
                              drivers/freedv/codec2.o (symbol from plugin) (__assert_func)
/usr/lib/gcc/arm-none-eabi/5.4.1/../../../arm-none-eabi/lib/armv7e-m/fpu/fpv5-d16/libc_nano.a(lib_a-atexit.o)
                              /usr/lib/gcc/arm-none-eabi/5.4.1/../../../arm-none-eabi/lib/armv7e-m/fpu/fpv5-d16/crt0.o (atexit)
/usr/lib/gcc/arm-none-eabi/5.4.1/../../../arm-none-eabi/lib/armv7e-m/fpu/fpv5-d16/libc_nano.a(lib_a-atoi.o)
                              drivers/ui/ui_driver.o (symbol from plugin) (atoi)
/usr/lib/gcc/arm-none-eabi/5.4.1/../../../arm-none-eabi/lib/armv7e-m/fpu/fpv5-d16/libc_nano.a(lib_a-div.o)
                              drivers/ui/ui_driver.o (symbol from plugin) (div)
/usr/lib/gcc/arm-none-eabi/5.4.1/../../../arm-none-eabi/lib/armv7e-m/fpu/fpv5-d16/libc_nano.a(lib_a-exit.o)
                              /usr/lib/gcc/arm-none-eabi/5.4.1/../../../arm-none-eabi/lib/armv7e-m/fpu/fpv5-d16/crt0.o (exit)
/usr/lib/gcc/arm-none-eabi/5.4.1/../../../arm-none-eabi/lib/armv7e-m/fpu/fpv5-d16/libc_nano.a(lib_a-fini.o)
                              /usr/lib/gcc/arm-none-eabi/5.4.1/../../../arm-none-eabi/lib/armv7e-m/fpu/fpv5-d16/crt0.o (__libc_fini_array)
/usr/lib/gcc/arm-none-eabi/5.4.1/../../../arm-none-eabi/lib/armv7e-m/fpu/fpv5-d16/libc_nano.a(lib_a-fprintf.o)
                              /usr/lib/gcc/arm-none-eabi/5.4.1/../../../arm-none-eabi/lib/armv7e-m/fpu/fpv5-d16/libc_nano.a(lib_a-assert.o) (fiprintf)
/usr/lib/gcc/arm-none-eabi/5.4.1/../../../arm-none-eabi/lib/armv7e-m/fpu/fpv5-d16/libc_nano.a(lib_a-impure.o)
                              /usr/lib/gcc/arm-none-eabi/5.4.1/../../../arm-none-eabi/lib/armv7e-m/fpu/fpv5-d16/libc_nano.a(lib_a-exit.o) (_global_impure_ptr)
/usr/lib/gcc/arm-none-eabi/5.4.1/../../../arm-none-eabi/lib/armv7e-m/fpu/fpv5-d16/libc_nano.a(lib_a-init.o)
                              /usr/lib/gcc/arm-none-eabi/5.4.1/../../../arm-none-eabi/lib/armv7e-m/fpu/fpv5-d16/crt0.o (__libc_init_array)
/usr/lib/gcc/arm-none-eabi/5.4.1/../../../arm-none-eabi/lib/armv7e-m/fpu/fpv5-d16/libc_nano.a(lib_a-memset.o)
                              /usr/lib/gcc/arm-none-eabi/5.4.1/../../../arm-none-eabi/lib/armv7e-m/fpu/fpv5-d16/crt0.o (memset)
/usr/lib/gcc/arm-none-eabi/5.4.1/../../../arm-none-eabi/lib/armv7e-m/fpu/fpv5-d16/libc_nano.a(lib_a-nano-vfprintf.o)
                              /usr/lib/gcc/arm-none-eabi/5.4.1/../../../arm-none-eabi/lib/armv7e-m/fpu/fpv5-d16/libc_nano.a(lib_a-fprintf.o) (_vfprintf_r)
/usr/lib/gcc/arm-none-eabi/5.4.1/../../../arm-none-eabi/lib/armv7e-m/fpu/fpv5-d16/libc_nano.a(lib_a-nano-vfprintf_i.o)
                              /usr/lib/gcc/arm-none-eabi/5.4.1/../../../arm-none-eabi/lib/armv7e-m/fpu/fpv5-d16/libc_nano.a(lib_a-nano-vfprintf.o) (_printf_i)
/usr/lib/gcc/arm-none-eabi/5.4.1/../../../arm-none-eabi/lib/armv7e-m/fpu/fpv5-d16/libc_nano.a(lib_a-rand.o)
                              drivers/freedv/fdmdv.o (symbol from plugin) (rand)
/usr/lib/gcc/arm-none-eabi/5.4.1/../../../arm-none-eabi/lib/armv7e-m/fpu/fpv5-d16/libc_nano.a(lib_a-strnlen.o)
                              drivers/ui/menu/ui_menu.o (symbol from plugin) (strnlen)
/usr/lib/gcc/arm-none-eabi/5.4.1/../../../arm-none-eabi/lib/armv7e-m/fpu/fpv5-d16/libc_nano.a(lib_a-strtol.o)
                              /usr/lib/gcc/arm-none-eabi/5.4.1/../../../arm-none-eabi/lib/armv7e-m/fpu/fpv5-d16/libc_nano.a(lib_a-atoi.o) (_strtol_r)
/usr/lib/gcc/arm-none-eabi/5.4.1/../../../arm-none-eabi/lib/armv7e-m/fpu/fpv5-d16/libc_nano.a(lib_a-wbuf.o)
                              /usr/lib/gcc/arm-none-eabi/5.4.1/../../../arm-none-eabi/lib/armv7e-m/fpu/fpv5-d16/libc_nano.a(lib_a-nano-vfprintf.o) (__swbuf_r)
/usr/lib/gcc/arm-none-eabi/5.4.1/../../../arm-none-eabi/lib/armv7e-m/fpu/fpv5-d16/libc_nano.a(lib_a-wsetup.o)
                              /usr/lib/gcc/arm-none-eabi/5.4.1/../../../arm-none-eabi/lib/armv7e-m/fpu/fpv5-d16/libc_nano.a(lib_a-nano-vfprintf.o) (__swsetup_r)
/usr/lib/gcc/arm-none-eabi/5.4.1/../../../arm-none-eabi/lib/armv7e-m/fpu/fpv5-d16/libc_nano.a(lib_a-__atexit.o)
                              /usr/lib/gcc/arm-none-eabi/5.4.1/../../../arm-none-eabi/lib/armv7e-m/fpu/fpv5-d16/libc_nano.a(lib_a-atexit.o) (__register_exitproc)
/usr/lib/gcc/arm-none-eabi/5.4.1/../../../arm-none-eabi/lib/armv7e-m/fpu/fpv5-d16/libc_nano.a(lib_a-__call_atexit.o)
                              /usr/lib/gcc/arm-none-eabi/5.4.1/../../../arm-none-eabi/lib/armv7e-m/fpu/fpv5-d16/libc_nano.a(lib_a-__atexit.o) (__call_exitprocs)
/usr/lib/gcc/arm-none-eabi/5.4.1/../../../arm-none-eabi/lib/armv7e-m/fpu/fpv5-d16/libc_nano.a(lib_a-abort.o)
                              /usr/lib/gcc/arm-none-eabi/5.4.1/../../../arm-none-eabi/lib/armv7e-m/fpu/fpv5-d16/libc_nano.a(lib_a-assert.o) (abort)
[...]
Memory Configuration

Name             Origin             Length             Attributes
rom              0x0000000008010000 0x00000000001f0000 xr
ram              0x0000000020000000 0x0000000000040000 xrw
ram1             0x0000000010000000 0x0000000000010000 xrw
*default*        0x0000000000000000 0xffffffffffffffff

Linker script and memory map

LOAD /usr/lib/gcc/arm-none-eabi/5.4.1/armv7e-m/fpu/fpv5-d16/crti.o
LOAD /usr/lib/gcc/arm-none-eabi/5.4.1/armv7e-m/fpu/fpv5-d16/crtbegin.o
LOAD /usr/lib/gcc/arm-none-eabi/5.4.1/../../../arm-none-eabi/lib/armv7e-m/fpu/fpv5-d16/crt0.o
LOAD src/uhsdr_main.o
LOAD /tmp/cc0yi5Hh.ltrans0.ltrans.o
LOAD /tmp/cc0yi5Hh.ltrans1.ltrans.o
LOAD /tmp/cc0yi5Hh.ltrans2.ltrans.o
LOAD /tmp/cc0yi5Hh.ltrans3.ltrans.o
LOAD /tmp/cc0yi5Hh.ltrans4.ltrans.o
LOAD /tmp/cc0yi5Hh.ltrans5.ltrans.o
LOAD /tmp/cc0yi5Hh.ltrans6.ltrans.o
LOAD /tmp/cc0yi5Hh.ltrans7.ltrans.o
LOAD /tmp/cc0yi5Hh.ltrans8.ltrans.o
LOAD /tmp/cc0yi5Hh.ltrans9.ltrans.o
LOAD /tmp/cc0yi5Hh.ltrans10.ltrans.o
LOAD /tmp/cc0yi5Hh.ltrans11.ltrans.o
LOAD /tmp/cc0yi5Hh.ltrans12.ltrans.o
LOAD /tmp/cc0yi5Hh.ltrans13.ltrans.o
LOAD /tmp/cc0yi5Hh.ltrans14.ltrans.o
LOAD /tmp/cc0yi5Hh.ltrans15.ltrans.o
LOAD /tmp/cc0yi5Hh.ltrans16.ltrans.o
LOAD /tmp/cc0yi5Hh.ltrans17.ltrans.o
LOAD /tmp/cc0yi5Hh.ltrans18.ltrans.o
LOAD /tmp/cc0yi5Hh.ltrans19.ltrans.o
LOAD /tmp/cc0yi5Hh.ltrans20.ltrans.o
LOAD /tmp/cc0yi5Hh.ltrans21.ltrans.o
LOAD /tmp/cc0yi5Hh.ltrans22.ltrans.o
LOAD /tmp/cc0yi5Hh.ltrans23.ltrans.o
LOAD /tmp/cc0yi5Hh.ltrans24.ltrans.o
LOAD /tmp/cc0yi5Hh.ltrans25.ltrans.o
LOAD /tmp/cc0yi5Hh.ltrans26.ltrans.o
LOAD /tmp/cc0yi5Hh.ltrans27.ltrans.o
LOAD /tmp/cc0yi5Hh.ltrans28.ltrans.o
LOAD /tmp/cc0yi5Hh.ltrans29.ltrans.o
LOAD /tmp/cc0yi5Hh.ltrans30.ltrans.o
LOAD /tmp/cc0yi5Hh.ltrans31.ltrans.o
LOAD misc/v_eprom/eeprom.o
LOAD misc/config_storage.o
LOAD misc/TestCPlusPlusBuild.o
LOAD misc/profiling.o
LOAD misc/serial_eeprom.o
LOAD hardware/uhsdr_board.o
LOAD hardware/uhsdr_hw_i2c.o
LOAD hardware/uhsdr_rtc.o
LOAD drivers/usb/device/class/composite/usbd_composite.o
LOAD drivers/usb/device/class/composite/usbd_composite_desc.o
LOAD drivers/usb/device/class/CDC/Src/usbd_cdc.o
LOAD drivers/usb/device/class/AUDIO/Src/usbd_audio_cdc_comp.o
LOAD drivers/usb/app/usb_device.o
LOAD drivers/usb/app/usbd_audio_if.o
LOAD drivers/usb/app/usbd_cdc_if.o
LOAD drivers/usb/app/usbd_desc.o
LOAD drivers/ui/oscillator/soft_tcxo.o
LOAD drivers/ui/oscillator/ui_si570.o
LOAD drivers/ui/menu/ui_menu.o
LOAD drivers/ui/menu/ui_menu_internal.o
LOAD drivers/ui/menu/ui_menu_structure.o
LOAD drivers/ui/lcd/ui_lcd_hy28.o
LOAD drivers/ui/lcd/ui_lcd_hy28_fonts.o
LOAD drivers/ui/lcd/ui_spectrum.o
LOAD drivers/ui/encoder/ui_rotary.o
LOAD drivers/ui/radio_management.o
LOAD drivers/ui/ui_configuration.o
LOAD drivers/ui/ui_driver.o
LOAD drivers/freedv/codebook.o
LOAD drivers/freedv/codebookd.o
LOAD drivers/freedv/codebookdt.o
LOAD drivers/freedv/codebookge.o
LOAD drivers/freedv/codebookjnd.o
LOAD drivers/freedv/codebookjvm.o
LOAD drivers/freedv/codebooklspmelvq.o
LOAD drivers/freedv/codebookmel.o
LOAD drivers/freedv/codebookres.o
LOAD drivers/freedv/codebookvq.o
LOAD drivers/freedv/codebookvqanssi.o
LOAD drivers/freedv/codec2.o
LOAD drivers/freedv/codec2_fft.o
LOAD drivers/freedv/cohpsk.o
LOAD drivers/freedv/dump.o
LOAD drivers/freedv/fdmdv.o
LOAD drivers/freedv/fifo.o
LOAD drivers/freedv/fm.o
LOAD drivers/freedv/fmfsk.o
LOAD drivers/freedv/freedv_api.o
LOAD drivers/freedv/freedv_data_channel.o
LOAD drivers/freedv/freedv_vhf_framing.o
LOAD drivers/freedv/fsk.o
LOAD drivers/freedv/golay23.o
LOAD drivers/freedv/interp.o
LOAD drivers/freedv/kiss_fft.o
LOAD drivers/freedv/kiss_fftr.o
LOAD drivers/freedv/linreg.o
LOAD drivers/freedv/lpc.o
LOAD drivers/freedv/lsp.o
LOAD drivers/freedv/modem_stats.o
LOAD drivers/freedv/nlp.o
LOAD drivers/freedv/octave.o
LOAD drivers/freedv/pack.o
LOAD drivers/freedv/phase.o
LOAD drivers/freedv/postfilter.o
LOAD drivers/freedv/quantise.o
LOAD drivers/freedv/sine.o
LOAD drivers/freedv/varicode.o
LOAD drivers/cat/cat_driver.o
LOAD drivers/audio/softdds/dds_table.o
LOAD drivers/audio/softdds/softdds.o
LOAD drivers/audio/filters/fir_rx_decimate_4.o
LOAD drivers/audio/filters/fir_rx_decimate_4_min_lpf.o
LOAD drivers/audio/filters/fir_rx_interpolate_16.o
LOAD drivers/audio/filters/fir_rx_interpolate_16_10kHz.o
LOAD drivers/audio/filters/iir_10k.o
LOAD drivers/audio/filters/iir_10k_neu.o
LOAD drivers/audio/filters/iir_15k_hpf_fm_squelch.o
LOAD drivers/audio/filters/iir_1_4k.o
LOAD drivers/audio/filters/iir_1_6k.o
LOAD drivers/audio/filters/iir_1_8k.o
LOAD drivers/audio/filters/iir_2_1k.o
LOAD drivers/audio/filters/iir_2_3k.o
LOAD drivers/audio/filters/iir_2_5k.o
LOAD drivers/audio/filters/iir_2_7k.o
LOAD drivers/audio/filters/iir_2_9k.o
LOAD drivers/audio/filters/iir_2k7_tx_bpf.o
LOAD drivers/audio/filters/iir_2k7_tx_bpf_fm.o
LOAD drivers/audio/filters/iir_300hz.o
LOAD drivers/audio/filters/iir_3_2k.o
LOAD drivers/audio/filters/iir_3_4k.o
LOAD drivers/audio/filters/iir_3_6k.o
LOAD drivers/audio/filters/iir_3_8k.o
LOAD drivers/audio/filters/iir_3k.o
LOAD drivers/audio/filters/iir_4_2k.o
LOAD drivers/audio/filters/iir_4_4k.o
LOAD drivers/audio/filters/iir_4_6k.o
LOAD drivers/audio/filters/iir_4_8k.o
LOAD drivers/audio/filters/iir_4k.o
LOAD drivers/audio/filters/iir_500hz.o
LOAD drivers/audio/filters/iir_5_5k.o
LOAD drivers/audio/filters/iir_5k.o
LOAD drivers/audio/filters/iir_6_5k.o
LOAD drivers/audio/filters/iir_6k.o
LOAD drivers/audio/filters/iir_7_5k.o
LOAD drivers/audio/filters/iir_7k.o
LOAD drivers/audio/filters/iir_8_5k.o
LOAD drivers/audio/filters/iir_8k.o
LOAD drivers/audio/filters/iir_8k5_hpf_fm_squelch.o
LOAD drivers/audio/filters/iir_9_5k.o
LOAD drivers/audio/filters/iir_9k.o
LOAD drivers/audio/filters/iir_antialias.o
LOAD drivers/audio/filters/iq_rx_filter.o
LOAD drivers/audio/filters/iq_rx_filter_am.o
LOAD drivers/audio/filters/iq_tx_filter.o
LOAD drivers/audio/cw/cw_gen.o
LOAD drivers/audio/codec/codec.o
LOAD drivers/audio/codec/uhsdr_hw_i2s.o
LOAD drivers/audio/audio_driver.o
LOAD drivers/audio/audio_filter.o
LOAD drivers/audio/audio_management.o
LOAD drivers/audio/freedv_uhsdr.o
LOAD drivers/audio/freedv_test_data.o
LOAD basesw/ovi40/Src/adc.o
LOAD basesw/ovi40/Src/dac.o
LOAD basesw/ovi40/Src/dma.o
LOAD basesw/ovi40/Src/fatfs.o
LOAD basesw/ovi40/Src/fmc.o
LOAD basesw/ovi40/Src/gpio.o
LOAD basesw/ovi40/Src/i2c.o
LOAD basesw/ovi40/Src/main.o
LOAD basesw/ovi40/Src/rtc.o
LOAD basesw/ovi40/Src/sai.o
LOAD basesw/ovi40/Src/spi.o
LOAD basesw/ovi40/Src/stm32f7xx_hal_msp.o
LOAD basesw/ovi40/Src/stm32f7xx_it.o
LOAD basesw/ovi40/Src/tim.o
LOAD basesw/ovi40/Src/usb_host.o
LOAD basesw/ovi40/Src/usb_otg_fs.o
LOAD basesw/ovi40/Src/usbd_conf.o
LOAD basesw/ovi40/Src/usbh_conf.o
LOAD basesw/ovi40/Middlewares/Third_Party/FatFs/src/option/syscall.o
LOAD basesw/ovi40/Middlewares/Third_Party/FatFs/src/option/unicode.o
LOAD basesw/ovi40/Middlewares/Third_Party/FatFs/src/drivers/usbh_diskio.o
LOAD basesw/ovi40/Middlewares/Third_Party/FatFs/src/diskio.o
LOAD basesw/ovi40/Middlewares/Third_Party/FatFs/src/ff.o
LOAD basesw/ovi40/Middlewares/Third_Party/FatFs/src/ff_gen_drv.o
LOAD basesw/ovi40/Middlewares/ST/STM32_USB_Host_Library/Core/Src/usbh_core.o
LOAD basesw/ovi40/Middlewares/ST/STM32_USB_Host_Library/Core/Src/usbh_ctlreq.o
LOAD basesw/ovi40/Middlewares/ST/STM32_USB_Host_Library/Core/Src/usbh_ioreq.o
LOAD basesw/ovi40/Middlewares/ST/STM32_USB_Host_Library/Core/Src/usbh_pipes.o
LOAD basesw/ovi40/Middlewares/ST/STM32_USB_Host_Library/Class/MSC/Src/usbh_msc.o
LOAD basesw/ovi40/Middlewares/ST/STM32_USB_Host_Library/Class/MSC/Src/usbh_msc_bot.o
LOAD basesw/ovi40/Middlewares/ST/STM32_USB_Host_Library/Class/MSC/Src/usbh_msc_scsi.o
LOAD basesw/ovi40/Middlewares/ST/STM32_USB_Device_Library/Core/Src/usbd_core.o
LOAD basesw/ovi40/Middlewares/ST/STM32_USB_Device_Library/Core/Src/usbd_ctlreq.o
LOAD basesw/ovi40/Middlewares/ST/STM32_USB_Device_Library/Core/Src/usbd_ioreq.o
LOAD basesw/ovi40/Drivers/STM32F7xx_HAL_Driver/Src/stm32f7xx_hal.o
LOAD basesw/ovi40/Drivers/STM32F7xx_HAL_Driver/Src/stm32f7xx_hal_adc.o
LOAD basesw/ovi40/Drivers/STM32F7xx_HAL_Driver/Src/stm32f7xx_hal_adc_ex.o
LOAD basesw/ovi40/Drivers/STM32F7xx_HAL_Driver/Src/stm32f7xx_hal_can.o
LOAD basesw/ovi40/Drivers/STM32F7xx_HAL_Driver/Src/stm32f7xx_hal_cec.o
LOAD basesw/ovi40/Drivers/STM32F7xx_HAL_Driver/Src/stm32f7xx_hal_cortex.o
LOAD basesw/ovi40/Drivers/STM32F7xx_HAL_Driver/Src/stm32f7xx_hal_crc.o
LOAD basesw/ovi40/Drivers/STM32F7xx_HAL_Driver/Src/stm32f7xx_hal_crc_ex.o
LOAD basesw/ovi40/Drivers/STM32F7xx_HAL_Driver/Src/stm32f7xx_hal_cryp.o
LOAD basesw/ovi40/Drivers/STM32F7xx_HAL_Driver/Src/stm32f7xx_hal_cryp_ex.o
LOAD basesw/ovi40/Drivers/STM32F7xx_HAL_Driver/Src/stm32f7xx_hal_dac.o
LOAD basesw/ovi40/Drivers/STM32F7xx_HAL_Driver/Src/stm32f7xx_hal_dac_ex.o
LOAD basesw/ovi40/Drivers/STM32F7xx_HAL_Driver/Src/stm32f7xx_hal_dcmi.o
LOAD basesw/ovi40/Drivers/STM32F7xx_HAL_Driver/Src/stm32f7xx_hal_dcmi_ex.o
LOAD basesw/ovi40/Drivers/STM32F7xx_HAL_Driver/Src/stm32f7xx_hal_dfsdm.o
LOAD basesw/ovi40/Drivers/STM32F7xx_HAL_Driver/Src/stm32f7xx_hal_dma.o
LOAD basesw/ovi40/Drivers/STM32F7xx_HAL_Driver/Src/stm32f7xx_hal_dma2d.o
LOAD basesw/ovi40/Drivers/STM32F7xx_HAL_Driver/Src/stm32f7xx_hal_dma_ex.o
LOAD basesw/ovi40/Drivers/STM32F7xx_HAL_Driver/Src/stm32f7xx_hal_dsi.o
LOAD basesw/ovi40/Drivers/STM32F7xx_HAL_Driver/Src/stm32f7xx_hal_eth.o
LOAD basesw/ovi40/Drivers/STM32F7xx_HAL_Driver/Src/stm32f7xx_hal_flash.o
LOAD basesw/ovi40/Drivers/STM32F7xx_HAL_Driver/Src/stm32f7xx_hal_flash_ex.o
LOAD basesw/ovi40/Drivers/STM32F7xx_HAL_Driver/Src/stm32f7xx_hal_gpio.o
LOAD basesw/ovi40/Drivers/STM32F7xx_HAL_Driver/Src/stm32f7xx_hal_hash.o
LOAD basesw/ovi40/Drivers/STM32F7xx_HAL_Driver/Src/stm32f7xx_hal_hash_ex.o
LOAD basesw/ovi40/Drivers/STM32F7xx_HAL_Driver/Src/stm32f7xx_hal_i2c.o
LOAD basesw/ovi40/Drivers/STM32F7xx_HAL_Driver/Src/stm32f7xx_hal_hcd.o
LOAD basesw/ovi40/Drivers/STM32F7xx_HAL_Driver/Src/stm32f7xx_hal_i2c_ex.o
LOAD basesw/ovi40/Drivers/STM32F7xx_HAL_Driver/Src/stm32f7xx_hal_i2s.o
LOAD basesw/ovi40/Drivers/STM32F7xx_HAL_Driver/Src/stm32f7xx_hal_irda.o
LOAD basesw/ovi40/Drivers/STM32F7xx_HAL_Driver/Src/stm32f7xx_hal_iwdg.o
LOAD basesw/ovi40/Drivers/STM32F7xx_HAL_Driver/Src/stm32f7xx_hal_jpeg.o
LOAD basesw/ovi40/Drivers/STM32F7xx_HAL_Driver/Src/stm32f7xx_hal_lptim.o
LOAD basesw/ovi40/Drivers/STM32F7xx_HAL_Driver/Src/stm32f7xx_hal_ltdc.o
LOAD basesw/ovi40/Drivers/STM32F7xx_HAL_Driver/Src/stm32f7xx_hal_ltdc_ex.o
LOAD basesw/ovi40/Drivers/STM32F7xx_HAL_Driver/Src/stm32f7xx_hal_mdios.o
LOAD basesw/ovi40/Drivers/STM32F7xx_HAL_Driver/Src/stm32f7xx_hal_mmc.o
LOAD basesw/ovi40/Drivers/STM32F7xx_HAL_Driver/Src/stm32f7xx_hal_nand.o
LOAD basesw/ovi40/Drivers/STM32F7xx_HAL_Driver/Src/stm32f7xx_hal_nor.o
LOAD basesw/ovi40/Drivers/STM32F7xx_HAL_Driver/Src/stm32f7xx_hal_pcd.o
LOAD basesw/ovi40/Drivers/STM32F7xx_HAL_Driver/Src/stm32f7xx_hal_pcd_ex.o
LOAD basesw/ovi40/Drivers/STM32F7xx_HAL_Driver/Src/stm32f7xx_hal_pwr.o
LOAD basesw/ovi40/Drivers/STM32F7xx_HAL_Driver/Src/stm32f7xx_hal_pwr_ex.o
LOAD basesw/ovi40/Drivers/STM32F7xx_HAL_Driver/Src/stm32f7xx_hal_qspi.o
LOAD basesw/ovi40/Drivers/STM32F7xx_HAL_Driver/Src/stm32f7xx_hal_rcc.o
LOAD basesw/ovi40/Drivers/STM32F7xx_HAL_Driver/Src/stm32f7xx_hal_rcc_ex.o
LOAD basesw/ovi40/Drivers/STM32F7xx_HAL_Driver/Src/stm32f7xx_hal_rng.o
LOAD basesw/ovi40/Drivers/STM32F7xx_HAL_Driver/Src/stm32f7xx_hal_rtc.o
LOAD basesw/ovi40/Drivers/STM32F7xx_HAL_Driver/Src/stm32f7xx_hal_rtc_ex.o
LOAD basesw/ovi40/Drivers/STM32F7xx_HAL_Driver/Src/stm32f7xx_hal_sai.o
LOAD basesw/ovi40/Drivers/STM32F7xx_HAL_Driver/Src/stm32f7xx_hal_sai_ex.o
LOAD basesw/ovi40/Drivers/STM32F7xx_HAL_Driver/Src/stm32f7xx_hal_sd.o
LOAD basesw/ovi40/Drivers/STM32F7xx_HAL_Driver/Src/stm32f7xx_hal_sdram.o
LOAD basesw/ovi40/Drivers/STM32F7xx_HAL_Driver/Src/stm32f7xx_hal_smartcard.o
LOAD basesw/ovi40/Drivers/STM32F7xx_HAL_Driver/Src/stm32f7xx_hal_smartcard_ex.o
LOAD basesw/ovi40/Drivers/STM32F7xx_HAL_Driver/Src/stm32f7xx_hal_smbus.o
LOAD basesw/ovi40/Drivers/STM32F7xx_HAL_Driver/Src/stm32f7xx_hal_spdifrx.o
LOAD basesw/ovi40/Drivers/STM32F7xx_HAL_Driver/Src/stm32f7xx_hal_spi.o
LOAD basesw/ovi40/Drivers/STM32F7xx_HAL_Driver/Src/stm32f7xx_hal_sram.o
LOAD basesw/ovi40/Drivers/STM32F7xx_HAL_Driver/Src/stm32f7xx_hal_tim.o
LOAD basesw/ovi40/Drivers/STM32F7xx_HAL_Driver/Src/stm32f7xx_hal_tim_ex.o
LOAD basesw/ovi40/Drivers/STM32F7xx_HAL_Driver/Src/stm32f7xx_hal_uart.o
LOAD basesw/ovi40/Drivers/STM32F7xx_HAL_Driver/Src/stm32f7xx_hal_usart.o
LOAD basesw/ovi40/Drivers/STM32F7xx_HAL_Driver/Src/stm32f7xx_hal_wwdg.o
LOAD basesw/ovi40/Drivers/STM32F7xx_HAL_Driver/Src/stm32f7xx_ll_adc.o
LOAD basesw/ovi40/Drivers/STM32F7xx_HAL_Driver/Src/stm32f7xx_ll_crc.o
LOAD basesw/ovi40/Drivers/STM32F7xx_HAL_Driver/Src/stm32f7xx_ll_dac.o
LOAD basesw/ovi40/Drivers/STM32F7xx_HAL_Driver/Src/stm32f7xx_ll_dma.o
LOAD basesw/ovi40/Drivers/STM32F7xx_HAL_Driver/Src/stm32f7xx_ll_dma2d.o
LOAD basesw/ovi40/Drivers/STM32F7xx_HAL_Driver/Src/stm32f7xx_ll_exti.o
LOAD basesw/ovi40/Drivers/STM32F7xx_HAL_Driver/Src/stm32f7xx_ll_fmc.o
LOAD basesw/ovi40/Drivers/STM32F7xx_HAL_Driver/Src/stm32f7xx_ll_gpio.o
LOAD basesw/ovi40/Drivers/STM32F7xx_HAL_Driver/Src/stm32f7xx_ll_i2c.o
LOAD basesw/ovi40/Drivers/STM32F7xx_HAL_Driver/Src/stm32f7xx_ll_lptim.o
LOAD basesw/ovi40/Drivers/STM32F7xx_HAL_Driver/Src/stm32f7xx_ll_pwr.o
LOAD basesw/ovi40/Drivers/STM32F7xx_HAL_Driver/Src/stm32f7xx_ll_rcc.o
LOAD basesw/ovi40/Drivers/STM32F7xx_HAL_Driver/Src/stm32f7xx_ll_rng.o
LOAD basesw/ovi40/Drivers/STM32F7xx_HAL_Driver/Src/stm32f7xx_ll_rtc.o
LOAD basesw/ovi40/Drivers/STM32F7xx_HAL_Driver/Src/stm32f7xx_ll_sdmmc.o
LOAD basesw/ovi40/Drivers/STM32F7xx_HAL_Driver/Src/stm32f7xx_ll_spi.o
LOAD basesw/ovi40/Drivers/STM32F7xx_HAL_Driver/Src/stm32f7xx_ll_tim.o
LOAD basesw/ovi40/Drivers/STM32F7xx_HAL_Driver/Src/stm32f7xx_ll_usart.o
LOAD basesw/ovi40/Drivers/STM32F7xx_HAL_Driver/Src/stm32f7xx_ll_usb.o
LOAD basesw/ovi40/Drivers/STM32F7xx_HAL_Driver/Src/stm32f7xx_ll_utils.o
LOAD basesw/ovi40/Drivers/CMSIS/Device/ST/STM32F7xx/Source/Templates/gcc/startup_stm32f767xx.o
LOAD basesw/ovi40/Drivers/CMSIS/Device/ST/STM32F7xx/Source/Templates/system_stm32f7xx.o
LOAD basesw/ovi40/Drivers/CMSIS/DSP_Lib/Source/TransformFunctions/arm_bitreversal2.o
LOAD basesw/ovi40/Drivers/CMSIS/DSP_Lib/Source/TransformFunctions/arm_bitreversal.o
LOAD basesw/ovi40/Drivers/CMSIS/DSP_Lib/Source/TransformFunctions/arm_cfft_f32.o
LOAD basesw/ovi40/Drivers/CMSIS/DSP_Lib/Source/TransformFunctions/arm_cfft_q15.o
LOAD basesw/ovi40/Drivers/CMSIS/DSP_Lib/Source/TransformFunctions/arm_cfft_q31.o
LOAD basesw/ovi40/Drivers/CMSIS/DSP_Lib/Source/TransformFunctions/arm_cfft_radix2_f32.o
LOAD basesw/ovi40/Drivers/CMSIS/DSP_Lib/Source/TransformFunctions/arm_cfft_radix2_init_f32.o
LOAD basesw/ovi40/Drivers/CMSIS/DSP_Lib/Source/TransformFunctions/arm_cfft_radix2_init_q15.o
LOAD basesw/ovi40/Drivers/CMSIS/DSP_Lib/Source/TransformFunctions/arm_cfft_radix2_init_q31.o
LOAD basesw/ovi40/Drivers/CMSIS/DSP_Lib/Source/TransformFunctions/arm_cfft_radix2_q15.o
LOAD basesw/ovi40/Drivers/CMSIS/DSP_Lib/Source/TransformFunctions/arm_cfft_radix2_q31.o
LOAD basesw/ovi40/Drivers/CMSIS/DSP_Lib/Source/TransformFunctions/arm_cfft_radix4_f32.o
LOAD basesw/ovi40/Drivers/CMSIS/DSP_Lib/Source/TransformFunctions/arm_cfft_radix4_init_f32.o
LOAD basesw/ovi40/Drivers/CMSIS/DSP_Lib/Source/TransformFunctions/arm_cfft_radix4_init_q15.o
LOAD basesw/ovi40/Drivers/CMSIS/DSP_Lib/Source/TransformFunctions/arm_cfft_radix4_init_q31.o
LOAD basesw/ovi40/Drivers/CMSIS/DSP_Lib/Source/TransformFunctions/arm_cfft_radix4_q15.o
LOAD basesw/ovi40/Drivers/CMSIS/DSP_Lib/Source/TransformFunctions/arm_cfft_radix4_q31.o
LOAD basesw/ovi40/Drivers/CMSIS/DSP_Lib/Source/TransformFunctions/arm_cfft_radix8_f32.o
LOAD basesw/ovi40/Drivers/CMSIS/DSP_Lib/Source/TransformFunctions/arm_dct4_f32.o
LOAD basesw/ovi40/Drivers/CMSIS/DSP_Lib/Source/TransformFunctions/arm_dct4_init_f32.o
LOAD basesw/ovi40/Drivers/CMSIS/DSP_Lib/Source/TransformFunctions/arm_dct4_init_q15.o
LOAD basesw/ovi40/Drivers/CMSIS/DSP_Lib/Source/TransformFunctions/arm_dct4_init_q31.o
LOAD basesw/ovi40/Drivers/CMSIS/DSP_Lib/Source/TransformFunctions/arm_dct4_q15.o
LOAD basesw/ovi40/Drivers/CMSIS/DSP_Lib/Source/TransformFunctions/arm_rfft_f32.o
LOAD basesw/ovi40/Drivers/CMSIS/DSP_Lib/Source/TransformFunctions/arm_dct4_q31.o
LOAD basesw/ovi40/Drivers/CMSIS/DSP_Lib/Source/TransformFunctions/arm_rfft_fast_f32.o
LOAD basesw/ovi40/Drivers/CMSIS/DSP_Lib/Source/TransformFunctions/arm_rfft_fast_init_f32.o
LOAD basesw/ovi40/Drivers/CMSIS/DSP_Lib/Source/TransformFunctions/arm_rfft_init_f32.o
LOAD basesw/ovi40/Drivers/CMSIS/DSP_Lib/Source/TransformFunctions/arm_rfft_init_q15.o
LOAD basesw/ovi40/Drivers/CMSIS/DSP_Lib/Source/TransformFunctions/arm_rfft_init_q31.o
LOAD basesw/ovi40/Drivers/CMSIS/DSP_Lib/Source/TransformFunctions/arm_rfft_q15.o
LOAD basesw/ovi40/Drivers/CMSIS/DSP_Lib/Source/TransformFunctions/arm_rfft_q31.o
LOAD basesw/ovi40/Drivers/CMSIS/DSP_Lib/Source/SupportFunctions/arm_copy_f32.o
LOAD basesw/ovi40/Drivers/CMSIS/DSP_Lib/Source/SupportFunctions/arm_copy_q15.o
LOAD basesw/ovi40/Drivers/CMSIS/DSP_Lib/Source/SupportFunctions/arm_copy_q31.o
LOAD basesw/ovi40/Drivers/CMSIS/DSP_Lib/Source/SupportFunctions/arm_copy_q7.o
LOAD basesw/ovi40/Drivers/CMSIS/DSP_Lib/Source/SupportFunctions/arm_fill_f32.o
LOAD basesw/ovi40/Drivers/CMSIS/DSP_Lib/Source/SupportFunctions/arm_fill_q15.o
LOAD basesw/ovi40/Drivers/CMSIS/DSP_Lib/Source/SupportFunctions/arm_fill_q31.o
LOAD basesw/ovi40/Drivers/CMSIS/DSP_Lib/Source/SupportFunctions/arm_fill_q7.o
LOAD basesw/ovi40/Drivers/CMSIS/DSP_Lib/Source/SupportFunctions/arm_float_to_q15.o
LOAD basesw/ovi40/Drivers/CMSIS/DSP_Lib/Source/SupportFunctions/arm_float_to_q31.o
LOAD basesw/ovi40/Drivers/CMSIS/DSP_Lib/Source/SupportFunctions/arm_float_to_q7.o
LOAD basesw/ovi40/Drivers/CMSIS/DSP_Lib/Source/SupportFunctions/arm_q15_to_float.o
LOAD basesw/ovi40/Drivers/CMSIS/DSP_Lib/Source/SupportFunctions/arm_q15_to_q31.o
LOAD basesw/ovi40/Drivers/CMSIS/DSP_Lib/Source/SupportFunctions/arm_q15_to_q7.o
LOAD basesw/ovi40/Drivers/CMSIS/DSP_Lib/Source/SupportFunctions/arm_q31_to_float.o
LOAD basesw/ovi40/Drivers/CMSIS/DSP_Lib/Source/SupportFunctions/arm_q31_to_q15.o
LOAD basesw/ovi40/Drivers/CMSIS/DSP_Lib/Source/SupportFunctions/arm_q31_to_q7.o
LOAD basesw/ovi40/Drivers/CMSIS/DSP_Lib/Source/SupportFunctions/arm_q7_to_float.o
LOAD basesw/ovi40/Drivers/CMSIS/DSP_Lib/Source/SupportFunctions/arm_q7_to_q15.o
LOAD basesw/ovi40/Drivers/CMSIS/DSP_Lib/Source/SupportFunctions/arm_q7_to_q31.o
LOAD basesw/ovi40/Drivers/CMSIS/DSP_Lib/Source/StatisticsFunctions/arm_max_f32.o
LOAD basesw/ovi40/Drivers/CMSIS/DSP_Lib/Source/StatisticsFunctions/arm_max_q15.o
LOAD basesw/ovi40/Drivers/CMSIS/DSP_Lib/Source/StatisticsFunctions/arm_max_q31.o
LOAD basesw/ovi40/Drivers/CMSIS/DSP_Lib/Source/StatisticsFunctions/arm_max_q7.o
LOAD basesw/ovi40/Drivers/CMSIS/DSP_Lib/Source/StatisticsFunctions/arm_mean_f32.o
LOAD basesw/ovi40/Drivers/CMSIS/DSP_Lib/Source/StatisticsFunctions/arm_mean_q15.o
LOAD basesw/ovi40/Drivers/CMSIS/DSP_Lib/Source/StatisticsFunctions/arm_mean_q31.o
LOAD basesw/ovi40/Drivers/CMSIS/DSP_Lib/Source/StatisticsFunctions/arm_mean_q7.o
LOAD basesw/ovi40/Drivers/CMSIS/DSP_Lib/Source/StatisticsFunctions/arm_min_f32.o
LOAD basesw/ovi40/Drivers/CMSIS/DSP_Lib/Source/StatisticsFunctions/arm_min_q15.o
LOAD basesw/ovi40/Drivers/CMSIS/DSP_Lib/Source/StatisticsFunctions/arm_min_q31.o
LOAD basesw/ovi40/Drivers/CMSIS/DSP_Lib/Source/StatisticsFunctions/arm_min_q7.o
LOAD basesw/ovi40/Drivers/CMSIS/DSP_Lib/Source/StatisticsFunctions/arm_power_f32.o
LOAD basesw/ovi40/Drivers/CMSIS/DSP_Lib/Source/StatisticsFunctions/arm_power_q15.o
LOAD basesw/ovi40/Drivers/CMSIS/DSP_Lib/Source/StatisticsFunctions/arm_power_q31.o
LOAD basesw/ovi40/Drivers/CMSIS/DSP_Lib/Source/StatisticsFunctions/arm_power_q7.o
LOAD basesw/ovi40/Drivers/CMSIS/DSP_Lib/Source/StatisticsFunctions/arm_rms_f32.o
LOAD basesw/ovi40/Drivers/CMSIS/DSP_Lib/Source/StatisticsFunctions/arm_rms_q15.o
LOAD basesw/ovi40/Drivers/CMSIS/DSP_Lib/Source/StatisticsFunctions/arm_rms_q31.o
LOAD basesw/ovi40/Drivers/CMSIS/DSP_Lib/Source/StatisticsFunctions/arm_std_f32.o
LOAD basesw/ovi40/Drivers/CMSIS/DSP_Lib/Source/StatisticsFunctions/arm_std_q15.o
LOAD basesw/ovi40/Drivers/CMSIS/DSP_Lib/Source/StatisticsFunctions/arm_std_q31.o
LOAD basesw/ovi40/Drivers/CMSIS/DSP_Lib/Source/StatisticsFunctions/arm_var_f32.o
LOAD basesw/ovi40/Drivers/CMSIS/DSP_Lib/Source/StatisticsFunctions/arm_var_q15.o
LOAD basesw/ovi40/Drivers/CMSIS/DSP_Lib/Source/StatisticsFunctions/arm_var_q31.o
LOAD basesw/ovi40/Drivers/CMSIS/DSP_Lib/Source/MatrixFunctions/arm_mat_add_f32.o
LOAD basesw/ovi40/Drivers/CMSIS/DSP_Lib/Source/MatrixFunctions/arm_mat_add_q15.o
LOAD basesw/ovi40/Drivers/CMSIS/DSP_Lib/Source/MatrixFunctions/arm_mat_add_q31.o
LOAD basesw/ovi40/Drivers/CMSIS/DSP_Lib/Source/MatrixFunctions/arm_mat_cmplx_mult_f32.o
LOAD basesw/ovi40/Drivers/CMSIS/DSP_Lib/Source/MatrixFunctions/arm_mat_cmplx_mult_q15.o
LOAD basesw/ovi40/Drivers/CMSIS/DSP_Lib/Source/MatrixFunctions/arm_mat_cmplx_mult_q31.o
LOAD basesw/ovi40/Drivers/CMSIS/DSP_Lib/Source/MatrixFunctions/arm_mat_init_f32.o
LOAD basesw/ovi40/Drivers/CMSIS/DSP_Lib/Source/MatrixFunctions/arm_mat_init_q15.o
LOAD basesw/ovi40/Drivers/CMSIS/DSP_Lib/Source/MatrixFunctions/arm_mat_init_q31.o
LOAD basesw/ovi40/Drivers/CMSIS/DSP_Lib/Source/MatrixFunctions/arm_mat_inverse_f32.o
LOAD basesw/ovi40/Drivers/CMSIS/DSP_Lib/Source/MatrixFunctions/arm_mat_inverse_f64.o
LOAD basesw/ovi40/Drivers/CMSIS/DSP_Lib/Source/MatrixFunctions/arm_mat_mult_f32.o
LOAD basesw/ovi40/Drivers/CMSIS/DSP_Lib/Source/MatrixFunctions/arm_mat_mult_fast_q15.o
LOAD basesw/ovi40/Drivers/CMSIS/DSP_Lib/Source/MatrixFunctions/arm_mat_mult_fast_q31.o
LOAD basesw/ovi40/Drivers/CMSIS/DSP_Lib/Source/MatrixFunctions/arm_mat_mult_q15.o
LOAD basesw/ovi40/Drivers/CMSIS/DSP_Lib/Source/MatrixFunctions/arm_mat_mult_q31.o
LOAD basesw/ovi40/Drivers/CMSIS/DSP_Lib/Source/MatrixFunctions/arm_mat_scale_f32.o
LOAD basesw/ovi40/Drivers/CMSIS/DSP_Lib/Source/MatrixFunctions/arm_mat_scale_q15.o
LOAD basesw/ovi40/Drivers/CMSIS/DSP_Lib/Source/MatrixFunctions/arm_mat_scale_q31.o
LOAD basesw/ovi40/Drivers/CMSIS/DSP_Lib/Source/MatrixFunctions/arm_mat_sub_f32.o
LOAD basesw/ovi40/Drivers/CMSIS/DSP_Lib/Source/MatrixFunctions/arm_mat_sub_q15.o
LOAD basesw/ovi40/Drivers/CMSIS/DSP_Lib/Source/MatrixFunctions/arm_mat_sub_q31.o
LOAD basesw/ovi40/Drivers/CMSIS/DSP_Lib/Source/MatrixFunctions/arm_mat_trans_f32.o
LOAD basesw/ovi40/Drivers/CMSIS/DSP_Lib/Source/MatrixFunctions/arm_mat_trans_q15.o
LOAD basesw/ovi40/Drivers/CMSIS/DSP_Lib/Source/MatrixFunctions/arm_mat_trans_q31.o
LOAD basesw/ovi40/Drivers/CMSIS/DSP_Lib/Source/FilteringFunctions/arm_biquad_cascade_df1_32x64_init_q31.o
LOAD basesw/ovi40/Drivers/CMSIS/DSP_Lib/Source/FilteringFunctions/arm_biquad_cascade_df1_32x64_q31.o
LOAD basesw/ovi40/Drivers/CMSIS/DSP_Lib/Source/FilteringFunctions/arm_biquad_cascade_df1_f32.o
LOAD basesw/ovi40/Drivers/CMSIS/DSP_Lib/Source/FilteringFunctions/arm_biquad_cascade_df1_fast_q15.o
LOAD basesw/ovi40/Drivers/CMSIS/DSP_Lib/Source/FilteringFunctions/arm_biquad_cascade_df1_fast_q31.o
LOAD basesw/ovi40/Drivers/CMSIS/DSP_Lib/Source/FilteringFunctions/arm_biquad_cascade_df1_init_f32.o
LOAD basesw/ovi40/Drivers/CMSIS/DSP_Lib/Source/FilteringFunctions/arm_biquad_cascade_df1_init_q15.o
LOAD basesw/ovi40/Drivers/CMSIS/DSP_Lib/Source/FilteringFunctions/arm_biquad_cascade_df1_init_q31.o
LOAD basesw/ovi40/Drivers/CMSIS/DSP_Lib/Source/FilteringFunctions/arm_biquad_cascade_df1_q15.o
LOAD basesw/ovi40/Drivers/CMSIS/DSP_Lib/Source/FilteringFunctions/arm_biquad_cascade_df1_q31.o
LOAD basesw/ovi40/Drivers/CMSIS/DSP_Lib/Source/FilteringFunctions/arm_biquad_cascade_df2T_f32.o
LOAD basesw/ovi40/Drivers/CMSIS/DSP_Lib/Source/FilteringFunctions/arm_biquad_cascade_df2T_f64.o
LOAD basesw/ovi40/Drivers/CMSIS/DSP_Lib/Source/FilteringFunctions/arm_biquad_cascade_df2T_init_f32.o
LOAD basesw/ovi40/Drivers/CMSIS/DSP_Lib/Source/FilteringFunctions/arm_biquad_cascade_df2T_init_f64.o
LOAD basesw/ovi40/Drivers/CMSIS/DSP_Lib/Source/FilteringFunctions/arm_biquad_cascade_stereo_df2T_f32.o
LOAD basesw/ovi40/Drivers/CMSIS/DSP_Lib/Source/FilteringFunctions/arm_biquad_cascade_stereo_df2T_init_f32.o
LOAD basesw/ovi40/Drivers/CMSIS/DSP_Lib/Source/FilteringFunctions/arm_conv_f32.o
LOAD basesw/ovi40/Drivers/CMSIS/DSP_Lib/Source/FilteringFunctions/arm_conv_fast_opt_q15.o
LOAD basesw/ovi40/Drivers/CMSIS/DSP_Lib/Source/FilteringFunctions/arm_conv_fast_q15.o
LOAD basesw/ovi40/Drivers/CMSIS/DSP_Lib/Source/FilteringFunctions/arm_conv_fast_q31.o
LOAD basesw/ovi40/Drivers/CMSIS/DSP_Lib/Source/FilteringFunctions/arm_conv_opt_q15.o
LOAD basesw/ovi40/Drivers/CMSIS/DSP_Lib/Source/FilteringFunctions/arm_conv_opt_q7.o
LOAD basesw/ovi40/Drivers/CMSIS/DSP_Lib/Source/FilteringFunctions/arm_conv_partial_f32.o
LOAD basesw/ovi40/Drivers/CMSIS/DSP_Lib/Source/FilteringFunctions/arm_conv_partial_fast_opt_q15.o
LOAD basesw/ovi40/Drivers/CMSIS/DSP_Lib/Source/FilteringFunctions/arm_conv_partial_fast_q15.o
LOAD basesw/ovi40/Drivers/CMSIS/DSP_Lib/Source/FilteringFunctions/arm_conv_partial_fast_q31.o
LOAD basesw/ovi40/Drivers/CMSIS/DSP_Lib/Source/FilteringFunctions/arm_conv_partial_opt_q7.o
LOAD basesw/ovi40/Drivers/CMSIS/DSP_Lib/Source/FilteringFunctions/arm_conv_partial_opt_q15.o
LOAD basesw/ovi40/Drivers/CMSIS/DSP_Lib/Source/FilteringFunctions/arm_conv_partial_q15.o
LOAD basesw/ovi40/Drivers/CMSIS/DSP_Lib/Source/FilteringFunctions/arm_conv_partial_q31.o
LOAD basesw/ovi40/Drivers/CMSIS/DSP_Lib/Source/FilteringFunctions/arm_conv_partial_q7.o
LOAD basesw/ovi40/Drivers/CMSIS/DSP_Lib/Source/FilteringFunctions/arm_conv_q15.o
LOAD basesw/ovi40/Drivers/CMSIS/DSP_Lib/Source/FilteringFunctions/arm_conv_q31.o
LOAD basesw/ovi40/Drivers/CMSIS/DSP_Lib/Source/FilteringFunctions/arm_conv_q7.o
LOAD basesw/ovi40/Drivers/CMSIS/DSP_Lib/Source/FilteringFunctions/arm_correlate_f32.o
LOAD basesw/ovi40/Drivers/CMSIS/DSP_Lib/Source/FilteringFunctions/arm_correlate_fast_opt_q15.o
LOAD basesw/ovi40/Drivers/CMSIS/DSP_Lib/Source/FilteringFunctions/arm_correlate_fast_q15.o
LOAD basesw/ovi40/Drivers/CMSIS/DSP_Lib/Source/FilteringFunctions/arm_correlate_fast_q31.o
LOAD basesw/ovi40/Drivers/CMSIS/DSP_Lib/Source/FilteringFunctions/arm_correlate_opt_q15.o
LOAD basesw/ovi40/Drivers/CMSIS/DSP_Lib/Source/FilteringFunctions/arm_correlate_opt_q7.o
LOAD basesw/ovi40/Drivers/CMSIS/DSP_Lib/Source/FilteringFunctions/arm_correlate_q15.o
LOAD basesw/ovi40/Drivers/CMSIS/DSP_Lib/Source/FilteringFunctions/arm_correlate_q31.o
LOAD basesw/ovi40/Drivers/CMSIS/DSP_Lib/Source/FilteringFunctions/arm_correlate_q7.o
LOAD basesw/ovi40/Drivers/CMSIS/DSP_Lib/Source/FilteringFunctions/arm_fir_decimate_f32.o
LOAD basesw/ovi40/Drivers/CMSIS/DSP_Lib/Source/FilteringFunctions/arm_fir_decimate_fast_q15.o
LOAD basesw/ovi40/Drivers/CMSIS/DSP_Lib/Source/FilteringFunctions/arm_fir_decimate_fast_q31.o
LOAD basesw/ovi40/Drivers/CMSIS/DSP_Lib/Source/FilteringFunctions/arm_fir_decimate_init_f32.o
LOAD basesw/ovi40/Drivers/CMSIS/DSP_Lib/Source/FilteringFunctions/arm_fir_decimate_init_q15.o
LOAD basesw/ovi40/Drivers/CMSIS/DSP_Lib/Source/FilteringFunctions/arm_fir_decimate_q15.o
LOAD basesw/ovi40/Drivers/CMSIS/DSP_Lib/Source/FilteringFunctions/arm_fir_decimate_init_q31.o
LOAD basesw/ovi40/Drivers/CMSIS/DSP_Lib/Source/FilteringFunctions/arm_fir_decimate_q31.o
LOAD basesw/ovi40/Drivers/CMSIS/DSP_Lib/Source/FilteringFunctions/arm_fir_f32.o
LOAD basesw/ovi40/Drivers/CMSIS/DSP_Lib/Source/FilteringFunctions/arm_fir_fast_q15.o
LOAD basesw/ovi40/Drivers/CMSIS/DSP_Lib/Source/FilteringFunctions/arm_fir_fast_q31.o
LOAD basesw/ovi40/Drivers/CMSIS/DSP_Lib/Source/FilteringFunctions/arm_fir_init_f32.o
LOAD basesw/ovi40/Drivers/CMSIS/DSP_Lib/Source/FilteringFunctions/arm_fir_init_q15.o
LOAD basesw/ovi40/Drivers/CMSIS/DSP_Lib/Source/FilteringFunctions/arm_fir_init_q31.o
LOAD basesw/ovi40/Drivers/CMSIS/DSP_Lib/Source/FilteringFunctions/arm_fir_init_q7.o
LOAD basesw/ovi40/Drivers/CMSIS/DSP_Lib/Source/FilteringFunctions/arm_fir_interpolate_f32.o
LOAD basesw/ovi40/Drivers/CMSIS/DSP_Lib/Source/FilteringFunctions/arm_fir_interpolate_init_f32.o
LOAD basesw/ovi40/Drivers/CMSIS/DSP_Lib/Source/FilteringFunctions/arm_fir_interpolate_init_q15.o
LOAD basesw/ovi40/Drivers/CMSIS/DSP_Lib/Source/FilteringFunctions/arm_fir_interpolate_init_q31.o
LOAD basesw/ovi40/Drivers/CMSIS/DSP_Lib/Source/FilteringFunctions/arm_fir_interpolate_q15.o
LOAD basesw/ovi40/Drivers/CMSIS/DSP_Lib/Source/FilteringFunctions/arm_fir_interpolate_q31.o
LOAD basesw/ovi40/Drivers/CMSIS/DSP_Lib/Source/FilteringFunctions/arm_fir_lattice_f32.o
LOAD basesw/ovi40/Drivers/CMSIS/DSP_Lib/Source/FilteringFunctions/arm_fir_lattice_init_f32.o
LOAD basesw/ovi40/Drivers/CMSIS/DSP_Lib/Source/FilteringFunctions/arm_fir_lattice_init_q15.o
LOAD basesw/ovi40/Drivers/CMSIS/DSP_Lib/Source/FilteringFunctions/arm_fir_lattice_init_q31.o
LOAD basesw/ovi40/Drivers/CMSIS/DSP_Lib/Source/FilteringFunctions/arm_fir_lattice_q15.o
LOAD basesw/ovi40/Drivers/CMSIS/DSP_Lib/Source/FilteringFunctions/arm_fir_lattice_q31.o
LOAD basesw/ovi40/Drivers/CMSIS/DSP_Lib/Source/FilteringFunctions/arm_fir_q15.o
LOAD basesw/ovi40/Drivers/CMSIS/DSP_Lib/Source/FilteringFunctions/arm_fir_q31.o
LOAD basesw/ovi40/Drivers/CMSIS/DSP_Lib/Source/FilteringFunctions/arm_fir_q7.o
LOAD basesw/ovi40/Drivers/CMSIS/DSP_Lib/Source/FilteringFunctions/arm_fir_sparse_f32.o
LOAD basesw/ovi40/Drivers/CMSIS/DSP_Lib/Source/FilteringFunctions/arm_fir_sparse_init_f32.o
LOAD basesw/ovi40/Drivers/CMSIS/DSP_Lib/Source/FilteringFunctions/arm_fir_sparse_init_q15.o
LOAD basesw/ovi40/Drivers/CMSIS/DSP_Lib/Source/FilteringFunctions/arm_fir_sparse_init_q31.o
LOAD basesw/ovi40/Drivers/CMSIS/DSP_Lib/Source/FilteringFunctions/arm_fir_sparse_init_q7.o
LOAD basesw/ovi40/Drivers/CMSIS/DSP_Lib/Source/FilteringFunctions/arm_fir_sparse_q15.o
LOAD basesw/ovi40/Drivers/CMSIS/DSP_Lib/Source/FilteringFunctions/arm_fir_sparse_q31.o
LOAD basesw/ovi40/Drivers/CMSIS/DSP_Lib/Source/FilteringFunctions/arm_fir_sparse_q7.o
LOAD basesw/ovi40/Drivers/CMSIS/DSP_Lib/Source/FilteringFunctions/arm_iir_lattice_f32.o
LOAD basesw/ovi40/Drivers/CMSIS/DSP_Lib/Source/FilteringFunctions/arm_iir_lattice_init_f32.o
LOAD basesw/ovi40/Drivers/CMSIS/DSP_Lib/Source/FilteringFunctions/arm_iir_lattice_init_q15.o
LOAD basesw/ovi40/Drivers/CMSIS/DSP_Lib/Source/FilteringFunctions/arm_iir_lattice_init_q31.o
LOAD basesw/ovi40/Drivers/CMSIS/DSP_Lib/Source/FilteringFunctions/arm_iir_lattice_q15.o
LOAD basesw/ovi40/Drivers/CMSIS/DSP_Lib/Source/FilteringFunctions/arm_iir_lattice_q31.o
LOAD basesw/ovi40/Drivers/CMSIS/DSP_Lib/Source/FilteringFunctions/arm_lms_f32.o
LOAD basesw/ovi40/Drivers/CMSIS/DSP_Lib/Source/FilteringFunctions/arm_lms_init_f32.o
LOAD basesw/ovi40/Drivers/CMSIS/DSP_Lib/Source/FilteringFunctions/arm_lms_init_q15.o
LOAD basesw/ovi40/Drivers/CMSIS/DSP_Lib/Source/FilteringFunctions/arm_lms_init_q31.o
LOAD basesw/ovi40/Drivers/CMSIS/DSP_Lib/Source/FilteringFunctions/arm_lms_norm_f32.o
LOAD basesw/ovi40/Drivers/CMSIS/DSP_Lib/Source/FilteringFunctions/arm_lms_norm_init_f32.o
LOAD basesw/ovi40/Drivers/CMSIS/DSP_Lib/Source/FilteringFunctions/arm_lms_norm_init_q15.o
LOAD basesw/ovi40/Drivers/CMSIS/DSP_Lib/Source/FilteringFunctions/arm_lms_norm_init_q31.o
LOAD basesw/ovi40/Drivers/CMSIS/DSP_Lib/Source/FilteringFunctions/arm_lms_norm_q15.o
LOAD basesw/ovi40/Drivers/CMSIS/DSP_Lib/Source/FilteringFunctions/arm_lms_norm_q31.o
LOAD basesw/ovi40/Drivers/CMSIS/DSP_Lib/Source/FilteringFunctions/arm_lms_q15.o
LOAD basesw/ovi40/Drivers/CMSIS/DSP_Lib/Source/FilteringFunctions/arm_lms_q31.o
LOAD basesw/ovi40/Drivers/CMSIS/DSP_Lib/Source/FastMathFunctions/arm_cos_f32.o
LOAD basesw/ovi40/Drivers/CMSIS/DSP_Lib/Source/FastMathFunctions/arm_cos_q15.o
LOAD basesw/ovi40/Drivers/CMSIS/DSP_Lib/Source/FastMathFunctions/arm_cos_q31.o
LOAD basesw/ovi40/Drivers/CMSIS/DSP_Lib/Source/FastMathFunctions/arm_sin_f32.o
LOAD basesw/ovi40/Drivers/CMSIS/DSP_Lib/Source/FastMathFunctions/arm_sin_q15.o
LOAD basesw/ovi40/Drivers/CMSIS/DSP_Lib/Source/FastMathFunctions/arm_sin_q31.o
LOAD basesw/ovi40/Drivers/CMSIS/DSP_Lib/Source/FastMathFunctions/arm_sqrt_q15.o
LOAD basesw/ovi40/Drivers/CMSIS/DSP_Lib/Source/FastMathFunctions/arm_sqrt_q31.o
LOAD basesw/ovi40/Drivers/CMSIS/DSP_Lib/Source/ControllerFunctions/arm_pid_init_f32.o
LOAD basesw/ovi40/Drivers/CMSIS/DSP_Lib/Source/ControllerFunctions/arm_pid_init_q15.o
LOAD basesw/ovi40/Drivers/CMSIS/DSP_Lib/Source/ControllerFunctions/arm_pid_init_q31.o
LOAD basesw/ovi40/Drivers/CMSIS/DSP_Lib/Source/ControllerFunctions/arm_pid_reset_f32.o
LOAD basesw/ovi40/Drivers/CMSIS/DSP_Lib/Source/ControllerFunctions/arm_pid_reset_q15.o
LOAD basesw/ovi40/Drivers/CMSIS/DSP_Lib/Source/ControllerFunctions/arm_pid_reset_q31.o
LOAD basesw/ovi40/Drivers/CMSIS/DSP_Lib/Source/ControllerFunctions/arm_sin_cos_f32.o
LOAD basesw/ovi40/Drivers/CMSIS/DSP_Lib/Source/ControllerFunctions/arm_sin_cos_q31.o
LOAD basesw/ovi40/Drivers/CMSIS/DSP_Lib/Source/ComplexMathFunctions/arm_cmplx_conj_f32.o
LOAD basesw/ovi40/Drivers/CMSIS/DSP_Lib/Source/ComplexMathFunctions/arm_cmplx_conj_q15.o
LOAD basesw/ovi40/Drivers/CMSIS/DSP_Lib/Source/ComplexMathFunctions/arm_cmplx_conj_q31.o
LOAD basesw/ovi40/Drivers/CMSIS/DSP_Lib/Source/ComplexMathFunctions/arm_cmplx_dot_prod_f32.o
LOAD basesw/ovi40/Drivers/CMSIS/DSP_Lib/Source/ComplexMathFunctions/arm_cmplx_dot_prod_q15.o
LOAD basesw/ovi40/Drivers/CMSIS/DSP_Lib/Source/ComplexMathFunctions/arm_cmplx_dot_prod_q31.o
LOAD basesw/ovi40/Drivers/CMSIS/DSP_Lib/Source/ComplexMathFunctions/arm_cmplx_mag_f32.o
LOAD basesw/ovi40/Drivers/CMSIS/DSP_Lib/Source/ComplexMathFunctions/arm_cmplx_mag_q15.o
LOAD basesw/ovi40/Drivers/CMSIS/DSP_Lib/Source/ComplexMathFunctions/arm_cmplx_mag_q31.o
LOAD basesw/ovi40/Drivers/CMSIS/DSP_Lib/Source/ComplexMathFunctions/arm_cmplx_mag_squared_f32.o
LOAD basesw/ovi40/Drivers/CMSIS/DSP_Lib/Source/ComplexMathFunctions/arm_cmplx_mag_squared_q15.o
LOAD basesw/ovi40/Drivers/CMSIS/DSP_Lib/Source/ComplexMathFunctions/arm_cmplx_mag_squared_q31.o
LOAD basesw/ovi40/Drivers/CMSIS/DSP_Lib/Source/ComplexMathFunctions/arm_cmplx_mult_cmplx_f32.o
LOAD basesw/ovi40/Drivers/CMSIS/DSP_Lib/Source/ComplexMathFunctions/arm_cmplx_mult_cmplx_q15.o
LOAD basesw/ovi40/Drivers/CMSIS/DSP_Lib/Source/ComplexMathFunctions/arm_cmplx_mult_cmplx_q31.o
LOAD basesw/ovi40/Drivers/CMSIS/DSP_Lib/Source/ComplexMathFunctions/arm_cmplx_mult_real_f32.o
LOAD basesw/ovi40/Drivers/CMSIS/DSP_Lib/Source/ComplexMathFunctions/arm_cmplx_mult_real_q15.o
LOAD basesw/ovi40/Drivers/CMSIS/DSP_Lib/Source/ComplexMathFunctions/arm_cmplx_mult_real_q31.o
LOAD basesw/ovi40/Drivers/CMSIS/DSP_Lib/Source/CommonTables/arm_common_tables.o
LOAD basesw/ovi40/Drivers/CMSIS/DSP_Lib/Source/CommonTables/arm_const_structs.o
LOAD basesw/ovi40/Drivers/CMSIS/DSP_Lib/Source/BasicMathFunctions/arm_abs_f32.o
LOAD basesw/ovi40/Drivers/CMSIS/DSP_Lib/Source/BasicMathFunctions/arm_abs_q15.o
LOAD basesw/ovi40/Drivers/CMSIS/DSP_Lib/Source/BasicMathFunctions/arm_abs_q31.o
LOAD basesw/ovi40/Drivers/CMSIS/DSP_Lib/Source/BasicMathFunctions/arm_abs_q7.o
LOAD basesw/ovi40/Drivers/CMSIS/DSP_Lib/Source/BasicMathFunctions/arm_add_f32.o
LOAD basesw/ovi40/Drivers/CMSIS/DSP_Lib/Source/BasicMathFunctions/arm_add_q15.o
LOAD basesw/ovi40/Drivers/CMSIS/DSP_Lib/Source/BasicMathFunctions/arm_add_q31.o
LOAD basesw/ovi40/Drivers/CMSIS/DSP_Lib/Source/BasicMathFunctions/arm_add_q7.o
LOAD basesw/ovi40/Drivers/CMSIS/DSP_Lib/Source/BasicMathFunctions/arm_dot_prod_f32.o
LOAD basesw/ovi40/Drivers/CMSIS/DSP_Lib/Source/BasicMathFunctions/arm_dot_prod_q15.o
LOAD basesw/ovi40/Drivers/CMSIS/DSP_Lib/Source/BasicMathFunctions/arm_dot_prod_q31.o
LOAD basesw/ovi40/Drivers/CMSIS/DSP_Lib/Source/BasicMathFunctions/arm_dot_prod_q7.o
LOAD basesw/ovi40/Drivers/CMSIS/DSP_Lib/Source/BasicMathFunctions/arm_mult_f32.o
LOAD basesw/ovi40/Drivers/CMSIS/DSP_Lib/Source/BasicMathFunctions/arm_mult_q15.o
LOAD basesw/ovi40/Drivers/CMSIS/DSP_Lib/Source/BasicMathFunctions/arm_mult_q31.o
LOAD basesw/ovi40/Drivers/CMSIS/DSP_Lib/Source/BasicMathFunctions/arm_mult_q7.o
LOAD basesw/ovi40/Drivers/CMSIS/DSP_Lib/Source/BasicMathFunctions/arm_negate_f32.o
LOAD basesw/ovi40/Drivers/CMSIS/DSP_Lib/Source/BasicMathFunctions/arm_negate_q15.o
LOAD basesw/ovi40/Drivers/CMSIS/DSP_Lib/Source/BasicMathFunctions/arm_negate_q31.o
LOAD basesw/ovi40/Drivers/CMSIS/DSP_Lib/Source/BasicMathFunctions/arm_negate_q7.o
LOAD basesw/ovi40/Drivers/CMSIS/DSP_Lib/Source/BasicMathFunctions/arm_offset_f32.o
LOAD basesw/ovi40/Drivers/CMSIS/DSP_Lib/Source/BasicMathFunctions/arm_offset_q15.o
LOAD basesw/ovi40/Drivers/CMSIS/DSP_Lib/Source/BasicMathFunctions/arm_offset_q31.o
LOAD basesw/ovi40/Drivers/CMSIS/DSP_Lib/Source/BasicMathFunctions/arm_offset_q7.o
LOAD basesw/ovi40/Drivers/CMSIS/DSP_Lib/Source/BasicMathFunctions/arm_scale_f32.o
LOAD basesw/ovi40/Drivers/CMSIS/DSP_Lib/Source/BasicMathFunctions/arm_scale_q15.o
LOAD basesw/ovi40/Drivers/CMSIS/DSP_Lib/Source/BasicMathFunctions/arm_scale_q31.o
LOAD basesw/ovi40/Drivers/CMSIS/DSP_Lib/Source/BasicMathFunctions/arm_scale_q7.o
LOAD basesw/ovi40/Drivers/CMSIS/DSP_Lib/Source/BasicMathFunctions/arm_shift_q15.o
LOAD basesw/ovi40/Drivers/CMSIS/DSP_Lib/Source/BasicMathFunctions/arm_shift_q31.o
LOAD basesw/ovi40/Drivers/CMSIS/DSP_Lib/Source/BasicMathFunctions/arm_shift_q7.o
LOAD basesw/ovi40/Drivers/CMSIS/DSP_Lib/Source/BasicMathFunctions/arm_sub_f32.o
LOAD basesw/ovi40/Drivers/CMSIS/DSP_Lib/Source/BasicMathFunctions/arm_sub_q15.o
LOAD basesw/ovi40/Drivers/CMSIS/DSP_Lib/Source/BasicMathFunctions/arm_sub_q31.o
LOAD basesw/ovi40/Drivers/CMSIS/DSP_Lib/Source/BasicMathFunctions/arm_sub_q7.o
LOAD /usr/lib/gcc/arm-none-eabi/5.4.1/../../../arm-none-eabi/lib/armv7e-m/fpu/fpv5-d16/libnosys.a
LOAD /usr/lib/gcc/arm-none-eabi/5.4.1/../../../arm-none-eabi/lib/armv7e-m/fpu/fpv5-d16/libstdc++_nano.a
LOAD /usr/lib/gcc/arm-none-eabi/5.4.1/../../../arm-none-eabi/lib/armv7e-m/fpu/fpv5-d16/libm.a
LOAD /usr/lib/gcc/arm-none-eabi/5.4.1/../../../arm-none-eabi/lib/armv7e-m/fpu/fpv5-d16/libc_nano.a
START GROUP
LOAD /usr/lib/gcc/arm-none-eabi/5.4.1/armv7e-m/fpu/fpv5-d16/libgcc.a
LOAD /usr/lib/gcc/arm-none-eabi/5.4.1/../../../arm-none-eabi/lib/armv7e-m/fpu/fpv5-d16/libc_nano.a
END GROUP
START GROUP
LOAD /usr/lib/gcc/arm-none-eabi/5.4.1/armv7e-m/fpu/fpv5-d16/libgcc.a
LOAD /usr/lib/gcc/arm-none-eabi/5.4.1/../../../arm-none-eabi/lib/armv7e-m/fpu/fpv5-d16/libc_nano.a
END GROUP
LOAD /usr/lib/gcc/arm-none-eabi/5.4.1/armv7e-m/fpu/fpv5-d16/crtend.o
LOAD /usr/lib/gcc/arm-none-eabi/5.4.1/armv7e-m/fpu/fpv5-d16/crtn.o
                0x000000002003fff8                _estack = ((ORIGIN (ram) + LENGTH (ram)) - 0x8)

.text           0x0000000008010000    0x71d68
 *(.isr_vector)
 .isr_vector    0x0000000008010000      0x1f8 basesw/ovi40/Drivers/CMSIS/Device/ST/STM32F7xx/Source/Templates/gcc/startup_stm32f767xx.o
                0x0000000008010000                g_pfnVectors
 *(.text*)
 .text          0x00000000080101f8       0xa4 /usr/lib/gcc/arm-none-eabi/5.4.1/armv7e-m/fpu/fpv5-d16/crtbegin.o
 *fill*         0x000000000801029c        0x4 
 .text          0x00000000080102a0     0x51c8 /tmp/cc0yi5Hh.ltrans0.ltrans.o
                0x00000000080102a0                USBD_COMP_GetDeviceQualifierDesc.lto_priv.394
                0x00000000080102ac                USBD_COMP_DataOut.lto_priv.389
                0x00000000080102f8                USBD_COMP_IsoOutIncomplete.lto_priv.392
                0x0000000008010338                USBD_COMP_IsoINIncomplete.lto_priv.391
                0x0000000008010378                USBD_COMP_SOF.lto_priv.390
                0x00000000080103ac                USBD_COMP_EP0_TxReady.lto_priv.386
                0x00000000080103e0                USBD_COMP_EP0_RxReady.lto_priv.387
                0x0000000008010414                USBD_COMP_DataIn.lto_priv.388
                0x000000000801045c                USBD_COMP_GetCfgDesc.lto_priv.393
                0x000000000801046c                USBD_COMP_DeInit.lto_priv.384
                0x00000000080104b0                USBD_COMP_Init.lto_priv.383
                0x0000000008010c40                USBD_COMP_Setup.lto_priv.385
                0x0000000008010d8c                SerialEEPROM_24Cxx_Read
                0x0000000008011798                mchf_hw_i2c1_ReadData
                0x00000000080117dc                mchf_hw_i2c1_WriteRegister
                0x0000000008011b38                BusFault_Handler
                0x0000000008011b50                mchf_reboot
                0x0000000008011ba4                mchf_powerdown
                0x0000000008011bcc                SerialEEPROM_24Cxx_ReadBulk.part.0
                0x0000000008011ca8                ConfigStorage_CopyRAMCache2Serial
                0x0000000008012060                ConfigStorage_ReadVariable
                0x0000000008012150                Flash_WriteVariableToPage.lto_priv.651
                0x0000000008012278                Flash_TransferFullPage.lto_priv.652
                0x00000000080124cc                mchfMain
 .text          0x0000000008015468     0x49fc /tmp/cc0yi5Hh.ltrans1.ltrans.o
                0x0000000008015468                UiMenu_UpdateMenuEntry
 *fill*         0x0000000008019e64        0x4 
 .text          0x0000000008019e68     0x24c0 /tmp/cc0yi5Hh.ltrans2.ltrans.o
                0x0000000008019e68                USBD_FS_USR_BOSDescriptor
                0x0000000008019e74                USBD_FS_InterfaceStrDescriptor
                0x0000000008019f00                USBD_FS_ConfigStrDescriptor
                0x0000000008019f8c                USBD_FS_SerialStrDescriptor
                0x000000000801a018                USBD_FS_ManufacturerStrDescriptor
                0x000000000801a064                USBD_FS_ProductStrDescriptor
                0x000000000801a0f0                USBD_FS_LangIDStrDescriptor
                0x000000000801a0fc                USBD_FS_DeviceDescriptor
                0x000000000801a12c                AUDIO_GetState_FS.lto_priv.691
                0x000000000801a164                AUDIO_InVolumeCtl_FS.lto_priv.692
                0x000000000801a174                AUDIO_MuteCtl_FS.lto_priv.689
                0x000000000801a178                AUDIO_PeriodicTC_FS.lto_priv.690
                0x000000000801a17c                AUDIO_VolumeCtl_FS.lto_priv.688
                0x000000000801a19c                AUDIO_AudioCmd_FS.lto_priv.687
                0x000000000801a35c                AUDIO_DeInit_FS.lto_priv.686
                0x000000000801a36c                AUDIO_Init_FS.lto_priv.685
                0x000000000801a37c                USBD_AUDIO_GetDeviceQualifierDesc.lto_priv.684
                0x000000000801a388                USBD_AUDIO_IsoINIncomplete.lto_priv.681
                0x000000000801a38c                USBD_AUDIO_IsoOutIncomplete.lto_priv.682
                0x000000000801a390                USBD_AUDIO_EP0_TxReady.lto_priv.676
                0x000000000801a394                USBD_AUDIO_EP0_RxReady.lto_priv.677
                0x000000000801a3fc                USBD_AUDIO_GetCfgDesc.lto_priv.683
                0x000000000801a404                USBD_CDC_GetDeviceQualifierDescriptor
                0x000000000801a410                USBD_CDC_GetOtherSpeedCfgDesc.lto_priv.701
                0x000000000801a41c                USBD_CDC_GetHSCfgDesc.lto_priv.699
                0x000000000801a428                USBD_CDC_GetFSCfgDesc.lto_priv.700
                0x000000000801a434                USBD_CDC_EP0_RxReady.lto_priv.695
                0x000000000801a45c                USBD_CDC_DataOut.lto_priv.697
                0x000000000801a494                USBD_CDC_SOF.lto_priv.698
                0x000000000801a4b0                USBD_CDC_DataIn.lto_priv.696
                0x000000000801a9c4                USBD_AUDIO_DataOut.lto_priv.679
                0x000000000801ab80                USBD_AUDIO_SOF.lto_priv.680
                0x000000000801abf8                USBD_AUDIO_DataIn.lto_priv.678
                0x000000000801ac34                USBD_CDC_Setup.lto_priv.694
                0x000000000801ad28                USBD_AUDIO_Setup.lto_priv.675
                0x000000000801af18                USBD_AUDIO_DeInit.lto_priv.674
                0x000000000801afe0                USBD_CDC_DeInit.lto_priv.693
                0x000000000801b0f0                USBD_AUDIO_Init.lto_priv.673
                0x000000000801b220                UiMenu_PrevMenuEntry
                0x000000000801b364                UiMenu_FindNextEntryInUpperLevel
                0x000000000801b4d0                UiMenu_NextMenuEntry
                0x000000000801b618                UiMenu_MapColors
                0x000000000801b644                UiMenu_HandleDemodModeDisable
                0x000000000801b6a0                UiDriverMenuItemChangeInt
                0x000000000801b71c                UiDriverMenuItemChangeUInt32
                0x000000000801b798                UiMenu_ChangeFilterPathMemory
                0x000000000801b87c                UiDriverMenuItemChangeUInt8
                0x000000000801b904                UiDriverMenuBandRevCouplingAdjust
                0x000000000801b980                UiDriverMenuBandPowerAdjust
                0x000000000801bc7c                NVIC_SystemReset.lto_priv.660.lto_priv.663
                0x000000000801bc7c                NVIC_SystemReset.lto_priv.661.lto_priv.662
                0x000000000801bca0                Si570_CalcSufHelper.lto_priv.703
                0x000000000801bd7c                Si570_ChangeToNextFrequency
                0x000000000801bf54                Si570_PrepareChangeFrequency.lto_priv.364
                0x000000000801c180                Si570_SetPPM
                0x000000000801c1c4                Si570_ResetConfiguration
 .text          0x000000000801c328     0x2cf8 /tmp/cc0yi5Hh.ltrans3.ltrans.o
                0x000000000801c670                UiLcdHy28_DrawFullRect
                0x000000000801c700                UiSpectrum_Clear
                0x000000000801c78c                UiLcdHy28_OpenBulkWrite.lto_priv.362
                0x000000000801c804                UiSpectrum_UpdateSpectrumPixelParameters.lto_priv.653
                0x000000000801cc20                UiSpectrum_RedrawSpectrum.lto_priv.710
                0x000000000801e524                UiLcdHy28_TouchscreenInit
                0x000000000801e584                UiLcdHy28_TouchscreenReadCoordinates
                0x000000000801e7f0                UiLcdHy28_TouchscreenDetectPress
                0x000000000801e838                UiLcdHy28_SendRegisters.lto_priv.702
                0x000000000801e888                UiLcdHy28_DrawChar
                0x000000000801e9f0                UiLcdHy28_PrintTextCentered
                0x000000000801ed30                UiLcdHy28_PrintText
                0x000000000801ee68                UiLcdHy28_DrawEmptyRect
                0x000000000801ef04                UiLcdHy28_LcdClear
                0x000000000801ef2c                UiMenu_RenderPrevScreen
                0x000000000801ef5c                UiMenu_RenderMenu.part.2
 .text          0x000000000801f020     0x25a8 /tmp/cc0yi5Hh.ltrans4.ltrans.o
                0x000000000801f0e4                UiReadSettingEEPROM_UInt16.lto_priv.372
                0x000000000801f16c                UiWriteSettingEEPROM_UInt32.isra.4.lto_priv.645
                0x000000000801f4b4                UiWriteSettingEEPROM_Int16.isra.3.lto_priv.646
                0x000000000801f6a8                UiWriteSettingEEPROM_UInt16.isra.0.lto_priv.644
                0x000000000801f898                UiWriteSettingEEPROM_Int32_16.isra.2.lto_priv.647
                0x000000000801f89c                UiWriteSettingEEPROM_UInt32_16.isra.1.lto_priv.648
                0x000000000801f8a0                UiConfiguration_ReadConfigEntries.lto_priv.643
                0x000000000801f928                UiReadSettingsBandMode
                0x000000000801fa1c                RadioManagement_HandleRxIQSignalCodecGain
                0x000000000801fba4                RadioManagement_PowerFromADCValue.lto_priv.708
                0x000000000801fcec                RadioManagement_GetBand
                0x000000000801fecc                RadioManagement_SetDemodMode
                0x00000000080200c0                RadioManagement_SetBandPowerFactor
                0x0000000008020194                RadioManagement_CalculateCWSidebandMode
                0x00000000080203bc                RadioManagement_GetRXDialFrequency
                0x0000000008020410                RadioManagement_ValidateFrequencyForTX
                0x0000000008020554                RadioManagement_SwitchTxRx
                0x0000000008020a74                RadioManagement_HandlePttOnOff
                0x0000000008020b50                UiDriverEncoderRead
                0x0000000008020bbc                UiSpectrum_DisplayFilterBW.part.3
                0x0000000008020d6c                UiSpectrum_DrawFrequencyBar.part.2.lto_priv.657
                0x0000000008021070                UiSpectrum_Init
 .text.unlikely
                0x00000000080215c8       0x50 /tmp/cc0yi5Hh.ltrans4.ltrans.o
                0x00000000080215c8                RadioManagement_SetPaBias
 .text          0x0000000008021618     0x3380 /tmp/cc0yi5Hh.ltrans5.ltrans.o
                0x0000000008021618                codec2_decode_700
                0x0000000008021d14                codec2_encode_700
                0x0000000008022104                codec2_decode_1200
                0x0000000008022c98                codec2_encode_1200
                0x0000000008023484                codec2_encode_1300
                0x0000000008023934                codec2_decode_1400
                0x000000000802459c                codec2_encode_1400
 .text          0x0000000008024998     0x1d14 /tmp/cc0yi5Hh.ltrans6.ltrans.o
                0x0000000008024998                UiDriver_FButton_F3MemSplit.lto_priv.616
                0x00000000080249e4                UiDriver_DisplaySplitFreqLabels
                0x0000000008024bdc                UiDriver_ToggleVfoAB
                0x0000000008024d1c                UiDriver_FButton_F1MenuExit.lto_priv.617
                0x0000000008024d7c                UiDriver_ProcessKeyboard.lto_priv.704
                0x00000000080265bc                UiDriver_EncoderDisplay
 .text          0x00000000080266ac     0x12d4 /tmp/cc0yi5Hh.ltrans7.ltrans.o
                0x00000000080266ac                UiDriver_StartUpScreenInit
                0x0000000008026768                UiDriver_FirmwareVersionCheck.lto_priv.609
                0x00000000080267d4                UiDriver_DoCrossCheck
                0x00000000080269a4                UiDriver_CreateTemperatureDisplay
                0x0000000008026cb8                UiDriver_PowerDownCleanup.lto_priv.640
                0x0000000008026e8c                UiDriver_DisplayFilter.lto_priv.635
                0x000000000802710c                UiDriver_DisplayRit.lto_priv.626
                0x0000000008027328                UiDriver_DisplayTone.lto_priv.629
                0x00000000080274ec                UiDriver_DisplayNoiseBlanker.lto_priv.627
                0x000000000802766c                UiDriver_DisplayRfGain.lto_priv.628
                0x00000000080277ac                UiDriver_DisplayLineInModeAndGain.lto_priv.623
 .text.startup  0x0000000008027980     0x102c /tmp/cc0yi5Hh.ltrans8.ltrans.o
                0x0000000008027980                main
 *fill*         0x00000000080289ac        0x4 
 .text          0x00000000080289b0     0x2f3c /tmp/cc0yi5Hh.ltrans9.ltrans.o
                0x0000000008029698                codec2_decode_1600
                0x000000000802a3d4                codec2_decode_2400
                0x000000000802ac24                codec2_decode_3200
                0x000000000802b2f4                codec2_encode
                0x000000000802b3cc                codec2_samples_per_frame
                0x000000000802b3e4                codec2_bits_per_frame
                0x000000000802b418                UiDriver_StartupScreen_LogIfProblem.part.9
                0x000000000802b444                UiDriver_LcdBlankingStartTimer.part.4
                0x000000000802b470                UiDriver_IsButtonPressed.part.3.lto_priv.622
                0x000000000802b490                UiDriver_DisplayBand.part.1.lto_priv.366
                0x000000000802b55c                UiDriver_StartUpScreenFinish
 .text          0x000000000802b8ec     0x1a58 /tmp/cc0yi5Hh.ltrans10.ltrans.o
                0x000000000802bb20                UiDriver_DisplayKeyerSpeed.lto_priv.711
                0x000000000802bcc0                UiDriver_DisplayPowerLevel.lto_priv.610
                0x000000000802bd04                UiDriver_DisplayDSPMode.lto_priv.712
                0x000000000802c02c                UiDriver_DisplayCmpLevel.lto_priv.713
                0x000000000802c238                UiDriver_DisplayEncoderThreeMode.lto_priv.611
                0x000000000802c680                UiDriver_DisplayEncoderTwoMode.lto_priv.612
                0x000000000802c6fc                UiDriver_DisplayEncoderOneMode.lto_priv.613
                0x000000000802ca28                UiDriver_ChangeBand.lto_priv.642
                0x000000000802cc28                UiDriver_ChangeToNextDemodMode.lto_priv.641
                0x000000000802ce00                UiDriver_ChangeTuningStep
                0x000000000802ceb4                UiDriver_UpdateLcdFreq.lto_priv.365
                0x000000000802d00c                UiDriver_UpdateBtmMeter.lto_priv.633
                0x000000000802d1e0                UiDriver_UpdateTopMeterA.lto_priv.634
 *fill*         0x000000000802d344        0x4 
 .text          0x000000000802d348     0x3620 /tmp/cc0yi5Hh.ltrans11.ltrans.o
                0x000000000802da64                AudioDriver_Mix.lto_priv.524
                0x000000000802dae4                AudioDriver_RxProcessor.lto_priv.581
                0x0000000008030568                AudioDriver_SetupAGC
 .text          0x0000000008030968     0x1ad4 /tmp/cc0yi5Hh.ltrans12.ltrans.o
                0x0000000008030968                UiDriver_DrawSMeterLabels.lto_priv.706
                0x0000000008030e60                UiDriver_CreateMeters.lto_priv.614
                0x0000000008031368                UiDriver_DrawPowerMeterLabels.lto_priv.707
                0x00000000080316f4                UiDriver_DrawSMeter.lto_priv.709
                0x0000000008031868                UiDriver_DisplayMemoryLabel.lto_priv.705
                0x0000000008031994                UiDriver_ShowStep
                0x0000000008031b88                UiDriver_CreateMainFreqDisplay.lto_priv.615
                0x0000000008031c40                UiDriver_ShowMode
                0x0000000008031ecc                UiDriver_PressHoldStep.lto_priv.639
                0x0000000008031f3c                UiDriver_UpdateDisplayAfterParamChange
                0x0000000008032428                UiDriver_RefreshEncoderDisplay
 *fill*         0x000000000803243c        0x4 
 .text          0x0000000008032440     0x2414 /tmp/cc0yi5Hh.ltrans13.ltrans.o
                0x00000000080324d4                RttyDecoder_demodulator.lto_priv.543
                0x0000000008032630                RttyDecoder_Init
                0x00000000080326b0                AudioDriver_FreqConversion.lto_priv.523
                0x0000000008032924                AudioDriver_TxFilterInit
                0x0000000008032a38                AudioDriver_SetSamPllParameters
                0x0000000008032c18                AudioDriver_SetRxAudioProcessing
                0x0000000008033af8                AudioDriver_GetTranslateFreq
                0x0000000008033b1c                log10f_fast
                0x0000000008033b74                MchfHw_Codec_HandleBlock.lto_priv.373
                0x0000000008033ed8                Codec_TxSidetoneSetgain.part.3
                0x0000000008033fb8                Codec_SwitchMicTxRxMode
                0x0000000008034064                Codec_RestartI2S
                0x00000000080340d4                CwGen_TestFirstPaddle.lto_priv.382
                0x0000000008034194                CwGen_SetSpeed
                0x0000000008034234                AudioDriver_Init
                0x0000000008034448                softdds_runf
                0x0000000008034528                CatDriver_Ft817_EEPROM_Read.lto_priv.715
                0x00000000080345ac                CatDriver_Ft817_EEPROM_Write.lto_priv.714
                0x0000000008034608                make_analysis_window
                0x0000000008034770                decode_WoE
 .text.unlikely
                0x0000000008034854       0xf0 /tmp/cc0yi5Hh.ltrans13.ltrans.o
                0x0000000008034854                CwGen_AddChar
                0x00000000080348f0                varicode_decode_init.part.1
                0x000000000803490c                varicode_encode.part.0
                0x0000000008034928                mbest_destroy.part.0.lto_priv.589
 *fill*         0x0000000008034944        0x4 
 .text          0x0000000008034948     0x26a0 /tmp/cc0yi5Hh.ltrans14.ltrans.o
                0x0000000008034948                my_put_next_rx_char
                0x000000000803498c                my_get_next_tx_char
                0x00000000080349a0                MX_FMC_Init
                0x0000000008034b84                FreeDV_mcHF_HandleFreeDV.part.1
                0x0000000008035e74                UiDriver_TextMsgDisplay.part.0
                0x0000000008035f68                UiDriver_TextMsgPutChar
                0x0000000008035fac                AudioManagement_KeyBeep
                0x000000000803604c                AudioManagement_LoadBeepFreq
                0x00000000080360dc                AudioManagement_CalcSubaudibleDetFreq
                0x0000000008036240                AudioManagement_CalcSubaudibleGenFreq
                0x000000000803627c                AudioManagement_CalcTxCompLevel
                0x0000000008036324                AudioManagement_CalcALCDecay
                0x0000000008036370                AudioManagement_CalcIqPhaseGainAdjust
                0x0000000008036768                AudioManagement_CalcNB_AGC
                0x00000000080367e0                AudioManagement_CalcAGCVals
                0x0000000008036860                AudioManagement_CalcRFGain
                0x00000000080368b0                AudioManagement_CalcAGCDecay
                0x0000000008036928                AudioFilter_InitTxHilbertFIR
                0x0000000008036a9c                AudioFilter_InitRxHilbertFIR
                0x0000000008036cb4                AudioFilter_NextApplicableFilterPath
 .text          0x0000000008036fe8     0x3104 /tmp/cc0yi5Hh.ltrans15.ltrans.o
                0x0000000008037a5c                encode_WoE
                0x0000000008037cc0                phase_synth_zero_order
                0x0000000008037e60                unpack_natural_or_gray
                0x0000000008037ebc                pack_natural_or_gray
                0x0000000008037efc                pack
                0x0000000008037f38                kiss_fftr
                0x0000000008038070                kiss_fft_alloc
                0x00000000080383d8                kf_bfly_generic.lto_priv.369
                0x00000000080384d4                kf_bfly5.lto_priv.368
                0x00000000080386dc                freedv_comptx
                0x0000000008039784                fdmdv_get_demod_stats
                0x00000000080398dc                rx_est_timing
                0x0000000008039b1c                lpf_peak_pick
                0x0000000008039f20                generate_pilot_lut
 *fill*         0x000000000803a0ec        0x4 
 .text          0x000000000803a0f0     0x3b1c /tmp/cc0yi5Hh.ltrans16.ltrans.o
                0x000000000803a0f0                fdmdv_mod
                0x000000000803a640                fdmdv_create
                0x000000000803ad4c                cohpsk_mod
                0x000000000803bc34                update_ct_symb_buf
                0x000000000803be14                corr_with_pilots
                0x000000000803bf74                frame_sync_fine_freq_est.part.1
                0x000000000803c0f0                codec2_fft_inplace
                0x000000000803c14c                analyse_one_frame
                0x000000000803caac                synthesise_one_frame
                0x000000000803cd0c                codec2_decode_700b
                0x000000000803d368                codec2_encode_700b
 .text.unlikely
                0x000000000803dc0c       0x1c /tmp/cc0yi5Hh.ltrans16.ltrans.o
                0x000000000803dc0c                codec2_get_spare_bit_index.part.2
 .text          0x000000000803dc28     0x1144 /tmp/cc0yi5Hh.ltrans17.ltrans.o
                0x000000000803dc28                DMA2_Stream6_IRQHandler
                0x000000000803dc34                OTG_FS_IRQHandler
                0x000000000803ed08                DMA2_Stream2_IRQHandler
                0x000000000803ed14                DMA2_Stream1_IRQHandler
                0x000000000803ed20                DMA2_Stream0_IRQHandler
                0x000000000803ed2c                EXTI1_IRQHandler
 *fill*         0x000000000803ed6c        0x4 
 .text          0x000000000803ed70     0x1fb4 /tmp/cc0yi5Hh.ltrans18.ltrans.o
                0x000000000803ed70                UiDriver_Init
                0x0000000008040730                UiDriver_FrequencyUpdateLOandDisplay
                0x0000000008040ab8                UiDriver_ToggleWaterfallScopeDisplay.lto_priv.638
                0x0000000008040aec                UiConfiguration_SaveEepromValues.part.6
 .text          0x0000000008040d24     0x12d8 /tmp/cc0yi5Hh.ltrans19.ltrans.o
                0x0000000008040d80                SAI_DMAError.lto_priv.371
                0x0000000008040ee4                arm_fir_decimate_f32
                0x00000000080411fc                arm_biquad_cascade_df1_f32
                0x0000000008041340                arm_copy_f32
                0x00000000080413a0                arm_radix8_butterfly_f32
                0x0000000008041958                SystemInit
                0x00000000080419a8                USB_HC_Halt
                0x0000000008041a48                USB_CoreReset.lto_priv.395
                0x0000000008041a7c                USB_EP0_OutStart
                0x0000000008041ac0                USB_EP0StartXfer
                0x0000000008041c48                USB_EPStartXfer
                0x0000000008041ee8                HAL_SAI_Receive_DMA
                0x0000000008041f74                HAL_SAI_Transmit_DMA
 .text.unlikely
                0x0000000008041ffc      0x7e8 /tmp/cc0yi5Hh.ltrans19.ltrans.o
                0x0000000008041ffc                HAL_RCCEx_PeriphCLKConfig
 .text          0x00000000080427e4     0x1474 /tmp/cc0yi5Hh.ltrans20.ltrans.o
                0x0000000008042940                HAL_TIM_Encoder_Init.constprop.34
                0x0000000008042ba8                HAL_SPI_Init.constprop.33
                0x0000000008042d4c                HAL_SAI_InitProtocol.constprop.29
                0x0000000008043418                arm_sub_f32
                0x00000000080434a4                arm_scale_f32
                0x0000000008043510                arm_negate_f32
                0x000000000804357c                arm_mult_f32
                0x0000000008043608                arm_add_f32
                0x0000000008043694                arm_iir_lattice_f32
                0x000000000804385c                arm_fir_f32
 .text          0x0000000008043c58     0x295c /tmp/cc0yi5Hh.ltrans21.ltrans.o
                0x0000000008044314                alt_noise_blanking.constprop.228
                0x0000000008044d28                fvhff_frame_bits.constprop.226
                0x0000000008044e40                mbest_search.constprop.222
                0x0000000008044f74                speech_to_uq_lsps.constprop.212
                0x0000000008045388                speech_to_uq_lsps.constprop.211
                0x0000000008045684                pack.constprop.209
                0x00000000080456a8                kf_work.constprop.205
                0x0000000008045a60                synthesise.constprop.185
                0x0000000008045ca8                aks_to_M2.constprop.182
                0x0000000008045ea8                aks_to_M2.constprop.181
                0x0000000008046098                lsp_to_lpc.constprop.180
                0x0000000008046308                lsp_to_lpc.constprop.179
 *fill*         0x00000000080465b4        0x4 
 .text.unlikely
                0x00000000080465b8      0x15c /tmp/cc0yi5Hh.ltrans21.ltrans.o
 *fill*         0x0000000008046714        0x4 
 .text          0x0000000008046718     0x1288 /tmp/cc0yi5Hh.ltrans22.ltrans.o
                0x0000000008046730                freedv_open.constprop.127
                0x0000000008046c30                HAL_DMA_Start_IT.constprop.125
                0x0000000008046cb4                Codec_ResetCodec.part.0.constprop.124
                0x0000000008046d20                HAL_NVIC_SetPriority.constprop.121
                0x0000000008046d84                UiReadSettingEEPROM_UInt16.constprop.120
                0x0000000008046dc0                UiReadSettingEEPROM_UInt32.constprop.119
                0x0000000008046e18                HAL_TIM_Encoder_Start.constprop.114
                0x0000000008046e34                USBD_LL_StallEP.constprop.105
                0x0000000008046ec0                USBD_LL_StallEP.constprop.104
                0x0000000008046f5c                USBD_LL_PrepareReceive.constprop.95
                0x0000000008046f94                HAL_PCDEx_SetTxFiFo.constprop.78
                0x0000000008046fe0                CwGen_RemoveClickOnFallingEdge.constprop.72
                0x0000000008047074                CwGen_RemoveClickOnRisingEdge.part.0.constprop.71
                0x00000000080470ec                AudioDriver_TxCompressor.constprop.66
                0x0000000008047358                arm_lms_norm_f32.constprop.55
                0x000000000804756c                HAL_ADC_ConfigChannel.constprop.50
                0x0000000008047668                HAL_ADC_Init.constprop.49
                0x0000000008047870                HAL_I2CEx_ConfigDigitalFilter.constprop.44
                0x00000000080478bc                HAL_I2CEx_ConfigAnalogFilter.constprop.42
                0x000000000804790c                HAL_InitTick.constprop.38
                0x0000000008047954                HAL_TIMEx_MasterConfigSynchronization.constprop.35
 .text          0x00000000080479a0     0x35b0 /tmp/cc0yi5Hh.ltrans23.ltrans.o
                0x000000000804982c                freedv_comprx_fdmdv_700.constprop.151
                0x000000000804a1e8                fdmdv_demod.constprop.148
                0x000000000804ae34                kiss_fftr_alloc.constprop.133
 .text          0x000000000804af50     0x1014 /tmp/cc0yi5Hh.ltrans24.ltrans.o
                0x000000000804af50                UiDriverMenuItemChangeEnableOnOff.constprop.285
                0x000000000804af84                HAL_RTC_Init.constprop.282
                0x000000000804b048                HAL_RCC_OscConfig.constprop.279
                0x000000000804b414                UiDriverMenuItemChangeInt16.constprop.275
                0x000000000804b4a0                HAL_RTC_SetTime.constprop.272
                0x000000000804b604                MchfRtc_GetTime.constprop.271
                0x000000000804b66c                HAL_GPIO_Init.constprop.270
                0x000000000804b82c                UiDriverMenuItemChangeEnableOnOffFlag.constprop.269
                0x000000000804b870                UiMenu_DisplayValue.constprop.267
                0x000000000804b894                SerialEEPROM_24Cxx_Read.constprop.265
                0x000000000804b8ec                arm_fill_f32.constprop.264
                0x000000000804b92c                AudioDriver_CalcLowShelf.constprop.262
                0x000000000804ba6c                AudioDriver_CalcHighShelf.constprop.261
                0x000000000804bbb8                HAL_DAC_SetValue.constprop.258
                0x000000000804bbdc                UiMenu_HandleIQAdjust.constprop.257
                0x000000000804bcb0                UiDriver_EncoderDisplaySimple.constprop.254
                0x000000000804be68                softdds_setfreq_dbl.constprop.252
                0x000000000804bed4                UiMenu_RenderMenu.constprop.250
                0x000000000804bf18                UiMenu_RenderMenu.constprop.249
 .text          0x000000000804bf64     0x12bc /tmp/cc0yi5Hh.ltrans25.ltrans.o
                0x000000000804bf64                I2C_TransferConfig.lto_priv.363
                0x000000000804bf88                HAL_GPIO_Init
                0x000000000804c1d4                HAL_I2C_Init
                0x000000000804c344                HAL_DMA_IRQHandler
                0x000000000804c4ec                HAL_ADC_Start
                0x000000000804c5c4                HAL_Delay
                0x000000000804c5e0                USBD_CtlSendStatus
                0x000000000804c618                USBD_LL_OpenEP
                0x000000000804c724                OTG_HS_IRQHandler
 .text.unlikely
                0x000000000804d220       0xd0 /tmp/cc0yi5Hh.ltrans25.ltrans.o
                0x000000000804d220                USBD_LL_StallEP
 .text          0x000000000804d2f0     0x14bc /tmp/cc0yi5Hh.ltrans26.ltrans.o
                0x000000000804d458                UiLcdHy28_PrintTextCentered.constprop.356
                0x000000000804d718                UiLcdHy28_PrintTextCentered.constprop.355
                0x000000000804da78                UiLcdHy28_PrintText.constprop.354
                0x000000000804db54                UiLcdHy28_PrintText.constprop.353
                0x000000000804dc94                UiLcdHy28_PrintText.constprop.352
                0x000000000804ddd4                UiLcdHy28_PrintTextRight.constprop.346
                0x000000000804ded4                HAL_I2C_Mem_Read.part.18.constprop.335
                0x000000000804e0e8                HAL_I2C_Mem_Write.part.17.constprop.330
                0x000000000804e2f0                RadioManagement_ChangeFrequency.constprop.324
 *fill*         0x000000000804e7ac        0x4 
 .text          0x000000000804e7b0     0x1670 /tmp/cc0yi5Hh.ltrans27.ltrans.o
                0x000000000804ebc0                AudioDriver_TxProcessor.lto_priv.580
 .text          0x000000000804fe20     0x12d4 /tmp/cc0yi5Hh.ltrans28.ltrans.o
                0x000000000804fe20                UiDriver_UpdateFrequency.constprop.323
                0x00000000080501a0                UiDriver_FrequencyUpdateLOandDisplay.constprop.321
                0x00000000080507fc                FLASH_WaitForLastOperation.constprop.306
                0x00000000080508c0                HAL_FLASH_Program.constprop.304
                0x00000000080509cc                HAL_FLASHEx_Erase.part.2.constprop.303
                0x0000000008050b0c                SerialEEPROM_24Cxx_WriteBulk.part.1.constprop.299
                0x0000000008050d38                MCHF_I2C_WriteRegister.constprop.296
                0x0000000008050d70                MCHF_I2C_WriteRegister.constprop.295
                0x0000000008050db4                UiMenu_MapColors.constprop.293
                0x0000000008050dd4                UiLcdHy28_DrawHorizLineWithGrad.constprop.290
                0x0000000008050f28                UiMenu_DisplayMoveSlotsForward.constprop.288
                0x00000000080510d0                UiDriverMenuItemChangeOnOff.constprop.286
 .text.unlikely
                0x00000000080510f4       0x64 /tmp/cc0yi5Hh.ltrans28.ltrans.o
                0x00000000080510f4                SPI_WaitFlagStateUntilTimeout.part.0.constprop.320
 .text          0x0000000008051158     0x10e0 /tmp/cc0yi5Hh.ltrans29.ltrans.o
                0x0000000008051158                codec2_decode_1300.constprop.163
                0x0000000008051ad4                varicode_decode1.constprop.159
                0x0000000008051ba0                rx_filter_coh.constprop.156
                0x0000000008051cb4                fdm_downconvert_coh.constprop.155
                0x0000000008051dac                rate_Fs_rx_processing.constprop.153
 .text          0x0000000008052238      0x348 /tmp/cc0yi5Hh.ltrans30.ltrans.o
                0x0000000008052238                EXTI0_IRQHandler
                0x00000000080522b4                SysTick_Handler
                0x00000000080522c4                PendSV_Handler
                0x00000000080522c8                golay23_init
                0x00000000080522c8                NMI_Handler
                0x00000000080522cc                DebugMon_Handler
                0x00000000080522d0                SVC_Handler
                0x00000000080522d4                UsageFault_Handler
                0x00000000080522d8                MemManage_Handler
                0x00000000080522dc                HardFault_Handler
                0x00000000080522dc                Error_Handler
                0x00000000080522e0                SystemClock_Config
 .text          0x0000000008052580      0x198 /tmp/cc0yi5Hh.ltrans31.ltrans.o
                0x0000000008052580                UiMenu_DisplayInitSlots
 .text.Reset_Handler
                0x0000000008052718       0x50 basesw/ovi40/Drivers/CMSIS/Device/ST/STM32F7xx/Source/Templates/gcc/startup_stm32f767xx.o
                0x0000000008052718                Reset_Handler
 .text.Default_Handler
                0x0000000008052768        0x2 basesw/ovi40/Drivers/CMSIS/Device/ST/STM32F7xx/Source/Templates/gcc/startup_stm32f767xx.o
                0x0000000008052768                LTDC_ER_IRQHandler
                0x0000000008052768                DMA2_Stream5_IRQHandler
                0x0000000008052768                OTG_HS_WKUP_IRQHandler
                0x0000000008052768                DFSDM1_FLT1_IRQHandler
                0x0000000008052768                TIM8_UP_TIM13_IRQHandler
                0x0000000008052768                USART6_IRQHandler
                0x0000000008052768                DMA2_Stream7_IRQHandler
                0x0000000008052768                SAI2_IRQHandler
                0x0000000008052768                CAN3_TX_IRQHandler
                0x0000000008052768                UART4_IRQHandler
                0x0000000008052768                OTG_FS_WKUP_IRQHandler
                0x0000000008052768                JPEG_IRQHandler
                0x0000000008052768                TIM8_CC_IRQHandler
                0x0000000008052768                CAN3_RX1_IRQHandler
                0x0000000008052768                ETH_IRQHandler
                0x0000000008052768                SPI2_IRQHandler
                0x0000000008052768                EXTI9_5_IRQHandler
                0x0000000008052768                SPI1_IRQHandler
                0x0000000008052768                PVD_IRQHandler
                0x0000000008052768                TIM5_IRQHandler
                0x0000000008052768                ADC_IRQHandler
                0x0000000008052768                I2C4_EV_IRQHandler
                0x0000000008052768                DMA1_Stream6_IRQHandler
                0x0000000008052768                DMA1_Stream1_IRQHandler
                0x0000000008052768                WWDG_IRQHandler
                0x0000000008052768                DMA2D_IRQHandler
                0x0000000008052768                I2C3_EV_IRQHandler
                0x0000000008052768                SPI4_IRQHandler
                0x0000000008052768                DMA1_Stream2_IRQHandler
                0x0000000008052768                RCC_IRQHandler
                0x0000000008052768                I2C1_ER_IRQHandler
                0x0000000008052768                DMA2_Stream3_IRQHandler
                0x0000000008052768                TIM1_UP_TIM10_IRQHandler
                0x0000000008052768                OTG_HS_EP1_OUT_IRQHandler
                0x0000000008052768                DMA2_Stream4_IRQHandler
                0x0000000008052768                SAI1_IRQHandler
                0x0000000008052768                I2C2_EV_IRQHandler
                0x0000000008052768                CEC_IRQHandler
                0x0000000008052768                CAN1_RX0_IRQHandler
                0x0000000008052768                TIM3_IRQHandler
                0x0000000008052768                SPI6_IRQHandler
                0x0000000008052768                USART2_IRQHandler
                0x0000000008052768                DMA1_Stream0_IRQHandler
                0x0000000008052768                DMA1_Stream7_IRQHandler
                0x0000000008052768                TIM6_DAC_IRQHandler
                0x0000000008052768                DMA1_Stream4_IRQHandler
                0x0000000008052768                CAN3_RX0_IRQHandler
                0x0000000008052768                SDMMC2_IRQHandler
                0x0000000008052768                TIM8_TRG_COM_TIM14_IRQHandler
                0x0000000008052768                LTDC_IRQHandler
                0x0000000008052768                FMC_IRQHandler
                0x0000000008052768                CAN2_TX_IRQHandler
                0x0000000008052768                FLASH_IRQHandler
                0x0000000008052768                CAN1_TX_IRQHandler
                0x0000000008052768                QUADSPI_IRQHandler
                0x0000000008052768                EXTI15_10_IRQHandler
                0x0000000008052768                TIM8_BRK_TIM12_IRQHandler
                0x0000000008052768                USART1_IRQHandler
                0x0000000008052768                RTC_WKUP_IRQHandler
                0x0000000008052768                TIM2_IRQHandler
                0x0000000008052768                I2C4_ER_IRQHandler
                0x0000000008052768                CAN1_SCE_IRQHandler
                0x0000000008052768                TAMP_STAMP_IRQHandler
                0x0000000008052768                DFSDM1_FLT2_IRQHandler
                0x0000000008052768                SDMMC1_IRQHandler
                0x0000000008052768                OTG_HS_EP1_IN_IRQHandler
                0x0000000008052768                Default_Handler
                0x0000000008052768                RNG_IRQHandler
                0x0000000008052768                ETH_WKUP_IRQHandler
                0x0000000008052768                EXTI2_IRQHandler
                0x0000000008052768                UART5_IRQHandler
                0x0000000008052768                DMA1_Stream5_IRQHandler
                0x0000000008052768                UART8_IRQHandler
                0x0000000008052768                TIM4_IRQHandler
                0x0000000008052768                USART3_IRQHandler
                0x0000000008052768                UART7_IRQHandler
                0x0000000008052768                DFSDM1_FLT3_IRQHandler
                0x0000000008052768                TIM1_TRG_COM_TIM11_IRQHandler
                0x0000000008052768                I2C3_ER_IRQHandler
                0x0000000008052768                TIM1_BRK_TIM9_IRQHandler
                0x0000000008052768                EXTI3_IRQHandler
                0x0000000008052768                I2C2_ER_IRQHandler
                0x0000000008052768                SPDIF_RX_IRQHandler
                0x0000000008052768                MDIOS_IRQHandler
                0x0000000008052768                CAN2_RX0_IRQHandler
                0x0000000008052768                FPU_IRQHandler
                0x0000000008052768                DCMI_IRQHandler
                0x0000000008052768                CAN2_RX1_IRQHandler
                0x0000000008052768                I2C1_EV_IRQHandler
                0x0000000008052768                TIM1_CC_IRQHandler
                0x0000000008052768                LPTIM1_IRQHandler
                0x0000000008052768                SPI3_IRQHandler
                0x0000000008052768                DFSDM1_FLT0_IRQHandler
                0x0000000008052768                DMA1_Stream3_IRQHandler
                0x0000000008052768                SPI5_IRQHandler
                0x0000000008052768                TIM7_IRQHandler
                0x0000000008052768                RTC_Alarm_IRQHandler
                0x0000000008052768                CAN3_SCE_IRQHandler
                0x0000000008052768                EXTI4_IRQHandler
                0x0000000008052768                CAN1_RX1_IRQHandler
                0x0000000008052768                CAN2_SCE_IRQHandler
 .text          0x000000000805276a       0xc0 basesw/ovi40/Drivers/CMSIS/DSP_Lib/Source/TransformFunctions/arm_bitreversal2.o
                0x000000000805276a                arm_bitreversal_32
                0x00000000080527d4                arm_bitreversal_16
 *fill*         0x000000000805282a        0x2 
 .text          0x000000000805282c       0x48 /usr/lib/gcc/arm-none-eabi/5.4.1/../../../arm-none-eabi/lib/armv7e-m/fpu/fpv5-d16/libc_nano.a(lib_a-assert.o)
                0x000000000805282c                __assert_func
                0x0000000008052868                __assert
 .text          0x0000000008052874       0x10 /usr/lib/gcc/arm-none-eabi/5.4.1/../../../arm-none-eabi/lib/armv7e-m/fpu/fpv5-d16/libc_nano.a(lib_a-atoi.o)
                0x0000000008052874                atoi
                0x000000000805287c                _atoi_r
 .text          0x0000000008052884       0x40 /usr/lib/gcc/arm-none-eabi/5.4.1/../../../arm-none-eabi/lib/armv7e-m/fpu/fpv5-d16/libc_nano.a(lib_a-div.o)
                0x0000000008052884                div
 .text          0x00000000080528c4       0x44 /usr/lib/gcc/arm-none-eabi/5.4.1/../../../arm-none-eabi/lib/armv7e-m/fpu/fpv5-d16/libc_nano.a(lib_a-fprintf.o)
                0x00000000080528c4                _fprintf_r
                0x00000000080528c4                _fiprintf_r
                0x00000000080528e0                fprintf
                0x00000000080528e0                fiprintf
 .text          0x0000000008052908       0x50 /usr/lib/gcc/arm-none-eabi/5.4.1/../../../arm-none-eabi/lib/armv7e-m/fpu/fpv5-d16/libc_nano.a(lib_a-init.o)
                0x0000000008052908                __libc_init_array
 .text          0x0000000008052958       0x9c /usr/lib/gcc/arm-none-eabi/5.4.1/../../../arm-none-eabi/lib/armv7e-m/fpu/fpv5-d16/libc_nano.a(lib_a-memset.o)
                0x0000000008052958                memset
 .text          0x00000000080529f4      0x2fc /usr/lib/gcc/arm-none-eabi/5.4.1/../../../arm-none-eabi/lib/armv7e-m/fpu/fpv5-d16/libc_nano.a(lib_a-nano-vfprintf.o)
                0x0000000008052a28                __sfputs_r
                0x0000000008052a54                __sprint_r
                0x0000000008052a70                _vfprintf_r
                0x0000000008052a70                _vfiprintf_r
                0x0000000008052cd8                vfprintf
                0x0000000008052cd8                vfiprintf
 .text          0x0000000008052cf0      0x3d8 /usr/lib/gcc/arm-none-eabi/5.4.1/../../../arm-none-eabi/lib/armv7e-m/fpu/fpv5-d16/libc_nano.a(lib_a-nano-vfprintf_i.o)
                0x0000000008052cf0                _printf_common
                0x0000000008052e20                _printf_i
 .text          0x00000000080530c8       0x34 /usr/lib/gcc/arm-none-eabi/5.4.1/../../../arm-none-eabi/lib/armv7e-m/fpu/fpv5-d16/libc_nano.a(lib_a-strnlen.o)
                0x00000000080530c8                strnlen
 .text          0x00000000080530fc      0x140 /usr/lib/gcc/arm-none-eabi/5.4.1/../../../arm-none-eabi/lib/armv7e-m/fpu/fpv5-d16/libc_nano.a(lib_a-strtol.o)
                0x00000000080530fc                _strtol_r
                0x0000000008053224                strtol
 .text          0x000000000805323c       0xc4 /usr/lib/gcc/arm-none-eabi/5.4.1/../../../arm-none-eabi/lib/armv7e-m/fpu/fpv5-d16/libc_nano.a(lib_a-wbuf.o)
                0x000000000805323c                __swbuf_r
                0x00000000080532f0                __swbuf
 .text          0x0000000008053300       0xf4 /usr/lib/gcc/arm-none-eabi/5.4.1/../../../arm-none-eabi/lib/armv7e-m/fpu/fpv5-d16/libc_nano.a(lib_a-wsetup.o)
                0x0000000008053300                __swsetup_r
 .text          0x00000000080533f4       0x10 /usr/lib/gcc/arm-none-eabi/5.4.1/../../../arm-none-eabi/lib/armv7e-m/fpu/fpv5-d16/libc_nano.a(lib_a-abort.o)
                0x00000000080533f4                abort
 .text          0x0000000008053404      0x1b8 /usr/lib/gcc/arm-none-eabi/5.4.1/../../../arm-none-eabi/lib/armv7e-m/fpu/fpv5-d16/libc_nano.a(lib_a-fflush.o)
                0x0000000008053404                __sflush_r
                0x0000000008053534                _fflush_r
                0x0000000008053598                fflush
 .text          0x00000000080535bc      0x22c /usr/lib/gcc/arm-none-eabi/5.4.1/../../../arm-none-eabi/lib/armv7e-m/fpu/fpv5-d16/libc_nano.a(lib_a-findfp.o)
                0x00000000080535c0                _cleanup_r
                0x00000000080535d0                __sfmoreglue
                0x0000000008053600                __sfp
                0x0000000008053794                _cleanup
                0x00000000080537a8                __sinit
                0x00000000080537b0                __sfp_lock_acquire
                0x00000000080537b4                __sfp_lock_release
                0x00000000080537b8                __sinit_lock_acquire
                0x00000000080537bc                __sinit_lock_release
                0x00000000080537c0                __fp_lock_all
                0x00000000080537d4                __fp_unlock_all
 .text          0x00000000080537e8      0x304 /usr/lib/gcc/arm-none-eabi/5.4.1/../../../arm-none-eabi/lib/armv7e-m/fpu/fpv5-d16/libc_nano.a(lib_a-fvwrite.o)
                0x00000000080537e8                __sfvwrite_r
 .text          0x0000000008053aec       0xa0 /usr/lib/gcc/arm-none-eabi/5.4.1/../../../arm-none-eabi/lib/armv7e-m/fpu/fpv5-d16/libc_nano.a(lib_a-fwalk.o)
                0x0000000008053aec                _fwalk
                0x0000000008053b38                _fwalk_reent
 .text          0x0000000008053b8c       0xe4 /usr/lib/gcc/arm-none-eabi/5.4.1/../../../arm-none-eabi/lib/armv7e-m/fpu/fpv5-d16/libc_nano.a(lib_a-makebuf.o)
                0x0000000008053b8c                __swhatbuf_r
                0x0000000008053be8                __smakebuf_r
 .text          0x0000000008053c70       0x20 /usr/lib/gcc/arm-none-eabi/5.4.1/../../../arm-none-eabi/lib/armv7e-m/fpu/fpv5-d16/libc_nano.a(lib_a-malloc.o)
                0x0000000008053c70                malloc
                0x0000000008053c80                free
 .text          0x0000000008053c90       0xa0 /usr/lib/gcc/arm-none-eabi/5.4.1/../../../arm-none-eabi/lib/armv7e-m/fpu/fpv5-d16/libc_nano.a(lib_a-memchr.o)
                0x0000000008053c90                memchr
 .text          0x0000000008053d30      0x134 /usr/lib/gcc/arm-none-eabi/5.4.1/../../../arm-none-eabi/lib/armv7e-m/fpu/fpv5-d16/libc_nano.a(lib_a-memcpy.o)
                0x0000000008053d30                memcpy
 .text          0x0000000008053e64       0xc8 /usr/lib/gcc/arm-none-eabi/5.4.1/../../../arm-none-eabi/lib/armv7e-m/fpu/fpv5-d16/libc_nano.a(lib_a-memmove.o)
                0x0000000008053e64                memmove
 .text          0x0000000008053f2c       0x8c /usr/lib/gcc/arm-none-eabi/5.4.1/../../../arm-none-eabi/lib/armv7e-m/fpu/fpv5-d16/libc_nano.a(lib_a-nano-freer.o)
                0x0000000008053f2c                _free_r
 .text          0x0000000008053fb8       0xbc /usr/lib/gcc/arm-none-eabi/5.4.1/../../../arm-none-eabi/lib/armv7e-m/fpu/fpv5-d16/libc_nano.a(lib_a-nano-mallocr.o)
                0x0000000008053fb8                _malloc_r
 .text          0x0000000008054074       0x48 /usr/lib/gcc/arm-none-eabi/5.4.1/../../../arm-none-eabi/lib/armv7e-m/fpu/fpv5-d16/libc_nano.a(lib_a-nano-reallocr.o)
                0x0000000008054074                _realloc_r
 .text          0x00000000080540bc       0x24 /usr/lib/gcc/arm-none-eabi/5.4.1/../../../arm-none-eabi/lib/armv7e-m/fpu/fpv5-d16/libc_nano.a(lib_a-sbrkr.o)
                0x00000000080540bc                _sbrk_r
 .text          0x00000000080540e0      0x144 /usr/lib/gcc/arm-none-eabi/5.4.1/../../../arm-none-eabi/lib/armv7e-m/fpu/fpv5-d16/libc_nano.a(lib_a-signal.o)
                0x00000000080540e0                _init_signal_r
                0x0000000008054110                _signal_r
                0x0000000008054144                _raise_r
                0x0000000008054198                __sigtramp_r
                0x00000000080541e8                raise
                0x00000000080541f8                signal
                0x0000000008054208                _init_signal
                0x0000000008054214                __sigtramp
 .text          0x0000000008054224       0x2c /usr/lib/gcc/arm-none-eabi/5.4.1/../../../arm-none-eabi/lib/armv7e-m/fpu/fpv5-d16/libc_nano.a(lib_a-signalr.o)
                0x0000000008054224                _kill_r
                0x000000000805424c                _getpid_r
 .text          0x0000000008054250       0x8c /usr/lib/gcc/arm-none-eabi/5.4.1/../../../arm-none-eabi/lib/armv7e-m/fpu/fpv5-d16/libc_nano.a(lib_a-stdio.o)
                0x0000000008054250                __sread
                0x0000000008054274                __seofread
                0x0000000008054278                __swrite
                0x00000000080542b4                __sseek
                0x00000000080542d4                __sclose
 .text          0x00000000080542dc       0x2c /usr/lib/gcc/arm-none-eabi/5.4.1/../../../arm-none-eabi/lib/armv7e-m/fpu/fpv5-d16/libc_nano.a(lib_a-writer.o)
                0x00000000080542dc                _write_r
 .text          0x0000000008054308       0x24 /usr/lib/gcc/arm-none-eabi/5.4.1/../../../arm-none-eabi/lib/armv7e-m/fpu/fpv5-d16/libc_nano.a(lib_a-closer.o)
                0x0000000008054308                _close_r
 .text          0x000000000805432c       0x28 /usr/lib/gcc/arm-none-eabi/5.4.1/../../../arm-none-eabi/lib/armv7e-m/fpu/fpv5-d16/libc_nano.a(lib_a-fstatr.o)
                0x000000000805432c                _fstat_r
 .text          0x0000000008054354       0x24 /usr/lib/gcc/arm-none-eabi/5.4.1/../../../arm-none-eabi/lib/armv7e-m/fpu/fpv5-d16/libc_nano.a(lib_a-isattyr.o)
                0x0000000008054354                _isatty_r
 .text          0x0000000008054378       0x2c /usr/lib/gcc/arm-none-eabi/5.4.1/../../../arm-none-eabi/lib/armv7e-m/fpu/fpv5-d16/libc_nano.a(lib_a-lseekr.o)
                0x0000000008054378                _lseek_r
 .text          0x00000000080543a4       0x14 /usr/lib/gcc/arm-none-eabi/5.4.1/../../../arm-none-eabi/lib/armv7e-m/fpu/fpv5-d16/libc_nano.a(lib_a-nano-msizer.o)
                0x00000000080543a4                _malloc_usable_size_r
 .text          0x00000000080543b8       0x2c /usr/lib/gcc/arm-none-eabi/5.4.1/../../../arm-none-eabi/lib/armv7e-m/fpu/fpv5-d16/libc_nano.a(lib_a-readr.o)
                0x00000000080543b8                _read_r
 .text          0x00000000080543e4       0x10 /usr/lib/gcc/arm-none-eabi/5.4.1/../../../arm-none-eabi/lib/armv7e-m/fpu/fpv5-d16/libnosys.a(close.o)
                0x00000000080543e4                _close
 .text          0x00000000080543f4       0x10 /usr/lib/gcc/arm-none-eabi/5.4.1/../../../arm-none-eabi/lib/armv7e-m/fpu/fpv5-d16/libnosys.a(fstat.o)
                0x00000000080543f4                _fstat
 .text          0x0000000008054404       0x10 /usr/lib/gcc/arm-none-eabi/5.4.1/../../../arm-none-eabi/lib/armv7e-m/fpu/fpv5-d16/libnosys.a(getpid.o)
                0x0000000008054404                _getpid
 .text          0x0000000008054414       0x10 /usr/lib/gcc/arm-none-eabi/5.4.1/../../../arm-none-eabi/lib/armv7e-m/fpu/fpv5-d16/libnosys.a(isatty.o)
                0x0000000008054414                _isatty
 .text          0x0000000008054424       0x10 /usr/lib/gcc/arm-none-eabi/5.4.1/../../../arm-none-eabi/lib/armv7e-m/fpu/fpv5-d16/libnosys.a(kill.o)
                0x0000000008054424                _kill
 .text          0x0000000008054434       0x10 /usr/lib/gcc/arm-none-eabi/5.4.1/../../../arm-none-eabi/lib/armv7e-m/fpu/fpv5-d16/libnosys.a(lseek.o)
                0x0000000008054434                _lseek
 .text          0x0000000008054444       0x10 /usr/lib/gcc/arm-none-eabi/5.4.1/../../../arm-none-eabi/lib/armv7e-m/fpu/fpv5-d16/libnosys.a(read.o)
                0x0000000008054444                _read
 .text          0x0000000008054454       0x1c /usr/lib/gcc/arm-none-eabi/5.4.1/../../../arm-none-eabi/lib/armv7e-m/fpu/fpv5-d16/libnosys.a(sbrk.o)
                0x0000000008054454                _sbrk
 .text          0x0000000008054470       0x10 /usr/lib/gcc/arm-none-eabi/5.4.1/../../../arm-none-eabi/lib/armv7e-m/fpu/fpv5-d16/libnosys.a(write.o)
                0x0000000008054470                _write
 .text          0x0000000008054480        0x4 /usr/lib/gcc/arm-none-eabi/5.4.1/../../../arm-none-eabi/lib/armv7e-m/fpu/fpv5-d16/libnosys.a(_exit.o)
                0x0000000008054480                _exit
 *fill*         0x0000000008054484        0x4 
 .text          0x0000000008054488       0xa0 /usr/lib/gcc/arm-none-eabi/5.4.1/../../../arm-none-eabi/lib/armv7e-m/fpu/fpv5-d16/libm.a(lib_a-s_cos.o)
                0x0000000008054488                cos
 .text          0x0000000008054528        0xc /usr/lib/gcc/arm-none-eabi/5.4.1/../../../arm-none-eabi/lib/armv7e-m/fpu/fpv5-d16/libm.a(lib_a-s_exp10.o)
                0x0000000008054528                exp10
 .text          0x0000000008054534       0xa0 /usr/lib/gcc/arm-none-eabi/5.4.1/../../../arm-none-eabi/lib/armv7e-m/fpu/fpv5-d16/libm.a(lib_a-s_lround.o)
                0x0000000008054534                lround
 .text          0x00000000080545d4        0xc /usr/lib/gcc/arm-none-eabi/5.4.1/../../../arm-none-eabi/lib/armv7e-m/fpu/fpv5-d16/libm.a(lib_a-s_pow10.o)
                0x00000000080545d4                pow10
 .text          0x00000000080545e0       0xa0 /usr/lib/gcc/arm-none-eabi/5.4.1/../../../arm-none-eabi/lib/armv7e-m/fpu/fpv5-d16/libm.a(lib_a-s_sin.o)
                0x00000000080545e0                sin