Archive member included to satisfy reference by file (symbol)

libs/libarm_cortexM4lf_math.a(arm_fill_q15.o)
                              drivers/audio/audio_driver.o (arm_fill_q15)
libs/libarm_cortexM4lf_math.a(arm_fill_f32.o)
                              drivers/audio/audio_driver.o (arm_fill_f32)
libs/libarm_cortexM4lf_math.a(arm_copy_q15.o)
                              drivers/ui/ui_driver.o (arm_copy_q15)
libs/libarm_cortexM4lf_math.a(arm_copy_f32.o)
                              drivers/audio/audio_driver.o (arm_copy_f32)
libs/libarm_cortexM4lf_math.a(arm_min_q15.o)
                              drivers/ui/ui_driver.o (arm_min_q15)
libs/libarm_cortexM4lf_math.a(arm_min_f32.o)
                              drivers/audio/audio_driver.o (arm_min_f32)
libs/libarm_cortexM4lf_math.a(arm_mean_q15.o)
                              drivers/ui/ui_driver.o (arm_mean_q15)
libs/libarm_cortexM4lf_math.a(arm_mean_f32.o)
                              drivers/audio/audio_driver.o (arm_mean_f32)
libs/libarm_cortexM4lf_math.a(arm_max_q15.o)
                              drivers/ui/ui_driver.o (arm_max_q15)
libs/libarm_cortexM4lf_math.a(arm_max_f32.o)
                              drivers/audio/audio_driver.o (arm_max_f32)
libs/libarm_cortexM4lf_math.a(arm_rfft_init_f32.o)
                              drivers/ui/ui_driver.o (arm_rfft_init_f32)
libs/libarm_cortexM4lf_math.a(arm_rfft_f32.o)
                              drivers/ui/ui_driver.o (arm_rfft_f32)
libs/libarm_cortexM4lf_math.a(arm_cfft_radix4_init_f32.o)
                              libs/libarm_cortexM4lf_math.a(arm_rfft_init_f32.o) (arm_cfft_radix4_init_f32)
libs/libarm_cortexM4lf_math.a(arm_cfft_radix4_f32.o)
                              libs/libarm_cortexM4lf_math.a(arm_rfft_f32.o) (arm_radix4_butterfly_f32)
libs/libarm_cortexM4lf_math.a(arm_lms_norm_init_f32.o)
                              drivers/audio/audio_driver.o (arm_lms_norm_init_f32)
libs/libarm_cortexM4lf_math.a(arm_lms_norm_f32.o)
                              drivers/audio/audio_driver.o (arm_lms_norm_f32)
libs/libarm_cortexM4lf_math.a(arm_iir_lattice_f32.o)
                              drivers/audio/audio_driver.o (arm_iir_lattice_f32)
libs/libarm_cortexM4lf_math.a(arm_fir_interpolate_f32.o)
                              drivers/audio/audio_driver.o (arm_fir_interpolate_f32)
libs/libarm_cortexM4lf_math.a(arm_fir_init_f32.o)
                              drivers/ui/ui_driver.o (arm_fir_init_f32)
libs/libarm_cortexM4lf_math.a(arm_fir_f32.o)
                              drivers/audio/audio_driver.o (arm_fir_f32)
libs/libarm_cortexM4lf_math.a(arm_fir_decimate_f32.o)
                              drivers/audio/audio_driver.o (arm_fir_decimate_f32)
libs/libarm_cortexM4lf_math.a(arm_cmplx_mag_f32.o)
                              drivers/audio/audio_driver.o (arm_cmplx_mag_f32)
libs/libarm_cortexM4lf_math.a(arm_sin_f32.o)
                              drivers/ui/ui_driver.o (arm_sin_f32)
libs/libarm_cortexM4lf_math.a(arm_cos_f32.o)
                              drivers/ui/ui_driver.o (arm_cos_f32)
libs/libarm_cortexM4lf_math.a(arm_sub_f32.o)
                              drivers/audio/audio_driver.o (arm_sub_f32)
libs/libarm_cortexM4lf_math.a(arm_scale_f32.o)
                              drivers/audio/audio_driver.o (arm_scale_f32)
libs/libarm_cortexM4lf_math.a(arm_offset_f32.o)
                              drivers/audio/audio_driver.o (arm_offset_f32)
libs/libarm_cortexM4lf_math.a(arm_negate_f32.o)
                              drivers/audio/audio_driver.o (arm_negate_f32)
libs/libarm_cortexM4lf_math.a(arm_mult_f32.o)
                              drivers/audio/audio_driver.o (arm_mult_f32)
libs/libarm_cortexM4lf_math.a(arm_add_f32.o)
                              drivers/audio/audio_driver.o (arm_add_f32)
libs/libarm_cortexM4lf_math.a(arm_common_tables.o)
                              libs/libarm_cortexM4lf_math.a(arm_cfft_radix4_init_f32.o) (armBitRevTable)
libs/libm.a(lib_a-s_cos.o)    drivers/ui/ui_driver.o (cos)
libs/libm.a(lib_a-s_pow10.o)  drivers/ui/ui_driver.o (pow10)
libs/libm.a(lib_a-s_sin.o)    drivers/ui/ui_driver.o (sin)
libs/libm.a(lib_a-sf_ceil.o)  drivers/ui/oscillator/ui_si570.o (ceilf)
libs/libm.a(lib_a-sf_floor.o)
                              drivers/ui/oscillator/ui_si570.o (floorf)
libs/libm.a(lib_a-sf_round.o)
                              drivers/ui/oscillator/ui_si570.o (roundf)
libs/libm.a(lib_a-sf_trunc.o)
                              drivers/ui/ui_driver.o (truncf)
libs/libm.a(lib_a-w_log10.o)  drivers/ui/ui_driver.o (log10)
libs/libm.a(lib_a-w_pow.o)    drivers/ui/ui_driver.o (pow)
libs/libm.a(lib_a-w_sqrt.o)   drivers/ui/ui_driver.o (sqrt)
libs/libm.a(lib_a-wf_log10.o)
                              drivers/audio/audio_driver.o (log10f)
libs/libm.a(lib_a-wf_pow.o)   drivers/audio/audio_driver.o (powf)
libs/libm.a(lib_a-wf_sincos.o)
                              drivers/audio/audio_driver.o (sincosf)
[...]
Memory Configuration

Name             Origin             Length             Attributes
rom              0x08010000         0x00070000         xr
ram              0x20000000         0x00020000         xrw
ram1             0x10000000         0x00010000         xrw
*default*        0x00000000         0xffffffff

Linker script and memory map

LOAD /usr/lib/gcc/arm-none-eabi/4.8/armv7e-m/fpu/crti.o
LOAD /usr/lib/gcc/arm-none-eabi/4.8/armv7e-m/fpu/crtbegin.o
LOAD /usr/lib/gcc/arm-none-eabi/4.8/../../../arm-none-eabi/lib/armv7e-m/fpu/crt0.o
LOAD main.o
LOAD usb/usbh/core/src/usbh_hcs.o
LOAD usb/usbh/core/src/usbh_core.o
LOAD usb/usbh/core/src/usbh_ioreq.o
LOAD usb/usbh/core/src/usbh_stdreq.o
LOAD usb/usbh/class/HID/src/usbh_hid_keybd.o
LOAD usb/usbh/class/HID/src/usbh_hid_core.o
LOAD usb/usbh/class/HID/src/usbh_hid_mouse.o
LOAD usb/otg/src/usb_core.o
LOAD usb/otg/src/usb_hcd_int.o
LOAD usb/otg/src/usb_dcd.o
LOAD usb/otg/src/usb_dcd_int.o
LOAD usb/otg/src/usb_otg.o
LOAD usb/otg/src/usb_hcd.o
LOAD usb/usbd/core/src/usbd_core.o
LOAD usb/usbd/core/src/usbd_ioreq.o
LOAD usb/usbd/core/src/usbd_req.o
LOAD usb/usbd/class/audio/src/usbd_audio_core.o
LOAD usb/usbd/class/audio/src/usbd_audio_out_if.o
LOAD usb/usbd/class/cdc/src/usbd_cdc_core.o
LOAD cmsis_lib/source/stm32f4xx_usart.o
LOAD cmsis_lib/source/misc.o
LOAD cmsis_lib/source/stm32f4xx_pwr.o
LOAD cmsis_lib/source/stm32f4xx_syscfg.o
LOAD cmsis_lib/source/stm32f4xx_gpio.o
LOAD cmsis_lib/source/stm32f4xx_wwdg.o
LOAD cmsis_lib/source/stm32f4xx_adc.o
LOAD cmsis_lib/source/stm32f4xx_exti.o
LOAD cmsis_lib/source/stm32f4xx_i2c.o
LOAD cmsis_lib/source/stm32f4xx_dac.o
LOAD cmsis_lib/source/stm32f4xx_fsmc.o
LOAD cmsis_lib/source/stm32f4xx_flash.o
LOAD cmsis_lib/source/stm32f4xx_spi.o
LOAD cmsis_lib/source/stm32f4xx_dma.o
LOAD cmsis_lib/source/stm32f4xx_rtc.o
LOAD cmsis_lib/source/stm32f4xx_tim.o
LOAD cmsis_lib/source/stm32f4xx_rcc.o
LOAD drivers/cat/cat_driver.o
LOAD drivers/cat/usb/usbd_usr.o
LOAD drivers/cat/usb/usbd_bsp.o
LOAD drivers/cat/usb/usbd_desc.o
LOAD drivers/cat/usb/usbd_cdc_vcp.o
LOAD drivers/audio/cw/cw_gen.o
LOAD drivers/audio/audio_driver.o
LOAD drivers/audio/codec/codec.o
LOAD drivers/audio/codec/i2s.o
LOAD drivers/audio/softdds/softdds.o
LOAD drivers/keyboard/usb/usbh_bsp.o
LOAD drivers/keyboard/usb/usbh_usr.o
LOAD drivers/keyboard/keyb_driver.o
LOAD drivers/ui/oscillator/ui_si570.o
LOAD drivers/ui/ui_menu.o
LOAD drivers/ui/ui_driver.o
LOAD drivers/ui/encoder/ui_rotary.o
LOAD drivers/ui/lcd/ui_lcd_hy28.o
LOAD drivers/ui/lcd/ui_lcd_hy28_fonts.o
LOAD hardware/mchf_hw_i2c2.o
LOAD hardware/mchf_hw_i2c.o
LOAD hardware/mchf_board.o
LOAD cmsis_boot/system_stm32f4xx.o
LOAD cmsis_boot/startup/startup_stm32f4xx.o
LOAD syscalls/syscalls.o
LOAD misc/v_eprom/eeprom.o
LOAD stdio/printf.o
LOAD libs/libarm_cortexM4lf_math.a
LOAD libs/libm.a
LOAD /usr/lib/gcc/arm-none-eabi/4.8/../../../arm-none-eabi/lib/armv7e-m/fpu/libg.a
LOAD /usr/lib/gcc/arm-none-eabi/4.8/../../../arm-none-eabi/lib/armv7e-m/fpu/libc.a
LOAD /usr/lib/gcc/arm-none-eabi/4.8/armv7e-m/fpu/libgcc.a
START GROUP
LOAD /usr/lib/gcc/arm-none-eabi/4.8/armv7e-m/fpu/libgcc.a
LOAD /usr/lib/gcc/arm-none-eabi/4.8/../../../arm-none-eabi/lib/armv7e-m/fpu/libc.a
END GROUP
LOAD /usr/lib/gcc/arm-none-eabi/4.8/armv7e-m/fpu/crtend.o
LOAD /usr/lib/gcc/arm-none-eabi/4.8/armv7e-m/fpu/crtn.o
                0x20020000                _eram = 0x20020000

.text           0x08010000    0x48e20
 *(.isr_vector)
 .isr_vector    0x08010000      0x188 cmsis_boot/startup/startup_stm32f4xx.o
                0x08010000                g_pfnVectors
 *(.text*)
 .text          0x08010188       0xac /usr/lib/gcc/arm-none-eabi/4.8/armv7e-m/fpu/crtbegin.o
 .text.NVIC_SystemReset
                0x08010234       0x28 main.o
 .text.CriticalError
                0x0801025c       0x14 main.o
                0x0801025c                CriticalError
 .text.NMI_Handler
                0x08010270       0x18 main.o
                0x08010270                NMI_Handler
 .text.HardFault_Handler
                0x08010288       0x18 main.o
                0x08010288                HardFault_Handler
 .text.MemManage_Handler
                0x080102a0       0x18 main.o
                0x080102a0                MemManage_Handler
 .text.BusFault_Handler
                0x080102b8       0x18 main.o
                0x080102b8                BusFault_Handler
 .text.UsageFault_Handler
                0x080102d0       0x18 main.o
                0x080102d0                UsageFault_Handler
 .text.SVC_Handler
                0x080102e8       0x18 main.o
                0x080102e8                SVC_Handler
 .text.DebugMon_Handler
                0x08010300       0x18 main.o
                0x08010300                DebugMon_Handler
 .text.SysTick_Handler
                0x08010318        0xc main.o
                0x08010318                SysTick_Handler
 .text.EXTI0_IRQHandler
                0x08010324       0x88 main.o
                0x08010324                EXTI0_IRQHandler
 .text.EXTI1_IRQHandler
                0x080103ac       0x40 main.o
                0x080103ac                EXTI1_IRQHandler
 .text.EXTI15_10_IRQHandler
                0x080103ec       0x18 main.o
                0x080103ec                EXTI15_10_IRQHandler
 .text.TransceiverStateInit
                0x08010404      0x534 main.o
                0x08010404                TransceiverStateInit
 .text.MiscInit
                0x08010938       0x20 main.o
                0x08010938                MiscInit
 .text.main     0x08010958      0x26c main.o
                0x08010958                main
 .text.USB_OTG_EnableCommonInt
                0x08010bc4       0x44 usb/otg/src/usb_core.o
 .text.USB_OTG_CoreReset
                0x08010c08       0x8c usb/otg/src/usb_core.o
 .text.USB_OTG_WritePacket
                0x08010c94       0x70 usb/otg/src/usb_core.o
                0x08010c94                USB_OTG_WritePacket
 .text.USB_OTG_ReadPacket
                0x08010d04       0x58 usb/otg/src/usb_core.o
                0x08010d04                USB_OTG_ReadPacket
 .text.USB_OTG_SelectCore
                0x08010d5c      0x174 usb/otg/src/usb_core.o
                0x08010d5c                USB_OTG_SelectCore
 .text.USB_OTG_CoreInit
                0x08010ed0      0x13c usb/otg/src/usb_core.o
                0x08010ed0                USB_OTG_CoreInit
 .text.USB_OTG_EnableGlobalInt
                0x0801100c       0x38 usb/otg/src/usb_core.o
                0x0801100c                USB_OTG_EnableGlobalInt
 .text.USB_OTG_DisableGlobalInt
                0x08011044       0x38 usb/otg/src/usb_core.o
                0x08011044                USB_OTG_DisableGlobalInt
 .text.USB_OTG_FlushTxFifo
                0x0801107c       0x74 usb/otg/src/usb_core.o
                0x0801107c                USB_OTG_FlushTxFifo
 .text.USB_OTG_FlushRxFifo
                0x080110f0       0x60 usb/otg/src/usb_core.o
                0x080110f0                USB_OTG_FlushRxFifo
 .text.USB_OTG_SetCurrentMode
                0x08011150       0x60 usb/otg/src/usb_core.o
                0x08011150                USB_OTG_SetCurrentMode
 .text.USB_OTG_GetMode
                0x080111b0       0x20 usb/otg/src/usb_core.o
                0x080111b0                USB_OTG_GetMode
 .text.USB_OTG_IsDeviceMode
                0x080111d0       0x24 usb/otg/src/usb_core.o
                0x080111d0                USB_OTG_IsDeviceMode
 .text.USB_OTG_ReadCoreItr
                0x080111f4       0x30 usb/otg/src/usb_core.o
                0x080111f4                USB_OTG_ReadCoreItr
 .text.USB_OTG_CoreInitDev
                0x08011224      0x1f4 usb/otg/src/usb_core.o
                0x08011224                USB_OTG_CoreInitDev
 .text.USB_OTG_EnableDevInt
                0x08011418       0x98 usb/otg/src/usb_core.o
                0x08011418                USB_OTG_EnableDevInt
 .text.USB_OTG_GetDeviceSpeed
                0x080114b0       0x48 usb/otg/src/usb_core.o
                0x080114b0                USB_OTG_GetDeviceSpeed
 .text.USB_OTG_EP0Activate
                0x080114f8       0x78 usb/otg/src/usb_core.o
                0x080114f8                USB_OTG_EP0Activate
 .text.USB_OTG_EPActivate
                0x08011570       0xdc usb/otg/src/usb_core.o
                0x08011570                USB_OTG_EPActivate
 .text.USB_OTG_EPDeactivate
                0x0801164c       0x8c usb/otg/src/usb_core.o
                0x0801164c                USB_OTG_EPDeactivate
 .text.USB_OTG_EPStartXfer
                0x080116d8      0x280 usb/otg/src/usb_core.o
                0x080116d8                USB_OTG_EPStartXfer
 .text.USB_OTG_EP0StartXfer
                0x08011958      0x1d4 usb/otg/src/usb_core.o
                0x08011958                USB_OTG_EP0StartXfer
 .text.USB_OTG_EPSetStall
                0x08011b2c       0x88 usb/otg/src/usb_core.o
                0x08011b2c                USB_OTG_EPSetStall
 .text.USB_OTG_EPClearStall
                0x08011bb4       0x78 usb/otg/src/usb_core.o
                0x08011bb4                USB_OTG_EPClearStall
 .text.USB_OTG_ReadDevAllOutEp_itr
                0x08011c2c       0x2c usb/otg/src/usb_core.o
                0x08011c2c                USB_OTG_ReadDevAllOutEp_itr
 .text.USB_OTG_ReadDevOutEP_itr
                0x08011c58       0x38 usb/otg/src/usb_core.o
                0x08011c58                USB_OTG_ReadDevOutEP_itr
 .text.USB_OTG_ReadDevAllInEPItr
                0x08011c90       0x2c usb/otg/src/usb_core.o
                0x08011c90                USB_OTG_ReadDevAllInEPItr
 .text.USB_OTG_EP0_OutStart
                0x08011cbc       0x70 usb/otg/src/usb_core.o
                0x08011cbc                USB_OTG_EP0_OutStart
 .text.DCD_Init
                0x08011d2c      0x104 usb/otg/src/usb_dcd.o
                0x08011d2c                DCD_Init
 .text.DCD_DeInit
                0x08011e30       0x14 usb/otg/src/usb_dcd.o
                0x08011e30                DCD_DeInit
 .text.DCD_EP_Open
                0x08011e44       0xa0 usb/otg/src/usb_dcd.o
                0x08011e44                DCD_EP_Open
 .text.DCD_EP_Close
                0x08011ee4       0x74 usb/otg/src/usb_dcd.o
                0x08011ee4                DCD_EP_Close
 .text.DCD_EP_PrepareRx
                0x08011f58       0x80 usb/otg/src/usb_dcd.o
                0x08011f58                DCD_EP_PrepareRx
 .text.DCD_EP_Tx
                0x08011fd8       0x78 usb/otg/src/usb_dcd.o
                0x08011fd8                DCD_EP_Tx
 .text.DCD_EP_Stall
                0x08012050       0x78 usb/otg/src/usb_dcd.o
                0x08012050                DCD_EP_Stall
 .text.DCD_EP_ClrStall
                0x080120c8       0x78 usb/otg/src/usb_dcd.o
                0x080120c8                DCD_EP_ClrStall
 .text.DCD_EP_SetAddress
                0x08012140       0x3c usb/otg/src/usb_dcd.o
                0x08012140                DCD_EP_SetAddress
 .text.USBD_OTG_ISR_Handler
                0x0801217c      0x15c usb/otg/src/usb_dcd_int.o
                0x0801217c                USBD_OTG_ISR_Handler
 .text.DCD_HandleResume_ISR
                0x080122d8       0x80 usb/otg/src/usb_dcd_int.o
 .text.DCD_HandleUSBSuspend_ISR
                0x08012358       0xbc usb/otg/src/usb_dcd_int.o
 .text.DCD_HandleInEP_ISR
                0x08012414      0x19c usb/otg/src/usb_dcd_int.o
 .text.DCD_HandleOutEP_ISR
                0x080125b0      0x150 usb/otg/src/usb_dcd_int.o
 .text.DCD_HandleSof_ISR
                0x08012700       0x34 usb/otg/src/usb_dcd_int.o
 .text.DCD_HandleRxStatusQueueLevel_ISR
                0x08012734      0x104 usb/otg/src/usb_dcd_int.o
 .text.DCD_WriteEmptyTxFifo
                0x08012838       0xe4 usb/otg/src/usb_dcd_int.o
 .text.DCD_HandleUsbReset_ISR
                0x0801291c      0x12c usb/otg/src/usb_dcd_int.o
 .text.DCD_HandleEnumDone_ISR
                0x08012a48       0x78 usb/otg/src/usb_dcd_int.o
 .text.DCD_IsoINIncomplete_ISR
                0x08012ac0       0x34 usb/otg/src/usb_dcd_int.o
 .text.DCD_IsoOUTIncomplete_ISR
                0x08012af4       0x34 usb/otg/src/usb_dcd_int.o
 .text.DCD_ReadDevInEP
                0x08012b28       0x50 usb/otg/src/usb_dcd_int.o
 .text.USBD_Init
                0x08012b78       0x44 usb/usbd/core/src/usbd_core.o
                0x08012b78                USBD_Init
 .text.USBD_DeInit
                0x08012bbc       0x20 usb/usbd/core/src/usbd_core.o
                0x08012bbc                USBD_DeInit
 .text.USBD_SetupStage
                0x08012bdc       0x6c usb/usbd/core/src/usbd_core.o
 .text.USBD_DataOutStage
                0x08012c48       0xd0 usb/usbd/core/src/usbd_core.o
 .text.USBD_DataInStage
                0x08012d18      0x11c usb/usbd/core/src/usbd_core.o
 .text.USBD_RunTestMode
                0x08012e34       0x24 usb/usbd/core/src/usbd_core.o
 .text.USBD_Reset
                0x08012e58       0x44 usb/usbd/core/src/usbd_core.o
 .text.USBD_Resume
                0x08012e9c       0x30 usb/usbd/core/src/usbd_core.o
 .text.USBD_Suspend
                0x08012ecc       0x30 usb/usbd/core/src/usbd_core.o
 .text.USBD_SOF
                0x08012efc       0x2c usb/usbd/core/src/usbd_core.o
 .text.USBD_SetCfg
                0x08012f28       0x30 usb/usbd/core/src/usbd_core.o
                0x08012f28                USBD_SetCfg
 .text.USBD_ClrCfg
                0x08012f58       0x28 usb/usbd/core/src/usbd_core.o
                0x08012f58                USBD_ClrCfg
 .text.USBD_IsoINIncomplete
                0x08012f80       0x20 usb/usbd/core/src/usbd_core.o
 .text.USBD_IsoOUTIncomplete
                0x08012fa0       0x20 usb/usbd/core/src/usbd_core.o
 .text.USBD_CtlSendData
                0x08012fc0       0x40 usb/usbd/core/src/usbd_ioreq.o
                0x08012fc0                USBD_CtlSendData
 .text.USBD_CtlContinueSendData
                0x08013000       0x28 usb/usbd/core/src/usbd_ioreq.o
                0x08013000                USBD_CtlContinueSendData
 .text.USBD_CtlPrepareRx
                0x08013028       0x40 usb/usbd/core/src/usbd_ioreq.o
                0x08013028                USBD_CtlPrepareRx
 .text.USBD_CtlContinueRx
                0x08013068       0x28 usb/usbd/core/src/usbd_ioreq.o
                0x08013068                USBD_CtlContinueRx
 .text.USBD_CtlSendStatus
                0x08013090       0x30 usb/usbd/core/src/usbd_ioreq.o
                0x08013090                USBD_CtlSendStatus
 .text.USBD_CtlReceiveStatus
                0x080130c0       0x30 usb/usbd/core/src/usbd_ioreq.o
                0x080130c0                USBD_CtlReceiveStatus
 .text.USBD_StdDevReq
                0x080130f0       0xa0 usb/usbd/core/src/usbd_req.o
                0x080130f0                USBD_StdDevReq
 .text.USBD_StdItfReq
                0x08013190       0x68 usb/usbd/core/src/usbd_req.o
                0x08013190                USBD_StdItfReq
 .text.USBD_StdEPReq
                0x080131f8      0x1b0 usb/usbd/core/src/usbd_req.o
                0x080131f8                USBD_StdEPReq
 .text.USBD_GetDescriptor
                0x080133a8      0x1b8 usb/usbd/core/src/usbd_req.o
 .text.USBD_SetAddress
                0x08013560       0x7c usb/usbd/core/src/usbd_req.o
 .text.USBD_SetConfig
                0x080135dc       0xf4 usb/usbd/core/src/usbd_req.o
 .text.USBD_GetConfig
                0x080136d0       0x60 usb/usbd/core/src/usbd_req.o
 .text.USBD_GetStatus
                0x08013730       0x54 usb/usbd/core/src/usbd_req.o
 .text.USBD_SetFeature
                0x08013784       0xd8 usb/usbd/core/src/usbd_req.o
 .text.USBD_ClrFeature
                0x0801385c       0x50 usb/usbd/core/src/usbd_req.o
 .text.USBD_ParseSetupRequest
                0x080138ac       0x8c usb/usbd/core/src/usbd_req.o
                0x080138ac                USBD_ParseSetupRequest
 .text.USBD_CtlError
                0x08013938       0x28 usb/usbd/core/src/usbd_req.o
                0x08013938                USBD_CtlError
 .text.USBD_GetString
                0x08013960       0x7c usb/usbd/core/src/usbd_req.o
                0x08013960                USBD_GetString
 .text.USBD_GetLen
                0x080139dc       0x30 usb/usbd/core/src/usbd_req.o
 .text.usbd_cdc_Init
                0x08013a0c       0x6c usb/usbd/class/cdc/src/usbd_cdc_core.o
 .text.usbd_cdc_DeInit
                0x08013a78       0x38 usb/usbd/class/cdc/src/usbd_cdc_core.o
 .text.usbd_cdc_Setup
                0x08013ab0      0x134 usb/usbd/class/cdc/src/usbd_cdc_core.o
 .text.usbd_cdc_EP0_RxReady
                0x08013be4       0x44 usb/usbd/class/cdc/src/usbd_cdc_core.o
 .text.usbd_cdc_DataIn
                0x08013c28       0x9c usb/usbd/class/cdc/src/usbd_cdc_core.o
 .text.usbd_cdc_DataOut
                0x08013cc4       0x4c usb/usbd/class/cdc/src/usbd_cdc_core.o
 .text.usbd_cdc_SOF
                0x08013d10       0x30 usb/usbd/class/cdc/src/usbd_cdc_core.o
 .text.Handle_USBAsynchXfer
                0x08013d40       0xd8 usb/usbd/class/cdc/src/usbd_cdc_core.o
 .text.USBD_cdc_GetCfgDesc
                0x08013e18       0x24 usb/usbd/class/cdc/src/usbd_cdc_core.o
 .text.NVIC_PriorityGroupConfig
                0x08013e3c       0x24 cmsis_lib/source/misc.o
                0x08013e3c                NVIC_PriorityGroupConfig
 .text.NVIC_Init
                0x08013e60       0xbc cmsis_lib/source/misc.o
                0x08013e60                NVIC_Init
 .text.SysTick_CLKSourceConfig
                0x08013f1c       0x38 cmsis_lib/source/misc.o
                0x08013f1c                SysTick_CLKSourceConfig
 .text.SYSCFG_EXTILineConfig
                0x08013f54       0x7c cmsis_lib/source/stm32f4xx_syscfg.o
                0x08013f54                SYSCFG_EXTILineConfig
 .text.GPIO_Init
                0x08013fd0      0x11c cmsis_lib/source/stm32f4xx_gpio.o
                0x08013fd0                GPIO_Init
 .text.GPIO_ReadInputDataBit
                0x080140ec       0x34 cmsis_lib/source/stm32f4xx_gpio.o
                0x080140ec                GPIO_ReadInputDataBit
 .text.GPIO_SetBits
                0x08014120       0x1c cmsis_lib/source/stm32f4xx_gpio.o
                0x08014120                GPIO_SetBits
 .text.GPIO_ResetBits
                0x0801413c       0x1c cmsis_lib/source/stm32f4xx_gpio.o
                0x0801413c                GPIO_ResetBits
 .text.GPIO_PinAFConfig
                0x08014158       0x8c cmsis_lib/source/stm32f4xx_gpio.o
                0x08014158                GPIO_PinAFConfig
 .text.ADC_Init
                0x080141e4       0xa8 cmsis_lib/source/stm32f4xx_adc.o
                0x080141e4                ADC_Init
 .text.ADC_StructInit
                0x0801428c       0x3c cmsis_lib/source/stm32f4xx_adc.o
                0x0801428c                ADC_StructInit
 .text.ADC_CommonInit
                0x080142c8       0x50 cmsis_lib/source/stm32f4xx_adc.o
                0x080142c8                ADC_CommonInit
 .text.ADC_Cmd  0x08014318       0x38 cmsis_lib/source/stm32f4xx_adc.o
                0x08014318                ADC_Cmd
 .text.ADC_RegularChannelConfig
                0x08014350      0x188 cmsis_lib/source/stm32f4xx_adc.o
                0x08014350                ADC_RegularChannelConfig
 .text.ADC_SoftwareStartConv
                0x080144d8       0x20 cmsis_lib/source/stm32f4xx_adc.o
                0x080144d8                ADC_SoftwareStartConv
 .text.ADC_GetConversionValue
                0x080144f8       0x1c cmsis_lib/source/stm32f4xx_adc.o
                0x080144f8                ADC_GetConversionValue
 .text.EXTI_Init
                0x08014514       0xdc cmsis_lib/source/stm32f4xx_exti.o
                0x08014514                EXTI_Init
 .text.EXTI_GetITStatus
                0x080145f0       0x48 cmsis_lib/source/stm32f4xx_exti.o
                0x080145f0                EXTI_GetITStatus
 .text.EXTI_ClearITPendingBit
                0x08014638       0x1c cmsis_lib/source/stm32f4xx_exti.o
                0x08014638                EXTI_ClearITPendingBit
 .text.I2C_DeInit
                0x08014654       0x74 cmsis_lib/source/stm32f4xx_i2c.o
                0x08014654                I2C_DeInit
 .text.I2C_Init
                0x080146c8      0x184 cmsis_lib/source/stm32f4xx_i2c.o
                0x080146c8                I2C_Init
 .text.I2C_Cmd  0x0801484c       0x40 cmsis_lib/source/stm32f4xx_i2c.o
                0x0801484c                I2C_Cmd
 .text.I2C_GenerateSTART
                0x0801488c       0x40 cmsis_lib/source/stm32f4xx_i2c.o
                0x0801488c                I2C_GenerateSTART
 .text.I2C_GenerateSTOP
                0x080148cc       0x40 cmsis_lib/source/stm32f4xx_i2c.o
                0x080148cc                I2C_GenerateSTOP
 .text.I2C_Send7bitAddress
                0x0801490c       0x3c cmsis_lib/source/stm32f4xx_i2c.o
                0x0801490c                I2C_Send7bitAddress
 .text.I2C_AcknowledgeConfig
                0x08014948       0x40 cmsis_lib/source/stm32f4xx_i2c.o
                0x08014948                I2C_AcknowledgeConfig
 .text.I2C_SoftwareResetCmd
                0x08014988       0x44 cmsis_lib/source/stm32f4xx_i2c.o
                0x08014988                I2C_SoftwareResetCmd
 .text.I2C_SendData
                0x080149cc       0x20 cmsis_lib/source/stm32f4xx_i2c.o
                0x080149cc                I2C_SendData
 .text.I2C_ReceiveData
                0x080149ec       0x1c cmsis_lib/source/stm32f4xx_i2c.o
                0x080149ec                I2C_ReceiveData
 .text.I2C_CheckEvent
                0x08014a08       0x60 cmsis_lib/source/stm32f4xx_i2c.o
                0x08014a08                I2C_CheckEvent
 .text.I2C_GetFlagStatus
                0x08014a68       0x68 cmsis_lib/source/stm32f4xx_i2c.o
                0x08014a68                I2C_GetFlagStatus
 .text.I2C_ClearFlag
                0x08014ad0       0x2c cmsis_lib/source/stm32f4xx_i2c.o
                0x08014ad0                I2C_ClearFlag
 .text.DAC_Init
                0x08014afc       0x64 cmsis_lib/source/stm32f4xx_dac.o
                0x08014afc                DAC_Init
 .text.DAC_Cmd  0x08014b60       0x48 cmsis_lib/source/stm32f4xx_dac.o
                0x08014b60                DAC_Cmd
 .text.DAC_SetChannel1Data
                0x08014ba8       0x34 cmsis_lib/source/stm32f4xx_dac.o
                0x08014ba8                DAC_SetChannel1Data
 .text.DAC_SetChannel2Data
                0x08014bdc       0x34 cmsis_lib/source/stm32f4xx_dac.o
                0x08014bdc                DAC_SetChannel2Data
 .text.FSMC_NORSRAMInit
                0x08014c10      0x134 cmsis_lib/source/stm32f4xx_fsmc.o
                0x08014c10                FSMC_NORSRAMInit
 .text.FSMC_NORSRAMCmd
                0x08014d44       0x54 cmsis_lib/source/stm32f4xx_fsmc.o
                0x08014d44                FSMC_NORSRAMCmd
 .text.FLASH_Unlock
                0x08014d98       0x2c cmsis_lib/source/stm32f4xx_flash.o
                0x08014d98                FLASH_Unlock
 .text.FLASH_Lock
                0x08014dc4       0x1c cmsis_lib/source/stm32f4xx_flash.o
                0x08014dc4                FLASH_Lock
 .text.FLASH_EraseSector
                0x08014de0       0xc0 cmsis_lib/source/stm32f4xx_flash.o
                0x08014de0                FLASH_EraseSector
 .text.FLASH_ProgramHalfWord
                0x08014ea0       0x6c cmsis_lib/source/stm32f4xx_flash.o
                0x08014ea0                FLASH_ProgramHalfWord
 .text.FLASH_GetStatus
                0x08014f0c       0x68 cmsis_lib/source/stm32f4xx_flash.o
                0x08014f0c                FLASH_GetStatus
 .text.FLASH_WaitForLastOperation
                0x08014f74       0x30 cmsis_lib/source/stm32f4xx_flash.o
                0x08014f74                FLASH_WaitForLastOperation
 .text.SPI_I2S_DeInit
                0x08014fa4       0x74 cmsis_lib/source/stm32f4xx_spi.o
                0x08014fa4                SPI_I2S_DeInit
 .text.SPI_Init
                0x08015018       0x88 cmsis_lib/source/stm32f4xx_spi.o
                0x08015018                SPI_Init
 .text.I2S_Init
                0x080150a0      0x1b0 cmsis_lib/source/stm32f4xx_spi.o
                0x080150a0                I2S_Init
 .text.SPI_Cmd  0x08015250       0x40 cmsis_lib/source/stm32f4xx_spi.o
                0x08015250                SPI_Cmd
 .text.I2S_Cmd  0x08015290       0x40 cmsis_lib/source/stm32f4xx_spi.o
                0x08015290                I2S_Cmd
 .text.I2S_FullDuplexConfig
                0x080152d0       0x9c cmsis_lib/source/stm32f4xx_spi.o
                0x080152d0                I2S_FullDuplexConfig
 .text.SPI_I2S_ReceiveData
                0x0801536c       0x1c cmsis_lib/source/stm32f4xx_spi.o
                0x0801536c                SPI_I2S_ReceiveData
 .text.SPI_I2S_SendData
                0x08015388       0x1c cmsis_lib/source/stm32f4xx_spi.o
                0x08015388                SPI_I2S_SendData
 .text.SPI_I2S_DMACmd
                0x080153a4       0x48 cmsis_lib/source/stm32f4xx_spi.o
                0x080153a4                SPI_I2S_DMACmd
 .text.SPI_I2S_GetFlagStatus
                0x080153ec       0x38 cmsis_lib/source/stm32f4xx_spi.o
                0x080153ec                SPI_I2S_GetFlagStatus
 .text.DMA_DeInit
                0x08015424      0x1a4 cmsis_lib/source/stm32f4xx_dma.o
                0x08015424                DMA_DeInit
 .text.DMA_Init
                0x080155c8       0xac cmsis_lib/source/stm32f4xx_dma.o
                0x080155c8                DMA_Init
 .text.DMA_Cmd  0x08015674       0x38 cmsis_lib/source/stm32f4xx_dma.o
                0x08015674                DMA_Cmd
 .text.DMA_GetFlagStatus
                0x080156ac       0x78 cmsis_lib/source/stm32f4xx_dma.o
                0x080156ac                DMA_GetFlagStatus
 .text.DMA_ClearFlag
                0x08015724       0x5c cmsis_lib/source/stm32f4xx_dma.o
                0x08015724                DMA_ClearFlag
 .text.DMA_ITConfig
                0x08015780       0x74 cmsis_lib/source/stm32f4xx_dma.o
                0x08015780                DMA_ITConfig
 .text.TIM_TimeBaseInit
                0x080157f4       0xd4 cmsis_lib/source/stm32f4xx_tim.o
                0x080157f4                TIM_TimeBaseInit
 .text.TIM_GetCounter
                0x080158c8       0x18 cmsis_lib/source/stm32f4xx_tim.o
                0x080158c8                TIM_GetCounter
 .text.TIM_Cmd  0x080158e0       0x40 cmsis_lib/source/stm32f4xx_tim.o
                0x080158e0                TIM_Cmd
 .text.TIM_GetITStatus
                0x08015920       0x54 cmsis_lib/source/stm32f4xx_tim.o
                0x08015920                TIM_GetITStatus
 .text.TIM_ClearITPendingBit
                0x08015974       0x20 cmsis_lib/source/stm32f4xx_tim.o
                0x08015974                TIM_ClearITPendingBit
 .text.TIM_EncoderInterfaceConfig
                0x08015994       0x8c cmsis_lib/source/stm32f4xx_tim.o
                0x08015994                TIM_EncoderInterfaceConfig
 .text.RCC_MCO2Config
                0x08015a20       0x3c cmsis_lib/source/stm32f4xx_rcc.o
                0x08015a20                RCC_MCO2Config
 .text.RCC_GetClocksFreq
                0x08015a5c      0x148 cmsis_lib/source/stm32f4xx_rcc.o
                0x08015a5c                RCC_GetClocksFreq
 .text.RCC_AHB1PeriphClockCmd
                0x08015ba4       0x3c cmsis_lib/source/stm32f4xx_rcc.o
                0x08015ba4                RCC_AHB1PeriphClockCmd
 .text.RCC_AHB2PeriphClockCmd
                0x08015be0       0x3c cmsis_lib/source/stm32f4xx_rcc.o
                0x08015be0                RCC_AHB2PeriphClockCmd
 .text.RCC_AHB3PeriphClockCmd
                0x08015c1c       0x3c cmsis_lib/source/stm32f4xx_rcc.o
                0x08015c1c                RCC_AHB3PeriphClockCmd
 .text.RCC_APB1PeriphClockCmd
                0x08015c58       0x3c cmsis_lib/source/stm32f4xx_rcc.o
                0x08015c58                RCC_APB1PeriphClockCmd
 .text.RCC_APB2PeriphClockCmd
                0x08015c94       0x3c cmsis_lib/source/stm32f4xx_rcc.o
                0x08015c94                RCC_APB2PeriphClockCmd
 .text.RCC_APB1PeriphResetCmd
                0x08015cd0       0x3c cmsis_lib/source/stm32f4xx_rcc.o
                0x08015cd0                RCC_APB1PeriphResetCmd
 .text.RCC_APB2PeriphResetCmd
                0x08015d0c       0x3c cmsis_lib/source/stm32f4xx_rcc.o
                0x08015d0c                RCC_APB2PeriphResetCmd
 .text.OTG_FS_IRQHandler
                0x08015d48       0x10 drivers/cat/cat_driver.o
                0x08015d48                OTG_FS_IRQHandler
 .text.cat_driver_init
                0x08015d58       0x34 drivers/cat/cat_driver.o
                0x08015d58                cat_driver_init
 .text.cat_driver_stop
                0x08015d8c       0x1c drivers/cat/cat_driver.o
                0x08015d8c                cat_driver_stop
 .text.USBD_USR_Init
                0x08015da8        0xc drivers/cat/usb/usbd_usr.o
                0x08015da8                USBD_USR_Init
 .text.USBD_USR_DeviceReset
                0x08015db4       0x20 drivers/cat/usb/usbd_usr.o
                0x08015db4                USBD_USR_DeviceReset
 .text.USBD_USR_DeviceConfigured
                0x08015dd4        0xc drivers/cat/usb/usbd_usr.o
                0x08015dd4                USBD_USR_DeviceConfigured
 .text.USBD_USR_DeviceSuspended
                0x08015de0        0xc drivers/cat/usb/usbd_usr.o
                0x08015de0                USBD_USR_DeviceSuspended
 .text.USBD_USR_DeviceResumed
                0x08015dec        0xc drivers/cat/usb/usbd_usr.o
                0x08015dec                USBD_USR_DeviceResumed
 .text.USBD_USR_DeviceConnected
                0x08015df8        0xc drivers/cat/usb/usbd_usr.o
                0x08015df8                USBD_USR_DeviceConnected
 .text.USBD_USR_DeviceDisconnected
                0x08015e04        0xc drivers/cat/usb/usbd_usr.o
                0x08015e04                USBD_USR_DeviceDisconnected
 .text.USBD_OTG_BSP_Init
                0x08015e10       0x50 drivers/cat/usb/usbd_bsp.o
                0x08015e10                USBD_OTG_BSP_Init
 .text.USBD_OTG_BSP_DeInit
                0x08015e60       0x4c drivers/cat/usb/usbd_bsp.o
                0x08015e60                USBD_OTG_BSP_DeInit
 .text.USBD_OTG_BSP_EnableInterrupt
                0x08015eac       0x30 drivers/cat/usb/usbd_bsp.o
                0x08015eac                USBD_OTG_BSP_EnableInterrupt
 .text.USBD_OTG_BSP_uDelay
                0x08015edc       0x48 drivers/cat/usb/usbd_bsp.o
                0x08015edc                USBD_OTG_BSP_uDelay
 .text.USBD_OTG_BSP_mDelay
                0x08015f24       0x20 drivers/cat/usb/usbd_bsp.o
                0x08015f24                USBD_OTG_BSP_mDelay
 .text.USBD_USR_DeviceDescriptor
                0x08015f44       0x24 drivers/cat/usb/usbd_desc.o
                0x08015f44                USBD_USR_DeviceDescriptor
 .text.USBD_USR_LangIDStrDescriptor
                0x08015f68       0x24 drivers/cat/usb/usbd_desc.o
                0x08015f68                USBD_USR_LangIDStrDescriptor
 .text.USBD_USR_ProductStrDescriptor
                0x08015f8c       0x40 drivers/cat/usb/usbd_desc.o
                0x08015f8c                USBD_USR_ProductStrDescriptor
 .text.USBD_USR_ManufacturerStrDescriptor
                0x08015fcc       0x28 drivers/cat/usb/usbd_desc.o
                0x08015fcc                USBD_USR_ManufacturerStrDescriptor
 .text.USBD_USR_SerialStrDescriptor
                0x08015ff4       0x40 drivers/cat/usb/usbd_desc.o
                0x08015ff4                USBD_USR_SerialStrDescriptor
 .text.USBD_USR_ConfigStrDescriptor
                0x08016034       0x3c drivers/cat/usb/usbd_desc.o
                0x08016034                USBD_USR_ConfigStrDescriptor
 .text.USBD_USR_InterfaceStrDescriptor
                0x08016070       0x3c drivers/cat/usb/usbd_desc.o
                0x08016070                USBD_USR_InterfaceStrDescriptor
 .text.VCP_Init
                0x080160ac       0x14 drivers/cat/usb/usbd_cdc_vcp.o
 .text.VCP_DeInit
                0x080160c0       0x10 drivers/cat/usb/usbd_cdc_vcp.o
 .text.VCP_Ctrl
                0x080160d0      0x1b0 drivers/cat/usb/usbd_cdc_vcp.o
 .text.VCP_DataTx
                0x08016280       0x40 drivers/cat/usb/usbd_cdc_vcp.o
 .text.VCP_DataRx
                0x080162c0       0x2c drivers/cat/usb/usbd_cdc_vcp.o
 .text.VCP_COMConfig
                0x080162ec       0x74 drivers/cat/usb/usbd_cdc_vcp.o
 .text.cw_gen_init
                0x08016360       0x58 drivers/audio/cw/cw_gen.o
                0x08016360                cw_gen_init
 .text.cw_gen_remove_click_on_rising_edge
                0x080163b8       0xb8 drivers/audio/cw/cw_gen.o
                0x080163b8                cw_gen_remove_click_on_rising_edge
 .text.cw_gen_remove_click_on_falling_edge
                0x08016470       0xc8 drivers/audio/cw/cw_gen.o
                0x08016470                cw_gen_remove_click_on_falling_edge
 .text.cw_gen_check_keyer_state
                0x08016538       0x88 drivers/audio/cw/cw_gen.o
                0x08016538                cw_gen_check_keyer_state
 .text.cw_gen_process
                0x080165c0       0x40 drivers/audio/cw/cw_gen.o
                0x080165c0                cw_gen_process
 .text.cw_gen_process_strk
                0x08016600       0xe4 drivers/audio/cw/cw_gen.o
                0x08016600                cw_gen_process_strk
 .text.cw_gen_process_iamb
                0x080166e4      0x244 drivers/audio/cw/cw_gen.o
                0x080166e4                cw_gen_process_iamb
 .text.cw_gen_dah_IRQ
                0x08016928       0x70 drivers/audio/cw/cw_gen.o
                0x08016928                cw_gen_dah_IRQ
 .text.cw_gen_dit_IRQ
                0x08016998       0x30 drivers/audio/cw/cw_gen.o
                0x08016998                cw_gen_dit_IRQ
 .text.audio_driver_init
                0x080169c8      0x1a0 drivers/audio/audio_driver.o
                0x080169c8                audio_driver_init
 .text.audio_driver_set_rx_audio_filter
                0x08016b68      0x7cc drivers/audio/audio_driver.o
                0x08016b68                audio_driver_set_rx_audio_filter
 .text.Audio_TXFilter_Init
                0x08017334       0x84 drivers/audio/audio_driver.o
                0x08017334                Audio_TXFilter_Init
 .text.Audio_Init
                0x080173b8       0x2c drivers/audio/audio_driver.o
 *fill*         0x080173e4        0x4 
 .text.audio_rx_noise_blanker
                0x080173e8      0x788 drivers/audio/audio_driver.o
 .text.audio_rx_freq_conv
                0x08017b70      0x20c drivers/audio/audio_driver.o
 *fill*         0x08017d7c        0x4 
 .text.audio_rx_agc_processor
                0x08017d80      0x3f0 drivers/audio/audio_driver.o
 .text.audio_demod_fm
                0x08018170      0xc60 drivers/audio/audio_driver.o
 .text.audio_demod_am
                0x08018dd0       0xcc drivers/audio/audio_driver.o
 .text.audio_lms_notch_filter
                0x08018e9c       0xd8 drivers/audio/audio_driver.o
 .text.audio_lms_noise_reduction
                0x08018f74      0x140 drivers/audio/audio_driver.o
 *fill*         0x080190b4        0x4 
 .text.audio_rx_processor
                0x080190b8      0x738 drivers/audio/audio_driver.o
 .text.audio_dv_rx_processor
                0x080197f0      0x518 drivers/audio/audio_driver.o
 .text.audio_tx_compressor
                0x08019d08      0x350 drivers/audio/audio_driver.o
 .text.audio_tx_processor
                0x0801a058     0x1428 drivers/audio/audio_driver.o
 .text.audio_dv_tx_processor
                0x0801b480      0x3f0 drivers/audio/audio_driver.o
 .text.I2S_RX_CallBack
                0x0801b870      0x234 drivers/audio/audio_driver.o
                0x0801b870                I2S_RX_CallBack
 .text.Codec_Init
                0x0801baa4       0x28 drivers/audio/codec/codec.o
                0x0801baa4                Codec_Init
 .text.Codec_Reset
                0x0801bacc       0xa0 drivers/audio/codec/codec.o
                0x0801bacc                Codec_Reset
 .text.Codec_RX_TX
                0x0801bb6c      0x160 drivers/audio/codec/codec.o
                0x0801bb6c                Codec_RX_TX
 .text.Codec_SidetoneSetgain
                0x0801bccc       0xf0 drivers/audio/codec/codec.o
                0x0801bccc                Codec_SidetoneSetgain
 .text.Codec_Volume
                0x0801bdbc       0x90 drivers/audio/codec/codec.o
                0x0801bdbc                Codec_Volume
 .text.Codec_Mute
                0x0801be4c       0x28 drivers/audio/codec/codec.o
                0x0801be4c                Codec_Mute
 .text.Codec_WriteRegister
                0x0801be74       0x48 drivers/audio/codec/codec.o
                0x0801be74                Codec_WriteRegister
 .text.Codec_AudioInterface_Init
                0x0801bebc       0x58 drivers/audio/codec/codec.o
                0x0801bebc                Codec_AudioInterface_Init
 .text.Codec_GPIO_Init
                0x0801bf14       0xa8 drivers/audio/codec/codec.o
                0x0801bf14                Codec_GPIO_Init
 .text.Codec_Line_Gain_Adj
                0x0801bfbc       0x28 drivers/audio/codec/codec.o
                0x0801bfbc                Codec_Line_Gain_Adj
 .text.NVIC_EnableIRQ
                0x0801bfe4       0x30 drivers/audio/codec/i2s.o
 .text.I2S_Block_Init
                0x0801c014      0x14c drivers/audio/codec/i2s.o
                0x0801c014                I2S_Block_Init
 .text.I2S_Block_Process
                0x0801c160       0xac drivers/audio/codec/i2s.o
                0x0801c160                I2S_Block_Process
 .text.DMA1_Stream2_IRQHandler
                0x0801c20c       0xe0 drivers/audio/codec/i2s.o
                0x0801c20c                DMA1_Stream2_IRQHandler
 .text.softdds_setfreq
                0x0801c2ec       0x68 drivers/audio/softdds/softdds.o
                0x0801c2ec                softdds_setfreq
 .text.softdds_runf
                0x0801c354       0xa4 drivers/audio/softdds/softdds.o
                0x0801c354                softdds_runf
 .text.USBH_OTG_BSP_TimerIRQ
                0x0801c3f8       0x44 drivers/keyboard/usb/usbh_bsp.o
                0x0801c3f8                USBH_OTG_BSP_TimerIRQ
 .text.TIM2_IRQHandler
                0x0801c43c        0xc drivers/keyboard/keyb_driver.o
                0x0801c43c                TIM2_IRQHandler
 .text.OTG_HS_IRQHandler
                0x0801c448        0xc drivers/keyboard/keyb_driver.o
                0x0801c448                OTG_HS_IRQHandler
 .text.ui_si570_setbits
                0x0801c454       0x2c drivers/ui/oscillator/ui_si570.o
 .text.ui_si570_verify_frequency
                0x0801c480       0x6c drivers/ui/oscillator/ui_si570.o
 .text.ui_si570_small_frequency_change
                0x0801c4ec       0xd8 drivers/ui/oscillator/ui_si570.o
 .text.ui_si570_large_frequency_change
                0x0801c5c4      0x15c drivers/ui/oscillator/ui_si570.o
 .text.ui_si570_is_large_change
                0x0801c720       0xb0 drivers/ui/oscillator/ui_si570.o
 .text.ui_si570_get_configuration
                0x0801c7d0      0x1fc drivers/ui/oscillator/ui_si570.o
                0x0801c7d0                ui_si570_get_configuration
 .text.ui_si570_change_frequency
                0x0801c9cc      0x324 drivers/ui/oscillator/ui_si570.o
 .text.ui_si570_set_frequency
                0x0801ccf0       0xf8 drivers/ui/oscillator/ui_si570.o
                0x0801ccf0                ui_si570_set_frequency
 .text.ui_si570_init_temp_sensor
                0x0801cde8       0x68 drivers/ui/oscillator/ui_si570.o
                0x0801cde8                ui_si570_init_temp_sensor
 .text.ui_si570_read_temp
                0x0801ce50       0x3c drivers/ui/oscillator/ui_si570.o
                0x0801ce50                ui_si570_read_temp
 .text.ui_si570_conv_temp
                0x0801ce8c       0xa4 drivers/ui/oscillator/ui_si570.o
                0x0801ce8c                ui_si570_conv_temp
 .text.ui_si570_calc_startupfrequency
                0x0801cf30      0x2d8 drivers/ui/oscillator/ui_si570.o
                0x0801cf30                ui_si570_calc_startupfrequency
 .text.UiDriverUpdateMenu
                0x0801d208     0x19fc drivers/ui/ui_menu.o
                0x0801d208                UiDriverUpdateMenu
 .text.UiDriverUpdateMenuLines
                0x0801ec04     0x3da0 drivers/ui/ui_menu.o
 .text.UiDriverUpdateConfigMenuLines
                0x080229a4     0x3ff8 drivers/ui/ui_menu.o
 .text.UiDriverMemMenu
                0x0802699c      0x2f8 drivers/ui/ui_menu.o
                0x0802699c                UiDriverMemMenu
 .text.UiDriverUpdateMemLines
                0x08026c94      0x100 drivers/ui/ui_menu.o
                0x08026c94                UiDriverUpdateMemLines
 .text.ui_driver_init
                0x08026d94      0x170 drivers/ui/ui_driver.o
                0x08026d94                ui_driver_init
 .text.ui_driver_thread
                0x08026f04      0x130 drivers/ui/ui_driver.o
                0x08026f04                ui_driver_thread
 .text.ui_driver_toggle_tx
                0x08027034      0x334 drivers/ui/ui_driver.o
                0x08027034                ui_driver_toggle_tx
 .text.UiDriverPublicsInit
                0x08027368      0x134 drivers/ui/ui_driver.o
 .text.UiDriverProcessKeyboard
                0x0802749c      0xd30 drivers/ui/ui_driver.o
 .text.UiInitRxParms
                0x080281cc       0x78 drivers/ui/ui_driver.o
 .text.UiDriverPressHoldStep
                0x08028244       0xcc drivers/ui/ui_driver.o
 .text.UiDriverProcessActiveFilterScan
                0x08028310      0x224 drivers/ui/ui_driver.o
 .text.UiDriverProcessFunctionKeyClick
                0x08028534      0x9ec drivers/ui/ui_driver.o
 .text.UiDriverShowMode
                0x08028f20      0x1bc drivers/ui/ui_driver.o
                0x08028f20                UiDriverShowMode
 .text.UiDriverShowStep
                0x080290dc      0x214 drivers/ui/ui_driver.o
                0x080290dc                UiDriverShowStep
 .text.UiDriverShowBand
                0x080292f0      0x188 drivers/ui/ui_driver.o
 .text.UiDriverChangeBandFilter
                0x08029478      0x238 drivers/ui/ui_driver.o
                0x08029478                UiDriverChangeBandFilter
 .text.UiDriverInitMainFreqDisplay
                0x080296b0      0x13c drivers/ui/ui_driver.o
 .text.UiDriverCreateDesktop
                0x080297ec      0x194 drivers/ui/ui_driver.o
 .text.UiDriverCreateFunctionButtons
                0x08029980      0x228 drivers/ui/ui_driver.o
 .text.UiDriverDrawWhiteSMeter
                0x08029ba8       0xbc drivers/ui/ui_driver.o
 .text.UiDriverDrawRedSMeter
                0x08029c64       0xbc drivers/ui/ui_driver.o
 .text.UiDriverDeleteSMeter
                0x08029d20       0x40 drivers/ui/ui_driver.o
 .text.UiDriverCreateSMeter
                0x08029d60      0x7f8 drivers/ui/ui_driver.o
 .text.UiDriverUpdateTopMeterA
                0x0802a558       0xe0 drivers/ui/ui_driver.o
 .text.UiDriverUpdateBtmMeter
                0x0802a638       0xec drivers/ui/ui_driver.o
 .text.UiDrawSpectrumScopeFrequencyBarText
                0x0802a724      0x570 drivers/ui/ui_driver.o
                0x0802a724                UiDrawSpectrumScopeFrequencyBarText
 .text.UiDriverCreateSpectrumScope
                0x0802ac94      0x62c drivers/ui/ui_driver.o
                0x0802ac94                UiDriverCreateSpectrumScope
 .text.UiDriverClearSpectrumDisplay
                0x0802b2c0       0x70 drivers/ui/ui_driver.o
                0x0802b2c0                UiDriverClearSpectrumDisplay
 .text.UiDriverInitFrequency
                0x0802b330      0x128 drivers/ui/ui_driver.o
 .text.UiDriverCheckFilter
                0x0802b458       0xb4 drivers/ui/ui_driver.o
 .text.UiDriverCheckBand
                0x0802b50c       0xbc drivers/ui/ui_driver.o
                0x0802b50c                UiDriverCheckBand
 .text.UiDriverUpdateFrequency
                0x0802b5c8      0x36c drivers/ui/ui_driver.o
                0x0802b5c8                UiDriverUpdateFrequency
 .text.UiDriverUpdateFrequencyFast
                0x0802b934      0x15c drivers/ui/ui_driver.o
                0x0802b934                UiDriverUpdateFrequencyFast
 .text.UiDriverUpdateLcdFreq
                0x0802ba90      0x63c drivers/ui/ui_driver.o
 .text.UiDriverUpdateSecondLcdFreq
                0x0802c0cc      0x518 drivers/ui/ui_driver.o
 .text.UiDriverChangeTuningStep
                0x0802c5e4       0xbc drivers/ui/ui_driver.o
                0x0802c5e4                UiDriverChangeTuningStep
 .text.UiDriverButtonCheck
                0x0802c6a0       0x5c drivers/ui/ui_driver.o
 *fill*         0x0802c6fc        0x4 
 .text.UiDriverTimeScheduler
                0x0802c700      0x8b8 drivers/ui/ui_driver.o
 .text.UiDriverChangeDemodMode
                0x0802cfb8      0x19c drivers/ui/ui_driver.o
 .text.UiDriverChangeBand
                0x0802d154      0x1d4 drivers/ui/ui_driver.o
 .text.UiDriverCheckFrequencyEncoder
                0x0802d328      0x100 drivers/ui/ui_driver.o
 .text.UiDriverCheckEncoderOne
                0x0802d428      0x234 drivers/ui/ui_driver.o
 .text.UiDriverCheckEncoderTwo
                0x0802d65c      0x3cc drivers/ui/ui_driver.o
 .text.UiDriverCheckEncoderThree
                0x0802da28      0x3c0 drivers/ui/ui_driver.o
 .text.UiDriverChangeEncoderOneMode
                0x0802dde8       0xd8 drivers/ui/ui_driver.o
 .text.UiDriverChangeEncoderTwoMode
                0x0802dec0       0x9c drivers/ui/ui_driver.o
 .text.UiDriverChangeEncoderThreeMode
                0x0802df5c       0xd8 drivers/ui/ui_driver.o
 .text.UiDriverChangeAfGain
                0x0802e034       0xa8 drivers/ui/ui_driver.o
 .text.UiDriverChangeStGain
                0x0802e0dc       0xa8 drivers/ui/ui_driver.o
                0x0802e0dc                UiDriverChangeStGain
 .text.UiDriverChangeCmpLevel
                0x0802e184       0xd4 drivers/ui/ui_driver.o
                0x0802e184                UiDriverChangeCmpLevel
 .text.UiDriverChangeDSPMode
                0x0802e258      0x1b0 drivers/ui/ui_driver.o
 .text.UiDriverChangePowerLevel
                0x0802e408       0xe8 drivers/ui/ui_driver.o
 .text.UiDriverChangeKeyerSpeed
                0x0802e4f0       0xc0 drivers/ui/ui_driver.o
                0x0802e4f0                UiDriverChangeKeyerSpeed
 .text.UIDriverChangeAudioGain
                0x0802e5b0      0x104 drivers/ui/ui_driver.o
                0x0802e5b0                UIDriverChangeAudioGain
 .text.UiDriverChangeRfGain
                0x0802e6b4      0x138 drivers/ui/ui_driver.o
                0x0802e6b4                UiDriverChangeRfGain
 .text.UiDriverChangeSigProc
                0x0802e7ec      0x1c8 drivers/ui/ui_driver.o
 .text.UiDriverChangeRit
                0x0802e9b4       0xe8 drivers/ui/ui_driver.o
 .text.UiDriverChangeFilter
                0x0802ea9c      0x268 drivers/ui/ui_driver.o
                0x0802ea9c                UiDriverChangeFilter
 .text.UiDriverDisplayFilterBW
                0x0802ed04      0x564 drivers/ui/ui_driver.o
                0x0802ed04                UiDriverDisplayFilterBW
 .text.UiDriverFFTWindowFunction
                0x0802f268      0x5f0 drivers/ui/ui_driver.o
 .text.UiDriverInitSpectrumDisplay
                0x0802f858      0x370 drivers/ui/ui_driver.o
 .text.UiDriverReDrawSpectrumDisplay
                0x0802fbc8      0xa0c drivers/ui/ui_driver.o
 *fill*         0x080305d4        0x4 
 .text.UiDriverReDrawWaterfallDisplay
                0x080305d8      0xb48 drivers/ui/ui_driver.o
 .text.UiDriverGetScopeTraceColour
                0x08031120       0xa8 drivers/ui/ui_driver.o
 .text.UiInitSpectrumScopeWaterfall
                0x080311c8       0x28 drivers/ui/ui_driver.o
 .text.UiDriverHandleSmeter
                0x080311f0      0x300 drivers/ui/ui_driver.o
 .text.UiDriverHandleLowerMeter
                0x080314f0      0xd28 drivers/ui/ui_driver.o
 .text.UiDriverHandlePowerSupply
                0x08032218      0x2a4 drivers/ui/ui_driver.o
 .text.UiDriverUpdateLoMeter
                0x080324bc       0xe0 drivers/ui/ui_driver.o
 .text.UiDriverCreateTemperatureDisplay
                0x0803259c      0x140 drivers/ui/ui_driver.o
                0x0803259c                UiDriverCreateTemperatureDisplay
 .text.UiDriverRefreshTemperatureDisplay
                0x080326dc      0x250 drivers/ui/ui_driver.o
 .text.UiDriverHandleLoTemperature
                0x0803292c      0x278 drivers/ui/ui_driver.o
 .text.UiDriverSwitchOffPtt
                0x08032ba4       0xdc drivers/ui/ui_driver.o
 .text.uiCodecMute
                0x08032c80       0x18 drivers/ui/ui_driver.o
                0x08032c80                uiCodecMute
 .text.UiDriverSetBandPowerFactor
                0x08032c98      0x28c drivers/ui/ui_driver.o
                0x08032c98                UiDriverSetBandPowerFactor
 .text.UiLCDBlankTiming
                0x08032f24       0x54 drivers/ui/ui_driver.o
                0x08032f24                UiLCDBlankTiming
 .text.UiCalcAGCDecay
                0x08032f78       0xc4 drivers/ui/ui_driver.o
                0x08032f78                UiCalcAGCDecay
 .text.UiCalcALCDecay
                0x0803303c       0x74 drivers/ui/ui_driver.o
                0x0803303c                UiCalcALCDecay
 .text.UiCalcRFGain
                0x080330b0       0x90 drivers/ui/ui_driver.o
                0x080330b0                UiCalcRFGain
 .text.UiCalcAGCVals
                0x08033140      0x118 drivers/ui/ui_driver.o
                0x08033140                UiCalcAGCVals
 .text.UiCWSidebandMode
                0x08033258       0x8c drivers/ui/ui_driver.o
                0x08033258                UiCWSidebandMode
 *fill*         0x080332e4        0x4 
 .text.UiCalcNB_AGC
                0x080332e8       0xe8 drivers/ui/ui_driver.o
                0x080332e8                UiCalcNB_AGC
 .text.UiCalcRxIqGainAdj
                0x080333d0       0xd0 drivers/ui/ui_driver.o
                0x080333d0                UiCalcRxIqGainAdj
 .text.UiCalcTxIqGainAdj
                0x080334a0       0xd4 drivers/ui/ui_driver.o
                0x080334a0                UiCalcTxIqGainAdj
 .text.UiCalcRxPhaseAdj
                0x08033574      0x880 drivers/ui/ui_driver.o
                0x08033574                UiCalcRxPhaseAdj
 .text.UiCalcTxCompLevel
                0x08033df4      0x1d8 drivers/ui/ui_driver.o
                0x08033df4                UiCalcTxCompLevel
 .text.UiCalcSubaudibleGenFreq
                0x08033fcc       0x58 drivers/ui/ui_driver.o
                0x08033fcc                UiCalcSubaudibleGenFreq
 *fill*         0x08034024        0x4 
 .text.UiCalcSubaudibleDetFreq
                0x08034028      0x3f8 drivers/ui/ui_driver.o
                0x08034028                UiCalcSubaudibleDetFreq
 .text.UiLoadToneBurstMode
                0x08034420       0x58 drivers/ui/ui_driver.o
                0x08034420                UiLoadToneBurstMode
 .text.UiLoadBeepFreq
                0x08034478       0xc8 drivers/ui/ui_driver.o
                0x08034478                UiLoadBeepFreq
 .text.UiKeyBeep
                0x08034540       0x24 drivers/ui/ui_driver.o
                0x08034540                UiKeyBeep
 .text.UiCalcTxPhaseAdj
                0x08034564      0x220 drivers/ui/ui_driver.o
                0x08034564                UiCalcTxPhaseAdj
 .text.UiDriverLoadFilterValue
                0x08034784       0x50 drivers/ui/ui_driver.o
                0x08034784                UiDriverLoadFilterValue
 .text.UiCheckForEEPROMLoadDefaultRequest
                0x080347d4      0x2a0 drivers/ui/ui_driver.o
                0x080347d4                UiCheckForEEPROMLoadDefaultRequest
 .text.UiCheckForEEPROMLoadFreqModeDefaultRequest
                0x08034a74      0x27c drivers/ui/ui_driver.o
                0x08034a74                UiCheckForEEPROMLoadFreqModeDefaultRequest
 .text.UiCheckForPressedKey
                0x08034cf0      0x344 drivers/ui/ui_driver.o
                0x08034cf0                UiCheckForPressedKey
 .text.UiDriverLoadEepromValues
                0x08035034     0x1ef8 drivers/ui/ui_driver.o
 .text.UiDriverSaveEepromValuesPowerDown
                0x08036f2c     0x1958 drivers/ui/ui_driver.o
                0x08036f2c                UiDriverSaveEepromValuesPowerDown
 .text.UiRotaryFreqEncoderInit
                0x08038884       0x8c drivers/ui/encoder/ui_rotary.o
                0x08038884                UiRotaryFreqEncoderInit
 .text.UiRotaryEncoderOneInit
                0x08038910       0x8c drivers/ui/encoder/ui_rotary.o
                0x08038910                UiRotaryEncoderOneInit
 .text.UiRotaryEncoderTwoInit
                0x0803899c       0x90 drivers/ui/encoder/ui_rotary.o
                0x0803899c                UiRotaryEncoderTwoInit
 .text.UiRotaryEncoderThreeInit
                0x08038a2c       0x8c drivers/ui/encoder/ui_rotary.o
                0x08038a2c                UiRotaryEncoderThreeInit
 .text.UiLcdHy28_Delay
                0x08038ab8       0x38 drivers/ui/lcd/ui_lcd_hy28.o
                0x08038ab8                UiLcdHy28_Delay
 .text.UiLcdHy28_BacklightInit
                0x08038af0       0x34 drivers/ui/lcd/ui_lcd_hy28.o
                0x08038af0                UiLcdHy28_BacklightInit
 .text.UiLcdHy28_SpiInit
                0x08038b24      0x10c drivers/ui/lcd/ui_lcd_hy28.o
                0x08038b24                UiLcdHy28_SpiInit
 .text.UiLcdHy28_SpiDeInit
                0x08038c30       0x78 drivers/ui/lcd/ui_lcd_hy28.o
                0x08038c30                UiLcdHy28_SpiDeInit
 .text.UiLcdHy28_ParallelInit
                0x08038ca8      0x138 drivers/ui/lcd/ui_lcd_hy28.o
                0x08038ca8                UiLcdHy28_ParallelInit
 .text.UiLcdHy28_Reset
                0x08038de0       0x3c drivers/ui/lcd/ui_lcd_hy28.o
                0x08038de0                UiLcdHy28_Reset
 .text.UiLcdHy28_FSMCConfig
                0x08038e1c       0x80 drivers/ui/lcd/ui_lcd_hy28.o
                0x08038e1c                UiLcdHy28_FSMCConfig
 .text.UiLcdHy28_SendByteSpi
                0x08038e9c       0x48 drivers/ui/lcd/ui_lcd_hy28.o
                0x08038e9c                UiLcdHy28_SendByteSpi
 .text.UiLcdHy28_ReadByteSpi
                0x08038ee4       0x74 drivers/ui/lcd/ui_lcd_hy28.o
 .text.UiLcdHy28_WriteIndexSpi
                0x08038f58       0x50 drivers/ui/lcd/ui_lcd_hy28.o
                0x08038f58                UiLcdHy28_WriteIndexSpi
 .text.UiLcdHy28_WriteDataSpi
                0x08038fa8       0x5c drivers/ui/lcd/ui_lcd_hy28.o
                0x08038fa8                UiLcdHy28_WriteDataSpi
 .text.UiLcdHy28_WriteDataSpiStart
                0x08039004        0xc drivers/ui/lcd/ui_lcd_hy28.o
                0x08039004                UiLcdHy28_WriteDataSpiStart
 .text.UiLcdHy28_WriteDataOnly
                0x08039010       0x48 drivers/ui/lcd/ui_lcd_hy28.o
                0x08039010                UiLcdHy28_WriteDataOnly
 .text.UiLcdHy28_ReadDataSpi
                0x08039058       0x6c drivers/ui/lcd/ui_lcd_hy28.o
                0x08039058                UiLcdHy28_ReadDataSpi
 .text.UiLcdHy28_WriteReg
                0x080390c4       0x50 drivers/ui/lcd/ui_lcd_hy28.o
                0x080390c4                UiLcdHy28_WriteReg
 .text.UiLcdHy28_ReadReg
                0x08039114       0x4c drivers/ui/lcd/ui_lcd_hy28.o
                0x08039114                UiLcdHy28_ReadReg
 .text.UiLcdHy28_SetCursorA
                0x08039160       0x28 drivers/ui/lcd/ui_lcd_hy28.o
 .text.UiLcdHy28_LcdClear
                0x08039188       0x9c drivers/ui/lcd/ui_lcd_hy28.o
                0x08039188                UiLcdHy28_LcdClear
 .text.UiLcdHy28_WriteRAM_Prepare
                0x08039224       0x48 drivers/ui/lcd/ui_lcd_hy28.o
                0x08039224                UiLcdHy28_WriteRAM_Prepare
 .text.UiLcdHy28_DrawStraightLine
                0x0803926c       0xd0 drivers/ui/lcd/ui_lcd_hy28.o
                0x0803926c                UiLcdHy28_DrawStraightLine
 .text.UiLcdHy28_DrawHorizLineWithGrad
                0x0803933c       0xd0 drivers/ui/lcd/ui_lcd_hy28.o
                0x0803933c                UiLcdHy28_DrawHorizLineWithGrad
 .text.UiLcdHy28_DrawEmptyRect
                0x0803940c       0x7c drivers/ui/lcd/ui_lcd_hy28.o
                0x0803940c                UiLcdHy28_DrawEmptyRect
 .text.UiLcdHy28_DrawBottomButton
                0x08039488       0x5c drivers/ui/lcd/ui_lcd_hy28.o
                0x08039488                UiLcdHy28_DrawBottomButton
 .text.UiLcdHy28_DrawFullRect
                0x080394e4      0x10c drivers/ui/lcd/ui_lcd_hy28.o
                0x080394e4                UiLcdHy28_DrawFullRect
 .text.UiLcdHy28_OpenBulkWrite
                0x080395f0       0x6c drivers/ui/lcd/ui_lcd_hy28.o
                0x080395f0                UiLcdHy28_OpenBulkWrite
 .text.UiLcdHy28_BulkWrite
                0x0803965c       0x48 drivers/ui/lcd/ui_lcd_hy28.o
                0x0803965c                UiLcdHy28_BulkWrite
 .text.UiLcdHy28_CloseBulkWrite
                0x080396a4       0x60 drivers/ui/lcd/ui_lcd_hy28.o
                0x080396a4                UiLcdHy28_CloseBulkWrite
 .text.UiLcdHy28_DrawChar
                0x08039704      0x278 drivers/ui/lcd/ui_lcd_hy28.o
                0x08039704                UiLcdHy28_DrawChar
 .text.UiLcdHy28_PrintText
                0x0803997c       0xf0 drivers/ui/lcd/ui_lcd_hy28.o
                0x0803997c                UiLcdHy28_PrintText
 .text.UiLcdHy28_DrawSpectrum_Interleaved
                0x08039a6c      0x658 drivers/ui/lcd/ui_lcd_hy28.o
                0x08039a6c                UiLcdHy28_DrawSpectrum_Interleaved
 .text.UiLcdHy28_InitA
                0x0803a0c4      0x5d8 drivers/ui/lcd/ui_lcd_hy28.o
                0x0803a0c4                UiLcdHy28_InitA
 .text.UiLcdHy28_Test
                0x0803a69c        0xc drivers/ui/lcd/ui_lcd_hy28.o
                0x0803a69c                UiLcdHy28_Test
 .text.UiLcdHy28_Init
                0x0803a6a8       0xa4 drivers/ui/lcd/ui_lcd_hy28.o
                0x0803a6a8                UiLcdHy28_Init
 .text.UiLcdHy28_ShowStartUpScreen
                0x0803a74c      0x428 drivers/ui/lcd/ui_lcd_hy28.o
                0x0803a74c                UiLcdHy28_ShowStartUpScreen
 .text.mchf_hw_i2c2_init
                0x0803ab74       0x8c hardware/mchf_hw_i2c2.o
                0x0803ab74                mchf_hw_i2c2_init
 .text.mchf_hw_i2c2_WriteRegister
                0x0803ac00      0x168 hardware/mchf_hw_i2c2.o
                0x0803ac00                mchf_hw_i2c2_WriteRegister
 .text.Write_24Cxx
                0x0803ad68      0x180 hardware/mchf_hw_i2c2.o
                0x0803ad68                Write_24Cxx
 .text.Read_24Cxx
                0x0803aee8      0x1dc hardware/mchf_hw_i2c2.o
                0x0803aee8                Read_24Cxx
 .text.WaitSR1FlagsSet
                0x0803b0c4       0x44 hardware/mchf_hw_i2c.o
 .text.WaitLineIdle
                0x0803b108       0x3c hardware/mchf_hw_i2c.o
 .text.mchf_hw_i2c_init
                0x0803b144       0x8c hardware/mchf_hw_i2c.o
                0x0803b144                mchf_hw_i2c_init
 .text.mchf_hw_i2c_reset
                0x0803b1d0       0x50 hardware/mchf_hw_i2c.o
                0x0803b1d0                mchf_hw_i2c_reset
 .text.mchf_hw_i2c_WriteRegister
                0x0803b220      0x168 hardware/mchf_hw_i2c.o
                0x0803b220                mchf_hw_i2c_WriteRegister
 .text.mchf_hw_i2c_WriteBlock
                0x0803b388      0x180 hardware/mchf_hw_i2c.o
                0x0803b388                mchf_hw_i2c_WriteBlock
 .text.mchf_hw_i2c_ReadRegister
                0x0803b508      0x1fc hardware/mchf_hw_i2c.o
                0x0803b508                mchf_hw_i2c_ReadRegister
 .text.mchf_hw_i2c_ReadData
                0x0803b704      0x2cc hardware/mchf_hw_i2c.o
                0x0803b704                mchf_hw_i2c_ReadData
 .text.NVIC_SetPriority
                0x0803b9d0       0x54 hardware/mchf_board.o
 .text.SysTick_Config
                0x0803ba24       0x44 hardware/mchf_board.o
 .text.mchf_board_led_init
                0x0803ba68       0x40 hardware/mchf_board.o
 .text.mchf_board_debug_init
                0x0803baa8        0xc hardware/mchf_board.o
 .text.mchf_board_keypad_init
                0x0803bab4       0x4c hardware/mchf_board.o
 .text.mchf_board_ptt_init
                0x0803bb00       0x30 hardware/mchf_board.o
 .text.mchf_board_keyer_irq_init
                0x0803bb30       0xc8 hardware/mchf_board.o
 .text.mchf_board_power_button_irq_init
                0x0803bbf8       0x74 hardware/mchf_board.o
 .text.mchf_board_dac0_init
                0x0803bc6c       0x60 hardware/mchf_board.o
 .text.mchf_board_dac1_init
                0x0803bccc       0x60 hardware/mchf_board.o
 .text.mchf_board_adc1_init
                0x0803bd2c       0x9c hardware/mchf_board.o
 .text.mchf_board_adc2_init
                0x0803bdc8       0x9c hardware/mchf_board.o
 .text.mchf_board_adc3_init
                0x0803be64       0x9c hardware/mchf_board.o
 .text.mchf_board_power_down_init
                0x0803bf00       0x38 hardware/mchf_board.o
 .text.mchf_board_band_cntr_init
                0x0803bf38       0x48 hardware/mchf_board.o
 .text.mchf_board_set_system_tick_value
                0x0803bf80       0x30 hardware/mchf_board.o
 .text.mchf_board_green_led
                0x0803bfb0       0x44 hardware/mchf_board.o
                0x0803bfb0                mchf_board_green_led
 .text.mchf_board_power_off
                0x0803bff4      0x220 hardware/mchf_board.o
                0x0803bff4                mchf_board_power_off
 .text.mchf_board_init
                0x0803c214       0x78 hardware/mchf_board.o
                0x0803c214                mchf_board_init
 .text.mchf_board_post_init
                0x0803c28c       0x18 hardware/mchf_board.o
                0x0803c28c                mchf_board_post_init
 .text.Read_EEPROM
                0x0803c2a4       0x48 hardware/mchf_board.o
                0x0803c2a4                Read_EEPROM
 .text.Write_EEPROM
                0x0803c2ec       0x58 hardware/mchf_board.o
                0x0803c2ec                Write_EEPROM
 .text.Read_SerEEPROM
                0x0803c344       0x7c hardware/mchf_board.o
                0x0803c344                Read_SerEEPROM
 .text.Write_SerEEPROM
                0x0803c3c0       0x60 hardware/mchf_board.o
                0x0803c3c0                Write_SerEEPROM
 .text.copy_virt2ser
                0x0803c420       0x48 hardware/mchf_board.o
                0x0803c420                copy_virt2ser
 .text.verify_servirt
                0x0803c468       0x5c hardware/mchf_board.o
                0x0803c468                verify_servirt
 .text.SystemInit
                0x0803c4c4       0x6c cmsis_boot/system_stm32f4xx.o
                0x0803c4c4                SystemInit
 .text.SetSysClock
                0x0803c530      0x140 cmsis_boot/system_stm32f4xx.o
 .text.Default_Reset_Handler
                0x0803c670       0x5c cmsis_boot/startup/startup_stm32f4xx.o
                0x0803c670                Reset_Handler
                0x0803c670                Default_Reset_Handler
 .text.Default_Handler
                0x0803c6cc        0x8 cmsis_boot/startup/startup_stm32f4xx.o
                0x0803c6cc                RTC_Alarm_IRQHandler
                0x0803c6cc                HASH_RNG_IRQHandler
                0x0803c6cc                EXTI2_IRQHandler
                0x0803c6cc                TIM8_CC_IRQHandler
                0x0803c6cc                TIM1_CC_IRQHandler
                0x0803c6cc                DMA2_Stream5_IRQHandler
                0x0803c6cc                DMA1_Stream5_IRQHandler
                0x0803c6cc                PVD_IRQHandler
                0x0803c6cc                SDIO_IRQHandler
                0x0803c6cc                TAMP_STAMP_IRQHandler
                0x0803c6cc                PendSV_Handler
                0x0803c6cc                CAN2_RX1_IRQHandler
                0x0803c6cc                EXTI3_IRQHandler
                0x0803c6cc                TIM8_TRG_COM_TIM14_IRQHandler
                0x0803c6cc                TIM1_UP_TIM10_IRQHandler
                0x0803c6cc                TIM8_UP_TIM13_IRQHandler
                0x0803c6cc                I2C3_ER_IRQHandler
                0x0803c6cc                I2C2_EV_IRQHandler
                0x0803c6cc                CAN1_RX0_IRQHandler
                0x0803c6cc                FPU_IRQHandler
                0x0803c6cc                OTG_HS_WKUP_IRQHandler
                0x0803c6cc                CAN2_SCE_IRQHandler
                0x0803c6cc                DMA2_Stream2_IRQHandler
                0x0803c6cc                SPI1_IRQHandler
                0x0803c6cc                TIM6_DAC_IRQHandler
                0x0803c6cc                TIM1_BRK_TIM9_IRQHandler
                0x0803c6cc                DCMI_IRQHandler
                0x0803c6cc                CAN2_RX0_IRQHandler
                0x0803c6cc                DMA2_Stream3_IRQHandler
                0x0803c6cc                USART6_IRQHandler
                0x0803c6cc                USART3_IRQHandler
                0x0803c6cc                CRYP_IRQHandler
                0x0803c6cc                CAN1_RX1_IRQHandler
                0x0803c6cc                UART5_IRQHandler
                0x0803c6cc                DMA2_Stream0_IRQHandler
                0x0803c6cc                TIM4_IRQHandler
                0x0803c6cc                I2C1_EV_IRQHandler
                0x0803c6cc                DMA1_Stream6_IRQHandler
                0x0803c6cc                DMA1_Stream1_IRQHandler
                0x0803c6cc                UART4_IRQHandler
                0x0803c6cc                TIM3_IRQHandler
                0x0803c6cc                RCC_IRQHandler
                0x0803c6cc                TIM8_BRK_TIM12_IRQHandler
                0x0803c6cc                ADC_IRQHandler
                0x0803c6cc                DMA1_Stream7_IRQHandler
                0x0803c6cc                TIM7_IRQHandler
                0x0803c6cc                CAN2_TX_IRQHandler
                0x0803c6cc                TIM5_IRQHandler
                0x0803c6cc                DMA2_Stream7_IRQHandler
                0x0803c6cc                I2C3_EV_IRQHandler
                0x0803c6cc                EXTI9_5_IRQHandler
                0x0803c6cc                RTC_WKUP_IRQHandler
                0x0803c6cc                ETH_WKUP_IRQHandler
                0x0803c6cc                SPI2_IRQHandler
                0x0803c6cc                OTG_HS_EP1_IN_IRQHandler
                0x0803c6cc                DMA1_Stream0_IRQHandler
                0x0803c6cc                CAN1_TX_IRQHandler
                0x0803c6cc                EXTI4_IRQHandler
                0x0803c6cc                FSMC_IRQHandler
                0x0803c6cc                ETH_IRQHandler
                0x0803c6cc                OTG_HS_EP1_OUT_IRQHandler
                0x0803c6cc                WWDG_IRQHandler
                0x0803c6cc                OTG_FS_WKUP_IRQHandler
                0x0803c6cc                TIM1_TRG_COM_TIM11_IRQHandler
                0x0803c6cc                USART2_IRQHandler
                0x0803c6cc                I2C2_ER_IRQHandler
                0x0803c6cc                DMA2_Stream1_IRQHandler
                0x0803c6cc                CAN1_SCE_IRQHandler
                0x0803c6cc                FLASH_IRQHandler
                0x0803c6cc                DMA2_Stream4_IRQHandler
                0x0803c6cc                USART1_IRQHandler
                0x0803c6cc                SPI3_IRQHandler
                0x0803c6cc                DMA1_Stream4_IRQHandler
                0x0803c6cc                I2C1_ER_IRQHandler
                0x0803c6cc                DMA2_Stream6_IRQHandler
                0x0803c6cc                DMA1_Stream3_IRQHandler
 .text.EE_InitA
                0x0803c6d4      0x2a4 misc/v_eprom/eeprom.o
                0x0803c6d4                EE_InitA
 .text.EE_Init  0x0803c978       0x20 misc/v_eprom/eeprom.o
                0x0803c978                EE_Init
 .text.EE_ReadVariable
                0x0803c998       0x94 misc/v_eprom/eeprom.o
                0x0803c998                EE_ReadVariable
 .text.EE_WriteVariable
                0x0803ca2c       0x4c misc/v_eprom/eeprom.o
                0x0803ca2c                EE_WriteVariable
 .text.EE_Format
                0x0803ca78       0x50 misc/v_eprom/eeprom.o
 .text.EE_FindValidPage
                0x0803cac8       0x8c misc/v_eprom/eeprom.o
 .text.EE_VerifyPageFullWriteVariable
                0x0803cb54       0xac misc/v_eprom/eeprom.o
 .text.EE_PageTransfer
                0x0803cc00      0x138 misc/v_eprom/eeprom.o
 .text.PrintChar
                0x0803cd38       0x14 stdio/printf.o
                0x0803cd38                PrintChar
 .text.PutChar  0x0803cd4c       0x20 stdio/printf.o
                0x0803cd4c                PutChar
 .text.PutString
                0x0803cd6c       0x3c stdio/printf.o
                0x0803cd6c                PutString
 .text.PutUnsignedInt
                0x0803cda8       0xa0 stdio/printf.o
                0x0803cda8                PutUnsignedInt
 .text.PutSignedInt
                0x0803ce48       0xfc stdio/printf.o
                0x0803ce48                PutSignedInt
 .text.PutHexa  0x0803cf44       0xd4 stdio/printf.o
                0x0803cf44                PutHexa
 .text.vsnprintf
                0x0803d018      0x254 stdio/printf.o
                0x0803d018                vsnprintf
 .text.vsprintf
                0x0803d26c       0x24 stdio/printf.o
                0x0803d26c                vsprintf
 .text.vfprintf
                0x0803d290       0x80 stdio/printf.o
                0x0803d290                vfprintf
 .text.vprintf  0x0803d310       0x28 stdio/printf.o
                0x0803d310                vprintf
 .text.printf   0x0803d338       0x28 stdio/printf.o
                0x0803d338                printf
 .text.sprintf  0x0803d360       0x2c stdio/printf.o
                0x0803d360                sprintf
 .text.fputc    0x0803d38c       0x40 stdio/printf.o
                0x0803d38c                fputc
 .text.fputs    0x0803d3cc       0x48 stdio/printf.o
                0x0803d3cc                fputs
 .text.arm_fill_q15
                0x0803d414       0xe4 libs/libarm_cortexM4lf_math.a(arm_fill_q15.o)
                0x0803d414                arm_fill_q15
 .text.arm_fill_f32
                0x0803d4f8      0x108 libs/libarm_cortexM4lf_math.a(arm_fill_f32.o)
                0x0803d4f8                arm_fill_f32
 .text.arm_copy_q15
                0x0803d600      0x21c libs/libarm_cortexM4lf_math.a(arm_copy_q15.o)
                0x0803d600                arm_copy_q15
 .text.arm_copy_f32
                0x0803d81c      0x158 libs/libarm_cortexM4lf_math.a(arm_copy_f32.o)
                0x0803d81c                arm_copy_f32
 .text.arm_min_q15
                0x0803d974       0xe4 libs/libarm_cortexM4lf_math.a(arm_min_q15.o)
                0x0803d974                arm_min_q15
 .text.arm_min_f32
                0x0803da58      0x15c libs/libarm_cortexM4lf_math.a(arm_min_f32.o)
                0x0803da58                arm_min_f32
 .text.arm_mean_q15
                0x0803dbb4      0x194 libs/libarm_cortexM4lf_math.a(arm_mean_q15.o)
                0x0803dbb4                arm_mean_q15
 .text.arm_mean_f32
                0x0803dd48      0x1c8 libs/libarm_cortexM4lf_math.a(arm_mean_f32.o)
                0x0803dd48                arm_mean_f32
 .text.arm_max_q15
                0x0803df10       0xe4 libs/libarm_cortexM4lf_math.a(arm_max_q15.o)
                0x0803df10                arm_max_q15
 .text.arm_max_f32
                0x0803dff4      0x15c libs/libarm_cortexM4lf_math.a(arm_max_f32.o)
                0x0803dff4                arm_max_f32
 .text.arm_rfft_init_f32
                0x0803e150       0x78 libs/libarm_cortexM4lf_math.a(arm_rfft_init_f32.o)
                0x0803e150                arm_rfft_init_f32
 .text.arm_split_rfft_f32
                0x0803e1c8      0x218 libs/libarm_cortexM4lf_math.a(arm_rfft_f32.o)
                0x0803e1c8                arm_split_rfft_f32
 .text.arm_split_rifft_f32
                0x0803e3e0      0x160 libs/libarm_cortexM4lf_math.a(arm_rfft_f32.o)
                0x0803e3e0                arm_split_rifft_f32
 .text.arm_rfft_f32
                0x0803e540       0x88 libs/libarm_cortexM4lf_math.a(arm_rfft_f32.o)
                0x0803e540                arm_rfft_f32
 .text.arm_cfft_radix4_init_f32
                0x0803e5c8       0x94 libs/libarm_cortexM4lf_math.a(arm_cfft_radix4_init_f32.o)
                0x0803e5c8                arm_cfft_radix4_init_f32
 .text.arm_radix4_butterfly_f32
                0x0803e65c      0x3b0 libs/libarm_cortexM4lf_math.a(arm_cfft_radix4_f32.o)
                0x0803e65c                arm_radix4_butterfly_f32
 .text.arm_radix4_butterfly_inverse_f32
                0x0803ea0c      0x3d0 libs/libarm_cortexM4lf_math.a(arm_cfft_radix4_f32.o)
                0x0803ea0c                arm_radix4_butterfly_inverse_f32
 .text.arm_bitreversal_f32
                0x0803eddc       0xfc libs/libarm_cortexM4lf_math.a(arm_cfft_radix4_f32.o)
                0x0803eddc                arm_bitreversal_f32
 .text.arm_lms_norm_init_f32
                0x0803eed8       0x38 libs/libarm_cortexM4lf_math.a(arm_lms_norm_init_f32.o)
                0x0803eed8                arm_lms_norm_init_f32
 .text.arm_lms_norm_f32
                0x0803ef10      0x620 libs/libarm_cortexM4lf_math.a(arm_lms_norm_f32.o)
                0x0803ef10                arm_lms_norm_f32
 .text.arm_iir_lattice_f32
                0x0803f530      0x3e0 libs/libarm_cortexM4lf_math.a(arm_iir_lattice_f32.o)
                0x0803f530                arm_iir_lattice_f32
 .text.arm_fir_interpolate_f32
                0x0803f910      0x44c libs/libarm_cortexM4lf_math.a(arm_fir_interpolate_f32.o)
                0x0803f910                arm_fir_interpolate_f32
 .text.arm_fir_init_f32
                0x0803fd5c       0x24 libs/libarm_cortexM4lf_math.a(arm_fir_init_f32.o)
                0x0803fd5c                arm_fir_init_f32
 .text.arm_fir_f32
                0x0803fd80      0x498 libs/libarm_cortexM4lf_math.a(arm_fir_f32.o)
                0x0803fd80                arm_fir_f32
 .text.arm_fir_decimate_f32
                0x08040218      0x3e0 libs/libarm_cortexM4lf_math.a(arm_fir_decimate_f32.o)
                0x08040218                arm_fir_decimate_f32
 .text.arm_cmplx_mag_f32
                0x080405f8      0x3b8 libs/libarm_cortexM4lf_math.a(arm_cmplx_mag_f32.o)
                0x080405f8                arm_cmplx_mag_f32
 .text.arm_sin_f32
                0x080409b0       0xd0 libs/libarm_cortexM4lf_math.a(arm_sin_f32.o)
                0x080409b0                arm_sin_f32
 .text.arm_cos_f32
                0x08040a80       0xd0 libs/libarm_cortexM4lf_math.a(arm_cos_f32.o)
                0x08040a80                arm_cos_f32
 .text.arm_sub_f32
                0x08040b50      0x214 libs/libarm_cortexM4lf_math.a(arm_sub_f32.o)
                0x08040b50                arm_sub_f32
 .text.arm_scale_f32
                0x08040d64      0x274 libs/libarm_cortexM4lf_math.a(arm_scale_f32.o)
                0x08040d64                arm_scale_f32
 .text.arm_offset_f32
                0x08040fd8      0x274 libs/libarm_cortexM4lf_math.a(arm_offset_f32.o)
                0x08040fd8                arm_offset_f32
 .text.arm_negate_f32
                0x0804124c      0x268 libs/libarm_cortexM4lf_math.a(arm_negate_f32.o)
                0x0804124c                arm_negate_f32
 .text.arm_mult_f32
                0x080414b4      0x214 libs/libarm_cortexM4lf_math.a(arm_mult_f32.o)
                0x080414b4                arm_mult_f32
 .text.arm_add_f32
                0x080416c8      0x214 libs/libarm_cortexM4lf_math.a(arm_add_f32.o)
                0x080416c8                arm_add_f32
 *fill*         0x080418dc        0x4 
 .text.cos      0x080418e0       0xb0 libs/libm.a(lib_a-s_cos.o)
                0x080418e0                cos
 .text.pow10    0x08041990       0x18 libs/libm.a(lib_a-s_pow10.o)
                0x08041990                pow10
 .text.sin      0x080419a8       0xb8 libs/libm.a(lib_a-s_sin.o)
                0x080419a8                sin
 .text.ceilf    0x08041a60       0x94 libs/libm.a(lib_a-sf_ceil.o)
                0x08041a60                ceilf
 .text.floorf   0x08041af4       0x9c libs/libm.a(lib_a-sf_floor.o)
                0x08041af4                floorf
 .text.roundf   0x08041b90       0x5c libs/libm.a(lib_a-sf_round.o)
                0x08041b90                roundf
 .text.truncf   0x08041bec       0x34 libs/libm.a(lib_a-sf_trunc.o)
                0x08041bec                truncf
 .text.log10    0x08041c20      0x10c libs/libm.a(lib_a-w_log10.o)
                0x08041c20                log10
 .text.pow      0x08041d2c      0x370 libs/libm.a(lib_a-w_pow.o)
                0x08041d2c                pow
 .text.sqrt     0x0804209c       0xbc libs/libm.a(lib_a-w_sqrt.o)
                0x0804209c                sqrt
 .text.log10f   0x08042158       0xf8 libs/libm.a(lib_a-wf_log10.o)
                0x08042158                log10f
 .text.powf     0x08042250      0x39c libs/libm.a(lib_a-wf_pow.o)
                0x08042250                powf
 .text.sincosf  0x080425ec       0x28 libs/libm.a(lib_a-wf_sincos.o)
                0x080425ec                sincosf
 .text.sqrtf    0x08042614       0xb4 libs/libm.a(lib_a-wf_sqrt.o)
                0x08042614                sqrtf
 .text.__ieee754_log10
                0x080426c8      0x138 libs/libm.a(lib_a-e_log10.o)
                0x080426c8                __ieee754_log10
 .text.__ieee754_pow
                0x08042800      0xb90 libs/libm.a(lib_a-e_pow.o)
                0x08042800                __ieee754_pow
 .text.__ieee754_rem_pio2
                0x08043390      0x478 libs/libm.a(lib_a-e_rem_pio2.o)
                0x08043390                __ieee754_rem_pio2
 .text.__ieee754_sqrt
                0x08043808      0x1c4 libs/libm.a(lib_a-e_sqrt.o)
                0x08043808                __ieee754_sqrt
 .text.__ieee754_log10f
                0x080439cc       0xbc libs/libm.a(lib_a-ef_log10.o)
                0x080439cc                __ieee754_log10f
 .text.__ieee754_powf
                0x08043a88      0x600 libs/libm.a(lib_a-ef_pow.o)
                0x08043a88                __ieee754_powf
 .text.__ieee754_sqrtf
                0x08044088       0x9c libs/libm.a(lib_a-ef_sqrt.o)
                0x08044088                __ieee754_sqrtf
 *fill*         0x08044124        0x4 
 .text.__kernel_cos
                0x08044128      0x270 libs/libm.a(lib_a-k_cos.o)
                0x08044128                __kernel_cos
 .text.__kernel_rem_pio2
                0x08044398      0x808 libs/libm.a(lib_a-k_rem_pio2.o)
                0x08044398                __kernel_rem_pio2
 .text.__kernel_sin
                0x08044ba0      0x178 libs/libm.a(lib_a-k_sin.o)
                0x08044ba0                __kernel_sin
 .text.fabs     0x08044d18       0x14 libs/libm.a(lib_a-s_fabs.o)
                0x08044d18                fabs
 .text.finite   0x08044d2c       0x14 libs/libm.a(lib_a-s_finite.o)
                0x08044d2c                finite
 .text.floor    0x08044d40      0x150 libs/libm.a(lib_a-s_floor.o)
                0x08044d40                floor
 .text.__fpclassifyd
                0x08044e90       0x70 libs/libm.a(lib_a-s_fpclassify.o)
                0x08044e90                __fpclassifyd
 .text.matherr  0x08044f00        0x4 libs/libm.a(lib_a-s_matherr.o)
                0x08044f00                matherr
 *fill*         0x08044f04        0x4 
 .text.nan      0x08044f08       0x10 libs/libm.a(lib_a-s_nan.o)
                0x08044f08                nan
 .text.rint     0x08044f18      0x124 libs/libm.a(lib_a-s_rint.o)
                0x08044f18                rint
 *fill*         0x0804503c        0x4 
 .text.scalbn   0x08045040      0x120 libs/libm.a(lib_a-s_scalbn.o)
                0x08045040                scalbn
 .text.cosf     0x08045160       0x74 libs/libm.a(lib_a-sf_cos.o)
                0x08045160                cosf
 .text.fabsf    0x080451d4       0x10 libs/libm.a(lib_a-sf_fabs.o)
                0x080451d4                fabsf
 .text.finitef  0x080451e4       0x14 libs/libm.a(lib_a-sf_finite.o)
                0x080451e4                finitef
 .text.__fpclassifyf
                0x080451f8       0x5c libs/libm.a(lib_a-sf_fpclassify.o)
                0x080451f8                __fpclassifyf
 .text.nanf     0x08045254        0xc libs/libm.a(lib_a-sf_nan.o)
                0x08045254                nanf
 .text.scalbnf  0x08045260       0xcc libs/libm.a(lib_a-sf_scalbn.o)
                0x08045260                scalbnf
 .text.sinf     0x0804532c       0x78 libs/libm.a(lib_a-sf_sin.o)
                0x0804532c                sinf
 *fill*         0x080453a4        0x4 
 .text.__ieee754_log
                0x080453a8      0x428 libs/libm.a(lib_a-e_log.o)
                0x080453a8                __ieee754_log
 .text.__ieee754_logf
                0x080457d0      0x204 libs/libm.a(lib_a-ef_log.o)
                0x080457d0                __ieee754_logf
 .text.__ieee754_rem_pio2f
                0x080459d4      0x2a4 libs/libm.a(lib_a-ef_rem_pio2.o)
                0x080459d4                __ieee754_rem_pio2f
 .text.__kernel_cosf
                0x08045c78      0x104 libs/libm.a(lib_a-kf_cos.o)
                0x08045c78                __kernel_cosf
 .text.__kernel_rem_pio2f
                0x08045d7c      0x620 libs/libm.a(lib_a-kf_rem_pio2.o)
                0x08045d7c                __kernel_rem_pio2f
 .text.__kernel_sinf
                0x0804639c       0x8c libs/libm.a(lib_a-kf_sin.o)
                0x0804639c                __kernel_sinf
 .text.copysign
                0x08046428       0x24 libs/libm.a(lib_a-s_copysign.o)
                0x08046428                copysign
 .text.copysignf
                0x0804644c       0x18 libs/libm.a(lib_a-sf_copysign.o)
                0x0804644c                copysignf
 .text.atexit   0x08046464        0xc /usr/lib/gcc/arm-none-eabi/4.8/../../../arm-none-eabi/lib/armv7e-m/fpu/libg.a(lib_a-atexit.o)
                0x08046464                atexit
 .text.__errno  0x08046470        0xc /usr/lib/gcc/arm-none-eabi/4.8/../../../arm-none-eabi/lib/armv7e-m/fpu/libg.a(lib_a-errno.o)
                0x08046470                __errno
 .text.__libc_fini_array
                0x0804647c       0x30 /usr/lib/gcc/arm-none-eabi/4.8/../../../arm-none-eabi/lib/armv7e-m/fpu/libg.a(lib_a-fini.o)
                0x0804647c                __libc_fini_array
 .text.memcmp   0x080464ac       0x68 /usr/lib/gcc/arm-none-eabi/4.8/../../../arm-none-eabi/lib/armv7e-m/fpu/libg.a(lib_a-memcmp.o)
                0x080464ac                memcmp
 .text.memset   0x08046514       0x94 /usr/lib/gcc/arm-none-eabi/4.8/../../../arm-none-eabi/lib/armv7e-m/fpu/libg.a(lib_a-memset.o)
                0x08046514                memset
 .text.strlen   0x080465a8       0x5c /usr/lib/gcc/arm-none-eabi/4.8/../../../arm-none-eabi/lib/armv7e-m/fpu/libg.a(lib_a-strlen.o)
                0x080465a8                strlen
 .text.__register_exitproc
                0x08046604       0xa8 /usr/lib/gcc/arm-none-eabi/4.8/../../../arm-none-eabi/lib/armv7e-m/fpu/libg.a(lib_a-__atexit.o)
                0x08046604                __register_exitproc
 .text.startup.register_fini
                0x080466ac       0x14 /usr/lib/gcc/arm-none-eabi/4.8/../../../arm-none-eabi/lib/armv7e-m/fpu/libg.a(lib_a-__call_atexit.o)
 .text          0x080466c0      0x370 /usr/lib/gcc/arm-none-eabi/4.8/armv7e-m/fpu/libgcc.a(_arm_addsubdf3.o)
                0x080466c0                __aeabi_drsub
                0x080466c8                __aeabi_dsub
                0x080466c8                __subdf3
                0x080466cc                __adddf3
                0x080466cc                __aeabi_dadd
                0x08046944                __aeabi_ui2d
                0x08046944                __floatunsidf
                0x08046964                __floatsidf
                0x08046964                __aeabi_i2d
                0x08046988                __extendsfdf2
                0x08046988                __aeabi_f2d
                0x080469c4                __aeabi_ul2d
                0x080469c4                __floatundidf
                0x080469d4                __floatdidf
                0x080469d4                __aeabi_l2d
 .text          0x08046a30      0x424 /usr/lib/gcc/arm-none-eabi/4.8/armv7e-m/fpu/libgcc.a(_arm_muldivdf3.o)
                0x08046a30                __aeabi_dmul
                0x08046a30                __muldf3
                0x08046c84                __aeabi_ddiv
                0x08046c84                __divdf3
 .text          0x08046e54      0x110 /usr/lib/gcc/arm-none-eabi/4.8/armv7e-m/fpu/libgcc.a(_arm_cmpdf2.o)
                0x08046e54                __gtdf2
                0x08046e54                __gedf2
                0x08046e5c                __ltdf2
                0x08046e5c                __ledf2
                0x08046e64                __cmpdf2
                0x08046e64                __eqdf2
                0x08046e64                __nedf2
                0x08046ee0                __aeabi_cdrcmple
                0x08046ef0                __aeabi_cdcmple
                0x08046ef0                __aeabi_cdcmpeq
                0x08046f00                __aeabi_dcmpeq
                0x08046f14                __aeabi_dcmplt
                0x08046f28                __aeabi_dcmple
                0x08046f3c                __aeabi_dcmpge
                0x08046f50                __aeabi_dcmpgt
 .text          0x08046f64       0x50 /usr/lib/gcc/arm-none-eabi/4.8/armv7e-m/fpu/libgcc.a(_arm_fixdfsi.o)
                0x08046f64                __fixdfsi
                0x08046f64                __aeabi_d2iz
 .text          0x08046fb4       0xa0 /usr/lib/gcc/arm-none-eabi/4.8/armv7e-m/fpu/libgcc.a(_arm_truncdfsf2.o)
                0x08046fb4                __aeabi_d2f
                0x08046fb4                __truncdfsf2
 *(.init)
 .init          0x08047054        0x4 /usr/lib/gcc/arm-none-eabi/4.8/armv7e-m/fpu/crti.o
                0x08047054                _init
 .init          0x08047058        0x8 /usr/lib/gcc/arm-none-eabi/4.8/armv7e-m/fpu/crtn.o
 *(.fini)
 .fini          0x08047060        0x4 /usr/lib/gcc/arm-none-eabi/4.8/armv7e-m/fpu/crti.o
                0x08047060                _fini
 .fini          0x08047064        0x8 /usr/lib/gcc/arm-none-eabi/4.8/armv7e-m/fpu/crtn.o
 *crtbegin.o(.ctors)
 *crtbegin?.o(.ctors)
 *(EXCLUDE_FILE(*crtend.o *crtend?.o) .ctors)
 *(SORT(.ctors.*))
 *(.ctors)
 *crtbegin.o(.dtors)
 *crtbegin?.o(.dtors)
 *(EXCLUDE_FILE(*crtend.o *crtend?.o) .dtors)
 *(SORT(.dtors.*))
 *(.dtors)
 *(.rodata*)
 .rodata        0x0804706c      0x4bc main.o
                0x0804706c                VirtAddVarTab
 .rodata        0x08047528       0x10 cmsis_lib/source/stm32f4xx_rcc.o
                0x08047528                APBAHBPrescTable
 .rodata        0x08047538       0x30 drivers/cat/cat_driver.o
 .rodata        0x08047568       0x98 drivers/cat/usb/usbd_desc.o
 .rodata        0x08047600        0xc drivers/cat/usb/usbd_cdc_vcp.o
 .rodata        0x0804760c       0x80 drivers/audio/cw/cw_gen.o
                0x0804760c                sm_table
 .rodata        0x0804768c     0x1218 drivers/audio/audio_driver.o
                0x0804768c                FM_DDS_TABLE
                0x08047e8c                IIR_300hz_numStages
                0x08047e90                IIR_300hz_750_pkCoeffs
                0x08047eb8                IIR_300hz_750_pvCoeffs
                0x08047ee4                IIR_300hz_800_pkCoeffs
                0x08047f0c                IIR_300hz_800_pvCoeffs
                0x08047f38                IIR_300hz_850_pkCoeffs
                0x08047f60                IIR_300hz_850_pvCoeffs
                0x08047f8c                IIR_300hz_900_pkCoeffs
                0x08047fb4                IIR_300hz_900_pvCoeffs
                0x08047fe0                IIR_300hz_950_pkCoeffs
                0x08048008                IIR_300hz_950_pvCoeffs
                0x08048034                IIR_300hz_700_pkCoeffs
                0x0804805c                IIR_300hz_700_pvCoeffs
                0x08048088                IIR_300hz_650_pkCoeffs
                0x080480b0                IIR_300hz_650_pvCoeffs
                0x080480dc                IIR_300hz_600_pkCoeffs
                0x08048104                IIR_300hz_600_pvCoeffs
                0x08048130                IIR_300hz_550_pkCoeffs
                0x08048158                IIR_300hz_550_pvCoeffs
                0x08048184                IIR_300hz_500_pkCoeffs
                0x080481ac                IIR_300hz_500_pvCoeffs
                0x080481d8                IIR_500hz_numStages
                0x080481dc                IIR_500hz_750_pkCoeffs
                0x08048204                IIR_500hz_750_pvCoeffs
                0x08048230                IIR_500hz_850_pkCoeffs
                0x08048258                IIR_500hz_850_pvCoeffs
                0x08048284                IIR_500hz_950_pkCoeffs
                0x080482ac                IIR_500hz_950_pvCoeffs
                0x080482d8                IIR_500hz_650_pkCoeffs
                0x08048300                IIR_500hz_650_pvCoeffs
                0x0804832c                IIR_500hz_550_pkCoeffs
                0x08048354                IIR_500hz_550_pvCoeffs
                0x08048380                IIR_1k8_numStages
                0x08048384                IIR_1k8_1k425_pkCoeffs
                0x080483ac                IIR_1k8_1k425_pvCoeffs
                0x080483d8                IIR_1k8_1k275_pkCoeffs
                0x08048400                IIR_1k8_1k275_pvCoeffs
                0x0804842c                IIR_1k8_1k125_pkCoeffs
                0x08048454                IIR_1k8_1k125_pvCoeffs
                0x08048480                IIR_1k8_1k575_pkCoeffs
                0x080484a8                IIR_1k8_1k575_pvCoeffs
                0x080484d4                IIR_1k8_1k725_pkCoeffs
                0x080484fc                IIR_1k8_1k725_pvCoeffs
                0x08048528                IIR_2k3_numStages
                0x0804852c                IIR_2k3_1k412_pkCoeffs
                0x08048554                IIR_2k3_1k412_pvCoeffs
                0x08048580                IIR_2k3_1k275_pkCoeffs
                0x080485a8                IIR_2k3_1k275_pvCoeffs
                0x080485d4                IIR_2k3_1k562_pkCoeffs
                0x080485fc                IIR_2k3_1k562_pvCoeffs
                0x08048628                IIR_2k3_1k712_pkCoeffs
                0x08048650                IIR_2k3_1k712_pvCoeffs
                0x0804867c                IIR_3k6_numStages
                0x08048680                IIR_3k6_pkCoeffs
                0x080486a8                IIR_3k6_pvCoeffs
                0x080486d4                IIR_10k_numStages
                0x080486d8                IIR_10k_pkCoeffs
                0x080486f8                IIR_10k_pvCoeffs
                0x0804871c                IIR_15k_hpf_numStages
                0x08048720                IIR_15k_hpf_pkCoeffs
                0x08048738                IIR_15k_hpf_pvCoeffs
                0x08048754                IIR_TX_2k7_numStages
                0x08048758                IIR_TX_2k7_pkCoeffs
                0x08048780                IIR_TX_2k7_pvCoeffs
                0x080487ac                IIR_TX_2k7_FM_numStages
                0x080487b0                IIR_TX_2k7_FM_pkCoeffs
                0x080487d8                IIR_TX_2k7_FM_pvCoeffs
                0x08048804                FirRxDecimate
                0x08048814                FirRxDecimateMinLPF
                0x08048824                FirRxInterpolate
                0x08048864                FirRxInterpolate10KHZ
 .rodata        0x080488a4      0x800 drivers/audio/softdds/softdds.o
                0x080488a4                DDS_TABLE
 .rodata        0x080490a4       0x4c drivers/ui/oscillator/ui_si570.o
                0x080490a4                hs_div
                0x080490ac                fdco_max
                0x080490b0                fdco_min
 .rodata        0x080490f0     0x12f0 drivers/ui/ui_menu.o
 .rodata        0x0804a3e0     0x3690 drivers/ui/ui_driver.o
                0x0804a3e0                waterfall_grey
                0x0804a464                waterfall_grey_inverse
                0x0804a4e8                waterfall_cold_hot
                0x0804a56c                waterfall_blue
                0x0804a5f0                old_waterfall_cold_hot
                0x0804a674                waterfall_rainbow
                0x0804a6f8                old_waterfall_rainbow
                0x0804a77c                fm_subaudible_tone_table
                0x0804a860                q_rx_10k_coeffs
                0x0804a9c4                q_rx_10k_coeffs_minus
                0x0804ab28                q_rx_10k_coeffs_plus
                0x0804ac8c                i_rx_10k_coeffs
                0x0804adf0                q_rx_7k5_coeffs
                0x0804af54                q_rx_7k5_coeffs_minus
                0x0804b0b8                q_rx_7k5_coeffs_plus
                0x0804b21c                i_rx_7k5_coeffs
                0x0804b380                q_rx_6k_coeffs
                0x0804b4e4                q_rx_6k_coeffs_minus
                0x0804b648                q_rx_6k_coeffs_plus
                0x0804b7ac                i_rx_6k_coeffs
                0x0804b910                q_rx_5k_coeffs
                0x0804ba74                q_rx_5k_coeffs_minus
                0x0804bbd8                q_rx_5k_coeffs_plus
                0x0804bd3c                i_rx_5k_coeffs
                0x0804bea0                q_rx_3k6_coeffs
                0x0804c004                q_rx_3k6_coeffs_minus